192.168.1.45 - - [01/Dec/2024:13:31:45 +0300] "POST /tdzat HTTP/1.1" 302 6775 "https://www.example.com/" "Mozilla/5.0 (Windows NT 10.0; WOW64) AppleWebKit/537.36 (KHTML, like Gecko) Chrome/58.0.3029.110 Safari/537.36 OPR/45.0.2552.898"
192.168.1.22 - - [01/Dec/2024:13:31:45 +0300] "PUT /xdrcged HTTP/1.1" 400 995 "https://www.msn.com/" "Mozilla/5.0 (Windows NT 10.0; WOW64) AppleWebKit/537.36 (KHTML, like Gecko) Chrome/58.0.3029.110 Safari/537.36 OPR/45.0.2552.898"
192.168.1.40 - - [01/Dec/2024:13:31:45 +0300] "POST /dtjsrall HTTP/1.1" 301 8348 "https://www.google.com/" "Mozilla/5.0 (Windows NT 10.0; Win64; x64) AppleWebKit/537.36 (KHTML, like Gecko) Chrome/62.0.3202.94 Safari/537.36"
2001:db8:0:1:0:0:0:d - - [01/Dec/2024:13:31:45 +0300] "GET /vh HTTP/1.1" 301 6913 "https://www.google.com/" "Mozilla/5.0 (Windows NT 10.0; WOW64) AppleWebKit/537.36 (KHTML, like Gecko) Chrome/58.0.3029.110 Safari/537.36 OPR/45.0.2552.898"
192.168.1.10 - - [01/Dec/2024:13:31:45 +0300] "DELETE /tydvp HTTP/1.1" 400 450 "https://www.example.com/" "Mozilla/5.0 (Windows NT 10.0; Win64; x64) AppleWebKit/537.36 (KHTML, like Gecko) Chrome/62.0.3202.94 Safari/537.36"
192.168.1.22 - - [01/Dec/2024:13:31:45 +0300] "DELETE /zpsj HTTP/1.1" 204 1346 "https://www.google.com/" "Mozilla/5.0 (Windows NT 10.0; Win64; x64) AppleWebKit/537.36 (KHTML, like Gecko) Chrome/58.0.3029.110 Safari/537.36"
192.168.1.50 - - [01/Dec/2024:13:31:45 +0300] "GET /i HTTP/1.1" 400 7443 "https://www.ibm.com/" "Mozilla/5.0 (Windows NT 10.0; Win64; x64) AppleWebKit/537.36 (KHTML, like Gecko) Chrome/58.0.3029.110 Safari/537.36"
2001:db8:0:1:0:0:0:4 - - [01/Dec/2024:13:31:45 +0300] "POST /gcamskta HTTP/1.1" 400 8564 "https://www.ibm.com/" "Mozilla/5.0 (Windows NT 10.0; WOW64) AppleWebKit/537.36 (KHTML, like Gecko) Chrome/58.0.3029.110 Safari/537.36 OPR/45.0.2552.898"
192.168.1.6 - - [01/Dec/2024:13:31:45 +0300] "GET /m HTTP/1.1" 500 5326 "https://www.google.com/" "Mozilla/5.0 (Windows NT 10.0; WOW64) AppleWebKit/537.36 (KHTML, like Gecko) Chrome/58.0.3029.110 Safari/537.36 OPR/45.0.2552.898"
192.168.1.28 - - [01/Dec/2024:13:31:45 +0300] "PUT /rsuzttaxg HTTP/1.1" 400 3733 "https://www.google.com/" "Mozilla/5.0 (Windows NT 6.1; WOW64; rv:54.0) Gecko/20100101 Firefox/54.0"
192.168.1.18 - - [01/Dec/2024:13:31:45 +0300] "PUT /cqj HTTP/1.1" 204 6211 "https://www.msn.com/" "Mozilla/5.0 (Windows NT 6.1; WOW64; Trident/7.0; AS; rv:11.0) like Gecko"
2001:db8:0:1:0:0:0:5 - - [01/Dec/2024:13:31:45 +0300] "DELETE /nhmz HTTP/1.1" 500 8957 "https://www.example.com/" "Mozilla/5.0 (Windows NT 10.0; Win64; x64; rv:54.0) Gecko/20100101 Firefox/54.0"
192.168.1.10 - - [01/Dec/2024:13:31:45 +0300] "POST /w HTTP/1.1" 403 5539 "https://www.msn.com/" "Mozilla/5.0 (Windows NT 10.0; WOW64) AppleWebKit/537.36 (KHTML, like Gecko) Chrome/58.0.3029.110 Safari/537.36 OPR/45.0.2552.898"
192.168.1.44 - - [01/Dec/2024:13:31:45 +0300] "DELETE /izys HTTP/1.1" 404 1419 "https://www.example.com/" "Mozilla/5.0 (Windows NT 10.0; WOW64) AppleWebKit/537.36 (KHTML, like Gecko) Chrome/58.0.3029.110 Safari/537.36 OPR/45.0.2552.898"
2001:db8:0:1:0:0:0:a - - [01/Dec/2024:13:31:45 +0300] "PUT /ln HTTP/1.1" 204 2453 "https://www.example.com/" "Mozilla/5.0 (Windows NT 10.0; Win64; x64; rv:54.0) Gecko/20100101 Firefox/54.0"
192.168.1.11 - - [01/Dec/2024:13:31:45 +0300] "PUT /vfgwzkqp HTTP/1.1" 204 3964 "https://www.example.com/" "Mozilla/5.0 (Windows NT 10.0; Win64; x64) AppleWebKit/537.36 (KHTML, like Gecko) Chrome/58.0.3029.110 Safari/537.36"
192.168.1.2 - - [01/Dec/2024:13:31:45 +0300] "GET /l HTTP/1.1" 500 5589 "https://www.google.com/" "Mozilla/5.0 (Windows NT 10.0; Win64; x64) AppleWebKit/537.36 (KHTML, like Gecko) Chrome/62.0.3202.94 Safari/537.36"
2001:db8:0:1:0:0:0:2 - - [01/Dec/2024:13:31:45 +0300] "PUT /yyenqbdoos HTTP/1.1" 404 2606 "https://www.msn.com/" "Mozilla/5.0 (Windows NT 10.0; Win64; x64) AppleWebKit/537.36 (KHTML, like Gecko) Chrome/58.0.3029.110 Safari/537.36"
192.168.1.17 - - [01/Dec/2024:13:31:45 +0300] "POST /tczldbfwqr HTTP/1.1" 403 2312 "https://www.google.com/" "Mozilla/5.0 (Windows NT 6.1; WOW64; rv:54.0) Gecko/20100101 Firefox/54.0"
192.168.1.7 - - [01/Dec/2024:13:31:45 +0300] "DELETE /iplzeyufxg HTTP/1.1" 400 1316 "https://www.example.com/" "Mozilla/5.0 (Windows NT 10.0; WOW64) AppleWebKit/537.36 (KHTML, like Gecko) Chrome/58.0.3029.110 Safari/537.36 OPR/45.0.2552.898"
192.168.1.5 - - [01/Dec/2024:13:31:45 +0300] "GET /pnho HTTP/1.1" 500 7721 "https://www.msn.com/" "Mozilla/5.0 (Windows NT 10.0; Win64; x64) AppleWebKit/537.36 (KHTML, like Gecko) Chrome/62.0.3202.94 Safari/537.36"
192.168.1.8 - - [01/Dec/2024:13:31:45 +0300] "DELETE /vf HTTP/1.1" 404 6021 "https://www.msn.com/" "Mozilla/5.0 (Windows NT 10.0; WOW64) AppleWebKit/537.36 (KHTML, like Gecko) Chrome/58.0.3029.110 Safari/537.36 OPR/45.0.2552.898"
192.168.1.28 - - [01/Dec/2024:13:31:45 +0300] "PUT /lqtrmfnhht HTTP/1.1" 204 5227 "https://www.google.com/" "Mozilla/5.0 (Windows NT 10.0; Win64; x64) AppleWebKit/537.36 (KHTML, like Gecko) Chrome/58.0.3029.110 Safari/537.36"
2001:db8:0:1:0:0:0:e - - [01/Dec/2024:13:31:45 +0300] "GET /geo HTTP/1.1" 204 7609 "https://www.example.com/" "Mozilla/5.0 (Windows NT 6.1; WOW64; Trident/7.0; AS; rv:11.0) like Gecko"
192.168.1.30 - - [01/Dec/2024:13:31:45 +0300] "POST /lsg HTTP/1.1" 401 3386 "https://www.example.com/" "Mozilla/5.0 (Windows NT 10.0; WOW64) AppleWebKit/537.36 (KHTML, like Gecko) Chrome/58.0.3029.110 Safari/537.36 OPR/45.0.2552.898"
192.168.1.40 - - [01/Dec/2024:13:31:45 +0300] "GET /yhcn HTTP/1.1" 201 655 "https://www.example.com/" "Mozilla/5.0 (Windows NT 10.0; Win64; x64) AppleWebKit/537.36 (KHTML, like Gecko) Chrome/62.0.3202.94 Safari/537.36"
192.168.1.7 - - [01/Dec/2024:13:31:45 +0300] "PUT /sykd HTTP/1.1" 403 7019 "https://www.example.com/" "Mozilla/5.0 (Windows NT 6.1; WOW64; Trident/7.0; AS; rv:11.0) like Gecko"
192.168.1.31 - - [01/Dec/2024:13:31:45 +0300] "POST /xvolaipqnf HTTP/1.1" 200 9019 "https://www.example.com/" "Mozilla/5.0 (Windows NT 10.0; WOW64) AppleWebKit/537.36 (KHTML, like Gecko) Chrome/58.0.3029.110 Safari/537.36 OPR/45.0.2552.898"
192.168.1.34 - - [01/Dec/2024:13:31:45 +0300] "DELETE /bcjjmg HTTP/1.1" 403 3447 "https://www.msn.com/" "Mozilla/5.0 (Windows NT 10.0; Win64; x64; rv:54.0) Gecko/20100101 Firefox/54.0"
192.168.1.39 - - [01/Dec/2024:13:31:45 +0300] "POST /ogm HTTP/1.1" 500 5249 "https://www.example.com/" "Mozilla/5.0 (Windows NT 10.0; Win64; x64) AppleWebKit/537.36 (KHTML, like Gecko) Chrome/58.0.3029.110 Safari/537.36"
192.168.1.36 - - [01/Dec/2024:13:31:45 +0300] "POST /gikntzoiwt HTTP/1.1" 500 8291 "https://www.example.com/" "Mozilla/5.0 (Windows NT 6.1; WOW64; Trident/7.0; AS; rv:11.0) like Gecko"
192.168.1.30 - - [01/Dec/2024:13:31:45 +0300] "DELETE /pw HTTP/1.1" 302 1330 "https://www.ibm.com/" "Mozilla/5.0 (Windows NT 10.0; WOW64) AppleWebKit/537.36 (KHTML, like Gecko) Chrome/58.0.3029.110 Safari/537.36 OPR/45.0.2552.898"
192.168.1.3 - - [01/Dec/2024:13:31:45 +0300] "POST /lztc HTTP/1.1" 404 4941 "https://www.ibm.com/" "Mozilla/5.0 (Windows NT 6.1; WOW64; rv:54.0) Gecko/20100101 Firefox/54.0"
192.168.1.17 - - [01/Dec/2024:13:31:45 +0300] "GET /jssk HTTP/1.1" 401 3974 "https://www.msn.com/" "Mozilla/5.0 (Windows NT 6.1; WOW64; Trident/7.0; AS; rv:11.0) like Gecko"
192.168.1.33 - - [01/Dec/2024:13:31:45 +0300] "POST /lroowuvm HTTP/1.1" 200 1741 "https://www.example.com/" "Mozilla/5.0 (Windows NT 10.0; WOW64) AppleWebKit/537.36 (KHTML, like Gecko) Chrome/58.0.3029.110 Safari/537.36 OPR/45.0.2552.898"
192.168.1.50 - - [01/Dec/2024:13:31:45 +0300] "POST /jzoi HTTP/1.1" 404 1901 "https://www.msn.com/" "Mozilla/5.0 (Windows NT 10.0; WOW64) AppleWebKit/537.36 (KHTML, like Gecko) Chrome/58.0.3029.110 Safari/537.36 OPR/45.0.2552.898"
192.168.1.49 - - [01/Dec/2024:13:31:45 +0300] "DELETE /rqi HTTP/1.1" 401 6772 "https://www.google.com/" "Mozilla/5.0 (Windows NT 10.0; WOW64) AppleWebKit/537.36 (KHTML, like Gecko) Chrome/58.0.3029.110 Safari/537.36 OPR/45.0.2552.898"
2001:db8:0:1:0:0:0:6 - - [01/Dec/2024:13:31:45 +0300] "PUT /gotwxma HTTP/1.1" 403 8729 "https://www.example.com/" "Mozilla/5.0 (Windows NT 10.0; WOW64) AppleWebKit/537.36 (KHTML, like Gecko) Chrome/58.0.3029.110 Safari/537.36 OPR/45.0.2552.898"
192.168.1.28 - - [01/Dec/2024:13:31:45 +0300] "PUT /lhxhikogtk HTTP/1.1" 404 5898 "https://www.ibm.com/" "Mozilla/5.0 (Windows NT 6.1; WOW64; Trident/7.0; AS; rv:11.0) like Gecko"
192.168.1.30 - - [01/Dec/2024:13:31:45 +0300] "POST /fvt HTTP/1.1" 500 8161 "https://www.msn.com/" "Mozilla/5.0 (Windows NT 6.1; WOW64; rv:54.0) Gecko/20100101 Firefox/54.0"
2001:db8:0:1:0:0:0:5 - - [01/Dec/2024:13:31:45 +0300] "DELETE /wmdu HTTP/1.1" 301 4999 "https://www.google.com/" "Mozilla/5.0 (Windows NT 6.1; WOW64; Trident/7.0; AS; rv:11.0) like Gecko"
192.168.1.7 - - [01/Dec/2024:13:31:45 +0300] "DELETE /rwypthnphx HTTP/1.1" 200 7089 "https://www.example.com/" "Mozilla/5.0 (Windows NT 10.0; WOW64) AppleWebKit/537.36 (KHTML, like Gecko) Chrome/58.0.3029.110 Safari/537.36 OPR/45.0.2552.898"
192.168.1.29 - - [01/Dec/2024:13:31:45 +0300] "POST /pao HTTP/1.1" 500 6572 "https://www.google.com/" "Mozilla/5.0 (Windows NT 10.0; Win64; x64; rv:54.0) Gecko/20100101 Firefox/54.0"
192.168.1.13 - - [01/Dec/2024:13:31:45 +0300] "PUT /wztfds HTTP/1.1" 302 8127 "https://www.google.com/" "Mozilla/5.0 (Windows NT 6.1; WOW64; rv:54.0) Gecko/20100101 Firefox/54.0"
192.168.1.18 - - [01/Dec/2024:13:31:45 +0300] "GET /pighazrmnx HTTP/1.1" 404 3570 "https://www.example.com/" "Mozilla/5.0 (Windows NT 10.0; WOW64) AppleWebKit/537.36 (KHTML, like Gecko) Chrome/58.0.3029.110 Safari/537.36 OPR/45.0.2552.898"
2001:db8:0:1:0:0:0:8 - - [01/Dec/2024:13:31:45 +0300] "GET /fufwtjaip HTTP/1.1" 200 9889 "https://www.example.com/" "Mozilla/5.0 (Windows NT 6.1; WOW64; rv:54.0) Gecko/20100101 Firefox/54.0"
2001:db8:0:1:0:0:0:4 - - [01/Dec/2024:13:31:45 +0300] "DELETE /forpfr HTTP/1.1" 302 7257 "https://www.google.com/" "Mozilla/5.0 (Windows NT 10.0; Win64; x64) AppleWebKit/537.36 (KHTML, like Gecko) Chrome/58.0.3029.110 Safari/537.36"
192.168.1.20 - - [01/Dec/2024:13:31:45 +0300] "GET /pdpwyjz HTTP/1.1" 200 5211 "https://www.google.com/" "Mozilla/5.0 (Windows NT 10.0; Win64; x64) AppleWebKit/537.36 (KHTML, like Gecko) Chrome/58.0.3029.110 Safari/537.36"
192.168.1.13 - - [01/Dec/2024:13:31:45 +0300] "POST /uliedz HTTP/1.1" 403 5625 "https://www.example.com/" "Mozilla/5.0 (Windows NT 6.1; WOW64; Trident/7.0; AS; rv:11.0) like Gecko"
192.168.1.19 - - [01/Dec/2024:13:31:45 +0300] "POST /uipu HTTP/1.1" 403 3908 "https://www.google.com/" "Mozilla/5.0 (Windows NT 10.0; Win64; x64; rv:54.0) Gecko/20100101 Firefox/54.0"
192.168.1.36 - - [01/Dec/2024:13:31:45 +0300] "POST /pruikstlej HTTP/1.1" 302 6769 "https://www.google.com/" "Mozilla/5.0 (Windows NT 6.1; WOW64; rv:54.0) Gecko/20100101 Firefox/54.0"
192.168.1.15 - - [01/Dec/2024:13:31:45 +0300] "DELETE /uhaxlscn HTTP/1.1" 302 2180 "https://www.google.com/" "Mozilla/5.0 (Windows NT 6.1; WOW64; rv:54.0) Gecko/20100101 Firefox/54.0"
192.168.1.43 - - [01/Dec/2024:13:31:45 +0300] "GET /rfl HTTP/1.1" 301 6663 "https://www.ibm.com/" "Mozilla/5.0 (Windows NT 10.0; WOW64) AppleWebKit/537.36 (KHTML, like Gecko) Chrome/58.0.3029.110 Safari/537.36 OPR/45.0.2552.898"
192.168.1.28 - - [01/Dec/2024:13:31:45 +0300] "PUT /vaypnfccz HTTP/1.1" 404 5806 "https://www.google.com/" "Mozilla/5.0 (Windows NT 6.1; WOW64; Trident/7.0; AS; rv:11.0) like Gecko"
192.168.1.33 - - [01/Dec/2024:13:31:45 +0300] "PUT /dyzjkfzlmr HTTP/1.1" 401 7119 "https://www.google.com/" "Mozilla/5.0 (Windows NT 6.1; WOW64; rv:54.0) Gecko/20100101 Firefox/54.0"
2001:db8:0:1:0:0:0:8 - - [01/Dec/2024:13:31:45 +0300] "PUT /c HTTP/1.1" 302 1941 "https://www.ibm.com/" "Mozilla/5.0 (Windows NT 10.0; Win64; x64; rv:54.0) Gecko/20100101 Firefox/54.0"
192.168.1.7 - - [01/Dec/2024:13:31:45 +0300] "GET /ut HTTP/1.1" 403 9570 "https://www.ibm.com/" "Mozilla/5.0 (Windows NT 10.0; WOW64) AppleWebKit/537.36 (KHTML, like Gecko) Chrome/58.0.3029.110 Safari/537.36 OPR/45.0.2552.898"
192.168.1.24 - - [01/Dec/2024:13:31:45 +0300] "PUT /qopqcnopl HTTP/1.1" 401 1636 "https://www.google.com/" "Mozilla/5.0 (Windows NT 6.1; WOW64; rv:54.0) Gecko/20100101 Firefox/54.0"
2001:db8:0:1:0:0:0:c - - [01/Dec/2024:13:31:45 +0300] "PUT /imsqdte HTTP/1.1" 204 3427 "https://www.google.com/" "Mozilla/5.0 (Windows NT 10.0; Win64; x64) AppleWebKit/537.36 (KHTML, like Gecko) Chrome/58.0.3029.110 Safari/537.36"
192.168.1.12 - - [01/Dec/2024:13:31:45 +0300] "GET /ygtufrdr HTTP/1.1" 401 1530 "https://www.ibm.com/" "Mozilla/5.0 (Windows NT 10.0; Win64; x64) AppleWebKit/537.36 (KHTML, like Gecko) Chrome/58.0.3029.110 Safari/537.36"
192.168.1.48 - - [01/Dec/2024:13:31:45 +0300] "DELETE /ntdayyyprg HTTP/1.1" 302 1031 "https://www.msn.com/" "Mozilla/5.0 (Windows NT 10.0; Win64; x64) AppleWebKit/537.36 (KHTML, like Gecko) Chrome/58.0.3029.110 Safari/537.36"
192.168.1.5 - - [01/Dec/2024:13:31:45 +0300] "DELETE /dx HTTP/1.1" 400 8753 "https://www.example.com/" "Mozilla/5.0 (Windows NT 6.1; WOW64; Trident/7.0; AS; rv:11.0) like Gecko"
192.168.1.23 - - [01/Dec/2024:13:31:45 +0300] "DELETE /ihsvrsx HTTP/1.1" 302 3444 "https://www.msn.com/" "Mozilla/5.0 (Windows NT 10.0; WOW64) AppleWebKit/537.36 (KHTML, like Gecko) Chrome/58.0.3029.110 Safari/537.36 OPR/45.0.2552.898"
192.168.1.43 - - [01/Dec/2024:13:31:45 +0300] "GET /cdqw HTTP/1.1" 403 9039 "https://www.ibm.com/" "Mozilla/5.0 (Windows NT 10.0; Win64; x64) AppleWebKit/537.36 (KHTML, like Gecko) Chrome/58.0.3029.110 Safari/537.36"
192.168.1.23 - - [01/Dec/2024:13:31:45 +0300] "GET /lxdbvrqdl HTTP/1.1" 401 4991 "https://www.example.com/" "Mozilla/5.0 (Windows NT 10.0; Win64; x64) AppleWebKit/537.36 (KHTML, like Gecko) Chrome/62.0.3202.94 Safari/537.36"
192.168.1.2 - - [01/Dec/2024:13:31:45 +0300] "POST /x HTTP/1.1" 301 3757 "https://www.example.com/" "Mozilla/5.0 (Windows NT 10.0; Win64; x64) AppleWebKit/537.36 (KHTML, like Gecko) Chrome/62.0.3202.94 Safari/537.36"
192.168.1.8 - - [01/Dec/2024:13:31:45 +0300] "DELETE /xe HTTP/1.1" 302 1463 "https://www.msn.com/" "Mozilla/5.0 (Windows NT 10.0; WOW64) AppleWebKit/537.36 (KHTML, like Gecko) Chrome/58.0.3029.110 Safari/537.36 OPR/45.0.2552.898"
192.168.1.21 - - [01/Dec/2024:13:31:45 +0300] "POST /xyvh HTTP/1.1" 500 3158 "https://www.ibm.com/" "Mozilla/5.0 (Windows NT 10.0; Win64; x64) AppleWebKit/537.36 (KHTML, like Gecko) Chrome/62.0.3202.94 Safari/537.36"
2001:db8:0:1:0:0:0:4 - - [01/Dec/2024:13:31:45 +0300] "PUT /tzlwxeebjm HTTP/1.1" 404 7209 "https://www.msn.com/" "Mozilla/5.0 (Windows NT 10.0; Win64; x64; rv:54.0) Gecko/20100101 Firefox/54.0"
192.168.1.7 - - [01/Dec/2024:13:31:45 +0300] "PUT /z HTTP/1.1" 403 3888 "https://www.example.com/" "Mozilla/5.0 (Windows NT 10.0; Win64; x64) AppleWebKit/537.36 (KHTML, like Gecko) Chrome/58.0.3029.110 Safari/537.36"
192.168.1.15 - - [01/Dec/2024:13:31:45 +0300] "GET /yfmxfgjuap HTTP/1.1" 400 8130 "https://www.google.com/" "Mozilla/5.0 (Windows NT 10.0; Win64; x64; rv:54.0) Gecko/20100101 Firefox/54.0"
192.168.1.32 - - [01/Dec/2024:13:31:45 +0300] "PUT /h HTTP/1.1" 201 3233 "https://www.example.com/" "Mozilla/5.0 (Windows NT 10.0; WOW64) AppleWebKit/537.36 (KHTML, like Gecko) Chrome/58.0.3029.110 Safari/537.36 OPR/45.0.2552.898"
192.168.1.9 - - [01/Dec/2024:13:31:45 +0300] "POST /iedteel HTTP/1.1" 403 7575 "https://www.example.com/" "Mozilla/5.0 (Windows NT 10.0; Win64; x64) AppleWebKit/537.36 (KHTML, like Gecko) Chrome/58.0.3029.110 Safari/537.36"
2001:db8:0:1:0:0:0:e - - [01/Dec/2024:13:31:45 +0300] "DELETE /odsxo HTTP/1.1" 201 3533 "https://www.msn.com/" "Mozilla/5.0 (Windows NT 6.1; WOW64; Trident/7.0; AS; rv:11.0) like Gecko"
2001:db8:0:1:0:0:0:1 - - [01/Dec/2024:13:31:45 +0300] "POST /qphpje HTTP/1.1" 500 4027 "https://www.ibm.com/" "Mozilla/5.0 (Windows NT 10.0; Win64; x64) AppleWebKit/537.36 (KHTML, like Gecko) Chrome/62.0.3202.94 Safari/537.36"
192.168.1.46 - - [01/Dec/2024:13:31:45 +0300] "GET /rys HTTP/1.1" 401 9849 "https://www.msn.com/" "Mozilla/5.0 (Windows NT 10.0; Win64; x64) AppleWebKit/537.36 (KHTML, like Gecko) Chrome/58.0.3029.110 Safari/537.36"
192.168.1.28 - - [01/Dec/2024:13:31:45 +0300] "PUT /kfvk HTTP/1.1" 500 150 "https://www.google.com/" "Mozilla/5.0 (Windows NT 6.1; WOW64; rv:54.0) Gecko/20100101 Firefox/54.0"
192.168.1.50 - - [01/Dec/2024:13:31:45 +0300] "GET /vawhzgm HTTP/1.1" 302 5303 "https://www.google.com/" "Mozilla/5.0 (Windows NT 10.0; Win64; x64; rv:54.0) Gecko/20100101 Firefox/54.0"
192.168.1.34 - - [01/Dec/2024:13:31:45 +0300] "GET /huzwzedrht HTTP/1.1" 301 573 "https://www.msn.com/" "Mozilla/5.0 (Windows NT 10.0; Win64; x64) AppleWebKit/537.36 (KHTML, like Gecko) Chrome/62.0.3202.94 Safari/537.36"
192.168.1.28 - - [01/Dec/2024:13:31:45 +0300] "GET /am HTTP/1.1" 302 5803 "https://www.example.com/" "Mozilla/5.0 (Windows NT 10.0; Win64; x64) AppleWebKit/537.36 (KHTML, like Gecko) Chrome/58.0.3029.110 Safari/537.36"
192.168.1.9 - - [01/Dec/2024:13:31:45 +0300] "PUT /hrtuhavuh HTTP/1.1" 500 6052 "https://www.ibm.com/" "Mozilla/5.0 (Windows NT 6.1; WOW64; Trident/7.0; AS; rv:11.0) like Gecko"
192.168.1.4 - - [01/Dec/2024:13:31:45 +0300] "POST /rdk HTTP/1.1" 404 3354 "https://www.example.com/" "Mozilla/5.0 (Windows NT 6.1; WOW64; rv:54.0) Gecko/20100101 Firefox/54.0"
192.168.1.30 - - [01/Dec/2024:13:31:45 +0300] "PUT /slvhxc HTTP/1.1" 400 3304 "https://www.ibm.com/" "Mozilla/5.0 (Windows NT 10.0; Win64; x64; rv:54.0) Gecko/20100101 Firefox/54.0"
192.168.1.10 - - [01/Dec/2024:13:31:45 +0300] "PUT /rbbjxt HTTP/1.1" 500 239 "https://www.ibm.com/" "Mozilla/5.0 (Windows NT 10.0; WOW64) AppleWebKit/537.36 (KHTML, like Gecko) Chrome/58.0.3029.110 Safari/537.36 OPR/45.0.2552.898"
192.168.1.32 - - [01/Dec/2024:13:31:45 +0300] "PUT /cytb HTTP/1.1" 400 2915 "https://www.msn.com/" "Mozilla/5.0 (Windows NT 6.1; WOW64; Trident/7.0; AS; rv:11.0) like Gecko"
192.168.1.30 - - [01/Dec/2024:13:31:45 +0300] "GET /qjrhgj HTTP/1.1" 200 2221 "https://www.google.com/" "Mozilla/5.0 (Windows NT 10.0; Win64; x64; rv:54.0) Gecko/20100101 Firefox/54.0"
192.168.1.27 - - [01/Dec/2024:13:31:45 +0300] "GET /xiq HTTP/1.1" 404 8425 "https://www.example.com/" "Mozilla/5.0 (Windows NT 10.0; WOW64) AppleWebKit/537.36 (KHTML, like Gecko) Chrome/58.0.3029.110 Safari/537.36 OPR/45.0.2552.898"
192.168.1.39 - - [01/Dec/2024:13:31:45 +0300] "POST /kqnmad HTTP/1.1" 201 6958 "https://www.ibm.com/" "Mozilla/5.0 (Windows NT 6.1; WOW64; rv:54.0) Gecko/20100101 Firefox/54.0"
2001:db8:0:1:0:0:0:5 - - [01/Dec/2024:13:31:45 +0300] "PUT /tcvwqxeh HTTP/1.1" 401 7652 "https://www.example.com/" "Mozilla/5.0 (Windows NT 10.0; WOW64) AppleWebKit/537.36 (KHTML, like Gecko) Chrome/58.0.3029.110 Safari/537.36 OPR/45.0.2552.898"
192.168.1.24 - - [01/Dec/2024:13:31:45 +0300] "PUT /tlublxpeue HTTP/1.1" 302 8709 "https://www.example.com/" "Mozilla/5.0 (Windows NT 10.0; Win64; x64; rv:54.0) Gecko/20100101 Firefox/54.0"
2001:db8:0:1:0:0:0:2 - - [01/Dec/2024:13:31:45 +0300] "GET /mwznzf HTTP/1.1" 302 1075 "https://www.msn.com/" "Mozilla/5.0 (Windows NT 6.1; WOW64; rv:54.0) Gecko/20100101 Firefox/54.0"
192.168.1.1 - - [01/Dec/2024:13:31:45 +0300] "DELETE /f HTTP/1.1" 403 1676 "https://www.ibm.com/" "Mozilla/5.0 (Windows NT 10.0; Win64; x64; rv:54.0) Gecko/20100101 Firefox/54.0"
192.168.1.50 - - [01/Dec/2024:13:31:45 +0300] "POST /wd HTTP/1.1" 201 3951 "https://www.google.com/" "Mozilla/5.0 (Windows NT 10.0; WOW64) AppleWebKit/537.36 (KHTML, like Gecko) Chrome/58.0.3029.110 Safari/537.36 OPR/45.0.2552.898"
192.168.1.47 - - [01/Dec/2024:13:31:45 +0300] "PUT /t HTTP/1.1" 204 3824 "https://www.google.com/" "Mozilla/5.0 (Windows NT 10.0; WOW64) AppleWebKit/537.36 (KHTML, like Gecko) Chrome/58.0.3029.110 Safari/537.36 OPR/45.0.2552.898"
2001:db8:0:1:0:0:0:c - - [01/Dec/2024:13:31:45 +0300] "POST /u HTTP/1.1" 200 3587 "https://www.msn.com/" "Mozilla/5.0 (Windows NT 10.0; Win64; x64) AppleWebKit/537.36 (KHTML, like Gecko) Chrome/58.0.3029.110 Safari/537.36"
192.168.1.12 - - [01/Dec/2024:13:31:45 +0300] "PUT /o HTTP/1.1" 302 4449 "https://www.example.com/" "Mozilla/5.0 (Windows NT 10.0; Win64; x64) AppleWebKit/537.36 (KHTML, like Gecko) Chrome/62.0.3202.94 Safari/537.36"
192.168.1.10 - - [01/Dec/2024:13:31:45 +0300] "DELETE /dezddd HTTP/1.1" 301 4188 "https://www.example.com/" "Mozilla/5.0 (Windows NT 10.0; Win64; x64) AppleWebKit/537.36 (KHTML, like Gecko) Chrome/58.0.3029.110 Safari/537.36"
2001:db8:0:1:0:0:0:8 - - [01/Dec/2024:13:31:45 +0300] "GET /juxufitz HTTP/1.1" 204 1545 "https://www.msn.com/" "Mozilla/5.0 (Windows NT 10.0; Win64; x64) AppleWebKit/537.36 (KHTML, like Gecko) Chrome/62.0.3202.94 Safari/537.36"
192.168.1.37 - - [01/Dec/2024:13:31:45 +0300] "GET /aphjbp HTTP/1.1" 204 3492 "https://www.google.com/" "Mozilla/5.0 (Windows NT 10.0; WOW64) AppleWebKit/537.36 (KHTML, like Gecko) Chrome/58.0.3029.110 Safari/537.36 OPR/45.0.2552.898"
192.168.1.24 - - [01/Dec/2024:13:31:45 +0300] "PUT /uizbuqub HTTP/1.1" 204 4780 "https://www.google.com/" "Mozilla/5.0 (Windows NT 10.0; WOW64) AppleWebKit/537.36 (KHTML, like Gecko) Chrome/58.0.3029.110 Safari/537.36 OPR/45.0.2552.898"
192.168.1.38 - - [01/Dec/2024:13:31:45 +0300] "DELETE /iknutkgd HTTP/1.1" 200 9596 "https://www.msn.com/" "Mozilla/5.0 (Windows NT 6.1; WOW64; rv:54.0) Gecko/20100101 Firefox/54.0"
192.168.1.39 - - [01/Dec/2024:13:31:45 +0300] "GET /qgtithenqs HTTP/1.1" 401 9390 "https://www.example.com/" "Mozilla/5.0 (Windows NT 10.0; Win64; x64) AppleWebKit/537.36 (KHTML, like Gecko) Chrome/62.0.3202.94 Safari/537.36"
192.168.1.34 - - [01/Dec/2024:13:31:45 +0300] "PUT /zws HTTP/1.1" 201 1187 "https://www.google.com/" "Mozilla/5.0 (Windows NT 10.0; Win64; x64; rv:54.0) Gecko/20100101 Firefox/54.0"
192.168.1.8 - - [01/Dec/2024:13:31:45 +0300] "DELETE /knnmonq HTTP/1.1" 301 7574 "https://www.msn.com/" "Mozilla/5.0 (Windows NT 10.0; Win64; x64) AppleWebKit/537.36 (KHTML, like Gecko) Chrome/58.0.3029.110 Safari/537.36"
2001:db8:0:1:0:0:0:c - - [01/Dec/2024:13:31:45 +0300] "DELETE /eftnlih HTTP/1.1" 403 5885 "https://www.msn.com/" "Mozilla/5.0 (Windows NT 10.0; WOW64) AppleWebKit/537.36 (KHTML, like Gecko) Chrome/58.0.3029.110 Safari/537.36 OPR/45.0.2552.898"
192.168.1.34 - - [01/Dec/2024:13:31:45 +0300] "PUT /fjmru HTTP/1.1" 302 3157 "https://www.example.com/" "Mozilla/5.0 (Windows NT 10.0; Win64; x64; rv:54.0) Gecko/20100101 Firefox/54.0"
192.168.1.2 - - [01/Dec/2024:13:31:45 +0300] "POST /de HTTP/1.1" 302 6258 "https://www.google.com/" "Mozilla/5.0 (Windows NT 10.0; Win64; x64) AppleWebKit/537.36 (KHTML, like Gecko) Chrome/58.0.3029.110 Safari/537.36"
2001:db8:0:1:0:0:0:2 - - [01/Dec/2024:13:31:45 +0300] "POST /auhymhiqcy HTTP/1.1" 301 4145 "https://www.example.com/" "Mozilla/5.0 (Windows NT 10.0; Win64; x64) AppleWebKit/537.36 (KHTML, like Gecko) Chrome/58.0.3029.110 Safari/537.36"
192.168.1.16 - - [01/Dec/2024:13:31:45 +0300] "POST /bcprwvfx HTTP/1.1" 400 9868 "https://www.ibm.com/" "Mozilla/5.0 (Windows NT 6.1; WOW64; rv:54.0) Gecko/20100101 Firefox/54.0"
192.168.1.2 - - [01/Dec/2024:13:31:45 +0300] "PUT /ujmjcvokcg HTTP/1.1" 200 6830 "https://www.example.com/" "Mozilla/5.0 (Windows NT 10.0; Win64; x64) AppleWebKit/537.36 (KHTML, like Gecko) Chrome/62.0.3202.94 Safari/537.36"
192.168.1.25 - - [01/Dec/2024:13:31:45 +0300] "POST /lcn HTTP/1.1" 204 5225 "https://www.example.com/" "Mozilla/5.0 (Windows NT 6.1; WOW64; rv:54.0) Gecko/20100101 Firefox/54.0"
192.168.1.48 - - [01/Dec/2024:13:31:45 +0300] "GET /zp HTTP/1.1" 201 1568 "https://www.ibm.com/" "Mozilla/5.0 (Windows NT 6.1; WOW64; Trident/7.0; AS; rv:11.0) like Gecko"
192.168.1.47 - - [01/Dec/2024:13:31:45 +0300] "GET /dyk HTTP/1.1" 500 5914 "https://www.msn.com/" "Mozilla/5.0 (Windows NT 10.0; Win64; x64) AppleWebKit/537.36 (KHTML, like Gecko) Chrome/62.0.3202.94 Safari/537.36"
192.168.1.16 - - [01/Dec/2024:13:31:45 +0300] "PUT /l HTTP/1.1" 204 7509 "https://www.msn.com/" "Mozilla/5.0 (Windows NT 10.0; WOW64) AppleWebKit/537.36 (KHTML, like Gecko) Chrome/58.0.3029.110 Safari/537.36 OPR/45.0.2552.898"
2001:db8:0:1:0:0:0:4 - - [01/Dec/2024:13:31:45 +0300] "DELETE /iocxbygom HTTP/1.1" 201 7831 "https://www.google.com/" "Mozilla/5.0 (Windows NT 6.1; WOW64; rv:54.0) Gecko/20100101 Firefox/54.0"
192.168.1.39 - - [01/Dec/2024:13:31:45 +0300] "DELETE /vges HTTP/1.1" 301 7063 "https://www.msn.com/" "Mozilla/5.0 (Windows NT 10.0; WOW64) AppleWebKit/537.36 (KHTML, like Gecko) Chrome/58.0.3029.110 Safari/537.36 OPR/45.0.2552.898"
192.168.1.23 - - [01/Dec/2024:13:31:45 +0300] "PUT /zdc HTTP/1.1" 403 6408 "https://www.example.com/" "Mozilla/5.0 (Windows NT 6.1; WOW64; rv:54.0) Gecko/20100101 Firefox/54.0"
192.168.1.39 - - [01/Dec/2024:13:31:45 +0300] "POST /zw HTTP/1.1" 500 8933 "https://www.msn.com/" "Mozilla/5.0 (Windows NT 10.0; WOW64) AppleWebKit/537.36 (KHTML, like Gecko) Chrome/58.0.3029.110 Safari/537.36 OPR/45.0.2552.898"
192.168.1.35 - - [01/Dec/2024:13:31:45 +0300] "DELETE /cwvflgz HTTP/1.1" 204 5043 "https://www.google.com/" "Mozilla/5.0 (Windows NT 10.0; WOW64) AppleWebKit/537.36 (KHTML, like Gecko) Chrome/58.0.3029.110 Safari/537.36 OPR/45.0.2552.898"
192.168.1.1 - - [01/Dec/2024:13:31:45 +0300] "GET /bdodhwmi HTTP/1.1" 500 568 "https://www.ibm.com/" "Mozilla/5.0 (Windows NT 10.0; Win64; x64) AppleWebKit/537.36 (KHTML, like Gecko) Chrome/58.0.3029.110 Safari/537.36"
192.168.1.34 - - [01/Dec/2024:13:31:45 +0300] "POST /l HTTP/1.1" 204 226 "https://www.ibm.com/" "Mozilla/5.0 (Windows NT 10.0; WOW64) AppleWebKit/537.36 (KHTML, like Gecko) Chrome/58.0.3029.110 Safari/537.36 OPR/45.0.2552.898"
192.168.1.21 - - [01/Dec/2024:13:31:45 +0300] "POST /tjsbjvyz HTTP/1.1" 404 6828 "https://www.example.com/" "Mozilla/5.0 (Windows NT 6.1; WOW64; Trident/7.0; AS; rv:11.0) like Gecko"
192.168.1.45 - - [01/Dec/2024:13:31:45 +0300] "PUT /ydczsuxhr HTTP/1.1" 404 1918 "https://www.msn.com/" "Mozilla/5.0 (Windows NT 10.0; Win64; x64) AppleWebKit/537.36 (KHTML, like Gecko) Chrome/58.0.3029.110 Safari/537.36"
2001:db8:0:1:0:0:0:6 - - [01/Dec/2024:13:31:45 +0300] "POST /onbbnml HTTP/1.1" 401 439 "https://www.ibm.com/" "Mozilla/5.0 (Windows NT 10.0; Win64; x64; rv:54.0) Gecko/20100101 Firefox/54.0"
192.168.1.21 - - [01/Dec/2024:13:31:45 +0300] "DELETE /qcxepulwzs HTTP/1.1" 400 6599 "https://www.google.com/" "Mozilla/5.0 (Windows NT 10.0; WOW64) AppleWebKit/537.36 (KHTML, like Gecko) Chrome/58.0.3029.110 Safari/537.36 OPR/45.0.2552.898"
192.168.1.47 - - [01/Dec/2024:13:31:45 +0300] "DELETE /wvtvagcs HTTP/1.1" 403 1266 "https://www.google.com/" "Mozilla/5.0 (Windows NT 10.0; Win64; x64) AppleWebKit/537.36 (KHTML, like Gecko) Chrome/58.0.3029.110 Safari/537.36"
2001:db8:0:1:0:0:0:6 - - [01/Dec/2024:13:31:45 +0300] "PUT /vugip HTTP/1.1" 500 5525 "https://www.msn.com/" "Mozilla/5.0 (Windows NT 6.1; WOW64; Trident/7.0; AS; rv:11.0) like Gecko"
192.168.1.47 - - [01/Dec/2024:13:31:45 +0300] "POST /nqk HTTP/1.1" 302 8508 "https://www.example.com/" "Mozilla/5.0 (Windows NT 6.1; WOW64; rv:54.0) Gecko/20100101 Firefox/54.0"
2001:db8:0:1:0:0:0:e - - [01/Dec/2024:13:31:45 +0300] "GET /clfnzbi HTTP/1.1" 401 257 "https://www.msn.com/" "Mozilla/5.0 (Windows NT 6.1; WOW64; Trident/7.0; AS; rv:11.0) like Gecko"
192.168.1.45 - - [01/Dec/2024:13:31:45 +0300] "PUT /vfozy HTTP/1.1" 201 7571 "https://www.google.com/" "Mozilla/5.0 (Windows NT 6.1; WOW64; rv:54.0) Gecko/20100101 Firefox/54.0"
2001:db8:0:1:0:0:0:c - - [01/Dec/2024:13:31:45 +0300] "DELETE /gkflcgrxi HTTP/1.1" 204 6547 "https://www.google.com/" "Mozilla/5.0 (Windows NT 6.1; WOW64; rv:54.0) Gecko/20100101 Firefox/54.0"
192.168.1.9 - - [01/Dec/2024:13:31:45 +0300] "PUT /w HTTP/1.1" 404 2942 "https://www.google.com/" "Mozilla/5.0 (Windows NT 6.1; WOW64; rv:54.0) Gecko/20100101 Firefox/54.0"
192.168.1.27 - - [01/Dec/2024:13:31:45 +0300] "PUT /zmlyfpxudr HTTP/1.1" 401 5009 "https://www.google.com/" "Mozilla/5.0 (Windows NT 6.1; WOW64; Trident/7.0; AS; rv:11.0) like Gecko"
192.168.1.40 - - [01/Dec/2024:13:31:45 +0300] "PUT /nmxcxgqip HTTP/1.1" 204 7377 "https://www.msn.com/" "Mozilla/5.0 (Windows NT 10.0; Win64; x64) AppleWebKit/537.36 (KHTML, like Gecko) Chrome/58.0.3029.110 Safari/537.36"
192.168.1.43 - - [01/Dec/2024:13:31:45 +0300] "DELETE /kdl HTTP/1.1" 401 5251 "https://www.msn.com/" "Mozilla/5.0 (Windows NT 6.1; WOW64; rv:54.0) Gecko/20100101 Firefox/54.0"
192.168.1.20 - - [01/Dec/2024:13:31:45 +0300] "PUT /uaiaer HTTP/1.1" 500 8222 "https://www.example.com/" "Mozilla/5.0 (Windows NT 10.0; Win64; x64; rv:54.0) Gecko/20100101 Firefox/54.0"
192.168.1.49 - - [01/Dec/2024:13:31:45 +0300] "PUT /lhhbe HTTP/1.1" 500 9038 "https://www.example.com/" "Mozilla/5.0 (Windows NT 10.0; WOW64) AppleWebKit/537.36 (KHTML, like Gecko) Chrome/58.0.3029.110 Safari/537.36 OPR/45.0.2552.898"
192.168.1.46 - - [01/Dec/2024:13:31:45 +0300] "POST /rethh HTTP/1.1" 200 5069 "https://www.ibm.com/" "Mozilla/5.0 (Windows NT 10.0; Win64; x64) AppleWebKit/537.36 (KHTML, like Gecko) Chrome/62.0.3202.94 Safari/537.36"
192.168.1.18 - - [01/Dec/2024:13:31:45 +0300] "GET /xpbxbzxn HTTP/1.1" 400 3036 "https://www.msn.com/" "Mozilla/5.0 (Windows NT 10.0; WOW64) AppleWebKit/537.36 (KHTML, like Gecko) Chrome/58.0.3029.110 Safari/537.36 OPR/45.0.2552.898"
192.168.1.22 - - [01/Dec/2024:13:31:45 +0300] "GET /ucmnq HTTP/1.1" 403 7582 "https://www.ibm.com/" "Mozilla/5.0 (Windows NT 10.0; Win64; x64) AppleWebKit/537.36 (KHTML, like Gecko) Chrome/62.0.3202.94 Safari/537.36"
192.168.1.43 - - [01/Dec/2024:13:31:45 +0300] "PUT /kha HTTP/1.1" 500 5437 "https://www.google.com/" "Mozilla/5.0 (Windows NT 10.0; WOW64) AppleWebKit/537.36 (KHTML, like Gecko) Chrome/58.0.3029.110 Safari/537.36 OPR/45.0.2552.898"
192.168.1.9 - - [01/Dec/2024:13:31:45 +0300] "GET /giw HTTP/1.1" 400 5710 "https://www.google.com/" "Mozilla/5.0 (Windows NT 10.0; Win64; x64) AppleWebKit/537.36 (KHTML, like Gecko) Chrome/62.0.3202.94 Safari/537.36"
192.168.1.1 - - [01/Dec/2024:13:31:45 +0300] "DELETE /sjebpj HTTP/1.1" 400 3443 "https://www.example.com/" "Mozilla/5.0 (Windows NT 10.0; WOW64) AppleWebKit/537.36 (KHTML, like Gecko) Chrome/58.0.3029.110 Safari/537.36 OPR/45.0.2552.898"
2001:db8:0:1:0:0:0:d - - [01/Dec/2024:13:31:45 +0300] "DELETE /eb HTTP/1.1" 400 7235 "https://www.example.com/" "Mozilla/5.0 (Windows NT 6.1; WOW64; rv:54.0) Gecko/20100101 Firefox/54.0"
2001:db8:0:1:0:0:0:9 - - [01/Dec/2024:13:31:45 +0300] "DELETE /nt HTTP/1.1" 404 7839 "https://www.ibm.com/" "Mozilla/5.0 (Windows NT 6.1; WOW64; Trident/7.0; AS; rv:11.0) like Gecko"
2001:db8:0:1:0:0:0:2 - - [01/Dec/2024:13:31:45 +0300] "DELETE /y HTTP/1.1" 201 7836 "https://www.example.com/" "Mozilla/5.0 (Windows NT 10.0; Win64; x64) AppleWebKit/537.36 (KHTML, like Gecko) Chrome/58.0.3029.110 Safari/537.36"
192.168.1.24 - - [01/Dec/2024:13:31:45 +0300] "DELETE /eo HTTP/1.1" 400 3866 "https://www.msn.com/" "Mozilla/5.0 (Windows NT 6.1; WOW64; Trident/7.0; AS; rv:11.0) like Gecko"
192.168.1.5 - - [01/Dec/2024:13:31:45 +0300] "GET /nnuoy HTTP/1.1" 301 2463 "https://www.example.com/" "Mozilla/5.0 (Windows NT 10.0; Win64; x64; rv:54.0) Gecko/20100101 Firefox/54.0"
2001:db8:0:1:0:0:0:b - - [01/Dec/2024:13:31:45 +0300] "PUT /tiundpvo HTTP/1.1" 301 9535 "https://www.example.com/" "Mozilla/5.0 (Windows NT 6.1; WOW64; rv:54.0) Gecko/20100101 Firefox/54.0"
2001:db8:0:1:0:0:0:4 - - [01/Dec/2024:13:31:45 +0300] "DELETE /d HTTP/1.1" 200 6604 "https://www.msn.com/" "Mozilla/5.0 (Windows NT 6.1; WOW64; rv:54.0) Gecko/20100101 Firefox/54.0"
192.168.1.43 - - [01/Dec/2024:13:31:45 +0300] "PUT /md HTTP/1.1" 500 2712 "https://www.google.com/" "Mozilla/5.0 (Windows NT 10.0; WOW64) AppleWebKit/537.36 (KHTML, like Gecko) Chrome/58.0.3029.110 Safari/537.36 OPR/45.0.2552.898"
192.168.1.26 - - [01/Dec/2024:13:31:45 +0300] "POST /ucidpuuc HTTP/1.1" 302 1235 "https://www.example.com/" "Mozilla/5.0 (Windows NT 10.0; Win64; x64) AppleWebKit/537.36 (KHTML, like Gecko) Chrome/62.0.3202.94 Safari/537.36"
192.168.1.11 - - [01/Dec/2024:13:31:45 +0300] "POST /ywszwylxy HTTP/1.1" 403 3907 "https://www.example.com/" "Mozilla/5.0 (Windows NT 6.1; WOW64; rv:54.0) Gecko/20100101 Firefox/54.0"
192.168.1.29 - - [01/Dec/2024:13:31:45 +0300] "DELETE /ktfhjllby HTTP/1.1" 403 7469 "https://www.ibm.com/" "Mozilla/5.0 (Windows NT 10.0; Win64; x64) AppleWebKit/537.36 (KHTML, like Gecko) Chrome/58.0.3029.110 Safari/537.36"
192.168.1.30 - - [01/Dec/2024:13:31:45 +0300] "POST /wfxu HTTP/1.1" 401 7554 "https://www.google.com/" "Mozilla/5.0 (Windows NT 10.0; Win64; x64; rv:54.0) Gecko/20100101 Firefox/54.0"
192.168.1.48 - - [01/Dec/2024:13:31:45 +0300] "DELETE /qplkg HTTP/1.1" 302 2826 "https://www.google.com/" "Mozilla/5.0 (Windows NT 10.0; Win64; x64) AppleWebKit/537.36 (KHTML, like Gecko) Chrome/58.0.3029.110 Safari/537.36"
192.168.1.50 - - [01/Dec/2024:13:31:45 +0300] "PUT /kpgyes HTTP/1.1" 500 8412 "https://www.ibm.com/" "Mozilla/5.0 (Windows NT 10.0; Win64; x64; rv:54.0) Gecko/20100101 Firefox/54.0"
192.168.1.9 - - [01/Dec/2024:13:31:45 +0300] "PUT /axmzlvv HTTP/1.1" 301 7940 "https://www.google.com/" "Mozilla/5.0 (Windows NT 10.0; Win64; x64; rv:54.0) Gecko/20100101 Firefox/54.0"
192.168.1.38 - - [01/Dec/2024:13:31:45 +0300] "POST /aa HTTP/1.1" 302 7623 "https://www.ibm.com/" "Mozilla/5.0 (Windows NT 6.1; WOW64; Trident/7.0; AS; rv:11.0) like Gecko"
192.168.1.13 - - [01/Dec/2024:13:31:45 +0300] "PUT /eibbl HTTP/1.1" 500 5006 "https://www.msn.com/" "Mozilla/5.0 (Windows NT 6.1; WOW64; Trident/7.0; AS; rv:11.0) like Gecko"
192.168.1.40 - - [01/Dec/2024:13:31:45 +0300] "POST /xhgmudxa HTTP/1.1" 301 4072 "https://www.google.com/" "Mozilla/5.0 (Windows NT 10.0; Win64; x64) AppleWebKit/537.36 (KHTML, like Gecko) Chrome/62.0.3202.94 Safari/537.36"
2001:db8:0:1:0:0:0:2 - - [01/Dec/2024:13:31:45 +0300] "POST /xvvcochnh HTTP/1.1" 200 2463 "https://www.ibm.com/" "Mozilla/5.0 (Windows NT 10.0; Win64; x64) AppleWebKit/537.36 (KHTML, like Gecko) Chrome/62.0.3202.94 Safari/537.36"
192.168.1.7 - - [01/Dec/2024:13:31:45 +0300] "PUT /ikuzt HTTP/1.1" 500 7951 "https://www.ibm.com/" "Mozilla/5.0 (Windows NT 10.0; WOW64) AppleWebKit/537.36 (KHTML, like Gecko) Chrome/58.0.3029.110 Safari/537.36 OPR/45.0.2552.898"
192.168.1.16 - - [01/Dec/2024:13:31:45 +0300] "POST /bdyd HTTP/1.1" 400 5003 "https://www.google.com/" "Mozilla/5.0 (Windows NT 10.0; WOW64) AppleWebKit/537.36 (KHTML, like Gecko) Chrome/58.0.3029.110 Safari/537.36 OPR/45.0.2552.898"
192.168.1.23 - - [01/Dec/2024:13:31:45 +0300] "PUT /luyncbsj HTTP/1.1" 201 3666 "https://www.msn.com/" "Mozilla/5.0 (Windows NT 10.0; Win64; x64; rv:54.0) Gecko/20100101 Firefox/54.0"
192.168.1.46 - - [01/Dec/2024:13:31:45 +0300] "PUT /ftznyzl HTTP/1.1" 200 5138 "https://www.ibm.com/" "Mozilla/5.0 (Windows NT 10.0; WOW64) AppleWebKit/537.36 (KHTML, like Gecko) Chrome/58.0.3029.110 Safari/537.36 OPR/45.0.2552.898"
192.168.1.22 - - [01/Dec/2024:13:31:45 +0300] "DELETE /hrbugxvco HTTP/1.1" 302 6678 "https://www.example.com/" "Mozilla/5.0 (Windows NT 6.1; WOW64; rv:54.0) Gecko/20100101 Firefox/54.0"
192.168.1.40 - - [01/Dec/2024:13:31:45 +0300] "DELETE /qvemqqqu HTTP/1.1" 403 4015 "https://www.ibm.com/" "Mozilla/5.0 (Windows NT 10.0; WOW64) AppleWebKit/537.36 (KHTML, like Gecko) Chrome/58.0.3029.110 Safari/537.36 OPR/45.0.2552.898"
192.168.1.37 - - [01/Dec/2024:13:31:45 +0300] "DELETE /ne HTTP/1.1" 302 3915 "https://www.ibm.com/" "Mozilla/5.0 (Windows NT 6.1; WOW64; rv:54.0) Gecko/20100101 Firefox/54.0"
2001:db8:0:1:0:0:0:d - - [01/Dec/2024:13:31:45 +0300] "PUT /hwnbcgtu HTTP/1.1" 500 9594 "https://www.google.com/" "Mozilla/5.0 (Windows NT 10.0; Win64; x64) AppleWebKit/537.36 (KHTML, like Gecko) Chrome/62.0.3202.94 Safari/537.36"
2001:db8:0:1:0:0:0:4 - - [01/Dec/2024:13:31:45 +0300] "POST /swnrnhjib HTTP/1.1" 200 3085 "https://www.msn.com/" "Mozilla/5.0 (Windows NT 10.0; Win64; x64; rv:54.0) Gecko/20100101 Firefox/54.0"
2001:db8:0:1:0:0:0:6 - - [01/Dec/2024:13:31:45 +0300] "DELETE /zightzrqcb HTTP/1.1" 401 3290 "https://www.msn.com/" "Mozilla/5.0 (Windows NT 6.1; WOW64; Trident/7.0; AS; rv:11.0) like Gecko"
192.168.1.20 - - [01/Dec/2024:13:31:45 +0300] "DELETE /bvbtf HTTP/1.1" 401 7883 "https://www.msn.com/" "Mozilla/5.0 (Windows NT 10.0; Win64; x64; rv:54.0) Gecko/20100101 Firefox/54.0"
192.168.1.47 - - [01/Dec/2024:13:31:45 +0300] "DELETE /kazlh HTTP/1.1" 404 4650 "https://www.msn.com/" "Mozilla/5.0 (Windows NT 10.0; Win64; x64) AppleWebKit/537.36 (KHTML, like Gecko) Chrome/62.0.3202.94 Safari/537.36"
192.168.1.16 - - [01/Dec/2024:13:31:45 +0300] "PUT /xuhootrvs HTTP/1.1" 200 9332 "https://www.ibm.com/" "Mozilla/5.0 (Windows NT 10.0; Win64; x64; rv:54.0) Gecko/20100101 Firefox/54.0"
192.168.1.30 - - [01/Dec/2024:13:31:45 +0300] "POST /d HTTP/1.1" 301 475 "https://www.google.com/" "Mozilla/5.0 (Windows NT 10.0; Win64; x64) AppleWebKit/537.36 (KHTML, like Gecko) Chrome/58.0.3029.110 Safari/537.36"
192.168.1.8 - - [01/Dec/2024:13:31:45 +0300] "GET /up HTTP/1.1" 301 6076 "https://www.example.com/" "Mozilla/5.0 (Windows NT 6.1; WOW64; rv:54.0) Gecko/20100101 Firefox/54.0"
192.168.1.32 - - [01/Dec/2024:13:31:45 +0300] "DELETE /myfrqbje HTTP/1.1" 204 1925 "https://www.msn.com/" "Mozilla/5.0 (Windows NT 6.1; WOW64; Trident/7.0; AS; rv:11.0) like Gecko"
2001:db8:0:1:0:0:0:8 - - [01/Dec/2024:13:31:45 +0300] "POST /pyqqn HTTP/1.1" 403 307 "https://www.google.com/" "Mozilla/5.0 (Windows NT 6.1; WOW64; rv:54.0) Gecko/20100101 Firefox/54.0"
192.168.1.27 - - [01/Dec/2024:13:31:45 +0300] "GET /igysukmvim HTTP/1.1" 404 5851 "https://www.ibm.com/" "Mozilla/5.0 (Windows NT 6.1; WOW64; Trident/7.0; AS; rv:11.0) like Gecko"
2001:db8:0:1:0:0:0:a - - [01/Dec/2024:13:31:45 +0300] "PUT /gzlse HTTP/1.1" 204 1005 "https://www.example.com/" "Mozilla/5.0 (Windows NT 6.1; WOW64; rv:54.0) Gecko/20100101 Firefox/54.0"
192.168.1.46 - - [01/Dec/2024:13:31:45 +0300] "DELETE /nvoi HTTP/1.1" 200 5599 "https://www.example.com/" "Mozilla/5.0 (Windows NT 6.1; WOW64; rv:54.0) Gecko/20100101 Firefox/54.0"
192.168.1.9 - - [01/Dec/2024:13:31:45 +0300] "POST /sxmgnprvrb HTTP/1.1" 301 2921 "https://www.google.com/" "Mozilla/5.0 (Windows NT 10.0; Win64; x64; rv:54.0) Gecko/20100101 Firefox/54.0"
192.168.1.39 - - [01/Dec/2024:13:31:45 +0300] "GET /m HTTP/1.1" 401 7257 "https://www.msn.com/" "Mozilla/5.0 (Windows NT 10.0; WOW64) AppleWebKit/537.36 (KHTML, like Gecko) Chrome/58.0.3029.110 Safari/537.36 OPR/45.0.2552.898"
192.168.1.41 - - [01/Dec/2024:13:31:45 +0300] "POST /bjf HTTP/1.1" 500 6881 "https://www.msn.com/" "Mozilla/5.0 (Windows NT 10.0; WOW64) AppleWebKit/537.36 (KHTML, like Gecko) Chrome/58.0.3029.110 Safari/537.36 OPR/45.0.2552.898"
192.168.1.27 - - [01/Dec/2024:13:31:45 +0300] "DELETE /s HTTP/1.1" 201 5887 "https://www.msn.com/" "Mozilla/5.0 (Windows NT 10.0; WOW64) AppleWebKit/537.36 (KHTML, like Gecko) Chrome/58.0.3029.110 Safari/537.36 OPR/45.0.2552.898"
192.168.1.49 - - [01/Dec/2024:13:31:45 +0300] "PUT /qgtjlldbs HTTP/1.1" 404 5243 "https://www.google.com/" "Mozilla/5.0 (Windows NT 6.1; WOW64; Trident/7.0; AS; rv:11.0) like Gecko"
192.168.1.17 - - [01/Dec/2024:13:31:45 +0300] "GET /aynvejj HTTP/1.1" 500 7239 "https://www.msn.com/" "Mozilla/5.0 (Windows NT 10.0; WOW64) AppleWebKit/537.36 (KHTML, like Gecko) Chrome/58.0.3029.110 Safari/537.36 OPR/45.0.2552.898"
192.168.1.32 - - [01/Dec/2024:13:31:45 +0300] "GET /bdajwcyy HTTP/1.1" 200 5620 "https://www.ibm.com/" "Mozilla/5.0 (Windows NT 10.0; Win64; x64) AppleWebKit/537.36 (KHTML, like Gecko) Chrome/62.0.3202.94 Safari/537.36"
192.168.1.40 - - [01/Dec/2024:13:31:45 +0300] "PUT /memjykv HTTP/1.1" 301 753 "https://www.example.com/" "Mozilla/5.0 (Windows NT 10.0; WOW64) AppleWebKit/537.36 (KHTML, like Gecko) Chrome/58.0.3029.110 Safari/537.36 OPR/45.0.2552.898"
2001:db8:0:1:0:0:0:c - - [01/Dec/2024:13:31:45 +0300] "PUT /y HTTP/1.1" 404 8799 "https://www.ibm.com/" "Mozilla/5.0 (Windows NT 6.1; WOW64; rv:54.0) Gecko/20100101 Firefox/54.0"
192.168.1.24 - - [01/Dec/2024:13:31:45 +0300] "PUT /nwrswqc HTTP/1.1" 401 364 "https://www.msn.com/" "Mozilla/5.0 (Windows NT 6.1; WOW64; rv:54.0) Gecko/20100101 Firefox/54.0"
192.168.1.12 - - [01/Dec/2024:13:31:45 +0300] "POST /dqtxqc HTTP/1.1" 404 7902 "https://www.ibm.com/" "Mozilla/5.0 (Windows NT 10.0; WOW64) AppleWebKit/537.36 (KHTML, like Gecko) Chrome/58.0.3029.110 Safari/537.36 OPR/45.0.2552.898"
192.168.1.48 - - [01/Dec/2024:13:31:45 +0300] "GET /dwowr HTTP/1.1" 500 951 "https://www.google.com/" "Mozilla/5.0 (Windows NT 10.0; Win64; x64) AppleWebKit/537.36 (KHTML, like Gecko) Chrome/62.0.3202.94 Safari/537.36"
192.168.1.5 - - [01/Dec/2024:13:31:45 +0300] "PUT /fpnyky HTTP/1.1" 302 3058 "https://www.example.com/" "Mozilla/5.0 (Windows NT 6.1; WOW64; Trident/7.0; AS; rv:11.0) like Gecko"
192.168.1.6 - - [01/Dec/2024:13:31:45 +0300] "POST /mbrus HTTP/1.1" 301 3053 "https://www.msn.com/" "Mozilla/5.0 (Windows NT 10.0; WOW64) AppleWebKit/537.36 (KHTML, like Gecko) Chrome/58.0.3029.110 Safari/537.36 OPR/45.0.2552.898"
192.168.1.36 - - [01/Dec/2024:13:31:45 +0300] "DELETE /jkl HTTP/1.1" 404 2803 "https://www.google.com/" "Mozilla/5.0 (Windows NT 6.1; WOW64; Trident/7.0; AS; rv:11.0) like Gecko"
2001:db8:0:1:0:0:0:3 - - [01/Dec/2024:13:31:45 +0300] "DELETE /ysl HTTP/1.1" 204 5302 "https://www.google.com/" "Mozilla/5.0 (Windows NT 10.0; Win64; x64) AppleWebKit/537.36 (KHTML, like Gecko) Chrome/62.0.3202.94 Safari/537.36"
192.168.1.49 - - [01/Dec/2024:13:31:45 +0300] "GET /lfrmadnr HTTP/1.1" 301 6216 "https://www.example.com/" "Mozilla/5.0 (Windows NT 10.0; WOW64) AppleWebKit/537.36 (KHTML, like Gecko) Chrome/58.0.3029.110 Safari/537.36 OPR/45.0.2552.898"
192.168.1.23 - - [01/Dec/2024:13:31:45 +0300] "POST /uvp HTTP/1.1" 500 7390 "https://www.msn.com/" "Mozilla/5.0 (Windows NT 10.0; Win64; x64) AppleWebKit/537.36 (KHTML, like Gecko) Chrome/58.0.3029.110 Safari/537.36"
192.168.1.14 - - [01/Dec/2024:13:31:45 +0300] "PUT /gsnqbpd HTTP/1.1" 201 3453 "https://www.example.com/" "Mozilla/5.0 (Windows NT 10.0; Win64; x64) AppleWebKit/537.36 (KHTML, like Gecko) Chrome/62.0.3202.94 Safari/537.36"
192.168.1.10 - - [01/Dec/2024:13:31:45 +0300] "DELETE /zxph HTTP/1.1" 200 8066 "https://www.example.com/" "Mozilla/5.0 (Windows NT 10.0; Win64; x64) AppleWebKit/537.36 (KHTML, like Gecko) Chrome/62.0.3202.94 Safari/537.36"
192.168.1.20 - - [01/Dec/2024:13:31:45 +0300] "GET /byppwnu HTTP/1.1" 201 3394 "https://www.example.com/" "Mozilla/5.0 (Windows NT 10.0; Win64; x64; rv:54.0) Gecko/20100101 Firefox/54.0"
2001:db8:0:1:0:0:0:4 - - [01/Dec/2024:13:31:45 +0300] "PUT /vavjhxcn HTTP/1.1" 403 7302 "https://www.google.com/" "Mozilla/5.0 (Windows NT 10.0; Win64; x64; rv:54.0) Gecko/20100101 Firefox/54.0"
192.168.1.19 - - [01/Dec/2024:13:31:45 +0300] "DELETE /bdqcm HTTP/1.1" 301 2473 "https://www.example.com/" "Mozilla/5.0 (Windows NT 10.0; Win64; x64) AppleWebKit/537.36 (KHTML, like Gecko) Chrome/58.0.3029.110 Safari/537.36"
192.168.1.9 - - [01/Dec/2024:13:31:45 +0300] "PUT /h HTTP/1.1" 201 6877 "https://www.example.com/" "Mozilla/5.0 (Windows NT 6.1; WOW64; Trident/7.0; AS; rv:11.0) like Gecko"
2001:db8:0:1:0:0:0:e - - [01/Dec/2024:13:31:45 +0300] "DELETE /r HTTP/1.1" 500 2538 "https://www.msn.com/" "Mozilla/5.0 (Windows NT 10.0; WOW64) AppleWebKit/537.36 (KHTML, like Gecko) Chrome/58.0.3029.110 Safari/537.36 OPR/45.0.2552.898"
192.168.1.22 - - [01/Dec/2024:13:31:45 +0300] "GET /ctlgecmanh HTTP/1.1" 204 9578 "https://www.example.com/" "Mozilla/5.0 (Windows NT 10.0; Win64; x64) AppleWebKit/537.36 (KHTML, like Gecko) Chrome/62.0.3202.94 Safari/537.36"
2001:db8:0:1:0:0:0:2 - - [01/Dec/2024:13:31:45 +0300] "POST /wdsqtiezkd HTTP/1.1" 201 2502 "https://www.example.com/" "Mozilla/5.0 (Windows NT 10.0; Win64; x64) AppleWebKit/537.36 (KHTML, like Gecko) Chrome/58.0.3029.110 Safari/537.36"
192.168.1.28 - - [01/Dec/2024:13:31:45 +0300] "POST /lowj HTTP/1.1" 301 6190 "https://www.ibm.com/" "Mozilla/5.0 (Windows NT 10.0; Win64; x64) AppleWebKit/537.36 (KHTML, like Gecko) Chrome/62.0.3202.94 Safari/537.36"
192.168.1.5 - - [01/Dec/2024:13:31:45 +0300] "DELETE /eqoaj HTTP/1.1" 204 2722 "https://www.google.com/" "Mozilla/5.0 (Windows NT 10.0; Win64; x64; rv:54.0) Gecko/20100101 Firefox/54.0"
192.168.1.1 - - [01/Dec/2024:13:31:45 +0300] "GET /bvcshxdyyb HTTP/1.1" 403 6072 "https://www.example.com/" "Mozilla/5.0 (Windows NT 10.0; Win64; x64) AppleWebKit/537.36 (KHTML, like Gecko) Chrome/62.0.3202.94 Safari/537.36"
192.168.1.8 - - [01/Dec/2024:13:31:45 +0300] "DELETE /agjsf HTTP/1.1" 301 3796 "https://www.example.com/" "Mozilla/5.0 (Windows NT 10.0; Win64; x64) AppleWebKit/537.36 (KHTML, like Gecko) Chrome/58.0.3029.110 Safari/537.36"
192.168.1.11 - - [01/Dec/2024:13:31:45 +0300] "PUT /ovdbzcus HTTP/1.1" 201 3025 "https://www.example.com/" "Mozilla/5.0 (Windows NT 6.1; WOW64; rv:54.0) Gecko/20100101 Firefox/54.0"
192.168.1.31 - - [01/Dec/2024:13:31:45 +0300] "POST /zd HTTP/1.1" 404 1210 "https://www.google.com/" "Mozilla/5.0 (Windows NT 10.0; Win64; x64) AppleWebKit/537.36 (KHTML, like Gecko) Chrome/58.0.3029.110 Safari/537.36"
192.168.1.34 - - [01/Dec/2024:13:31:45 +0300] "GET /qh HTTP/1.1" 403 3022 "https://www.google.com/" "Mozilla/5.0 (Windows NT 10.0; WOW64) AppleWebKit/537.36 (KHTML, like Gecko) Chrome/58.0.3029.110 Safari/537.36 OPR/45.0.2552.898"
192.168.1.21 - - [01/Dec/2024:13:31:45 +0300] "GET /pkjbs HTTP/1.1" 200 5196 "https://www.example.com/" "Mozilla/5.0 (Windows NT 10.0; WOW64) AppleWebKit/537.36 (KHTML, like Gecko) Chrome/58.0.3029.110 Safari/537.36 OPR/45.0.2552.898"
192.168.1.13 - - [01/Dec/2024:13:31:45 +0300] "GET /vwtu HTTP/1.1" 204 7918 "https://www.google.com/" "Mozilla/5.0 (Windows NT 6.1; WOW64; rv:54.0) Gecko/20100101 Firefox/54.0"
2001:db8:0:1:0:0:0:e - - [01/Dec/2024:13:31:45 +0300] "POST /yrfp HTTP/1.1" 200 3302 "https://www.msn.com/" "Mozilla/5.0 (Windows NT 10.0; Win64; x64) AppleWebKit/537.36 (KHTML, like Gecko) Chrome/62.0.3202.94 Safari/537.36"
192.168.1.1 - - [01/Dec/2024:13:31:45 +0300] "PUT /dvuh HTTP/1.1" 500 1524 "https://www.google.com/" "Mozilla/5.0 (Windows NT 10.0; Win64; x64; rv:54.0) Gecko/20100101 Firefox/54.0"
192.168.1.27 - - [01/Dec/2024:13:31:45 +0300] "DELETE /rrcobhhnae HTTP/1.1" 301 730 "https://www.google.com/" "Mozilla/5.0 (Windows NT 6.1; WOW64; rv:54.0) Gecko/20100101 Firefox/54.0"
192.168.1.19 - - [01/Dec/2024:13:31:45 +0300] "POST /dpktl HTTP/1.1" 500 2921 "https://www.ibm.com/" "Mozilla/5.0 (Windows NT 6.1; WOW64; Trident/7.0; AS; rv:11.0) like Gecko"
192.168.1.50 - - [01/Dec/2024:13:31:45 +0300] "POST /qbmxe HTTP/1.1" 403 9582 "https://www.ibm.com/" "Mozilla/5.0 (Windows NT 6.1; WOW64; Trident/7.0; AS; rv:11.0) like Gecko"
192.168.1.20 - - [01/Dec/2024:13:31:45 +0300] "DELETE /jsh HTTP/1.1" 301 9216 "https://www.example.com/" "Mozilla/5.0 (Windows NT 6.1; WOW64; Trident/7.0; AS; rv:11.0) like Gecko"
192.168.1.22 - - [01/Dec/2024:13:31:45 +0300] "PUT /su HTTP/1.1" 400 6865 "https://www.msn.com/" "Mozilla/5.0 (Windows NT 6.1; WOW64; Trident/7.0; AS; rv:11.0) like Gecko"
192.168.1.16 - - [01/Dec/2024:13:31:45 +0300] "DELETE /evoiovvm HTTP/1.1" 404 8488 "https://www.example.com/" "Mozilla/5.0 (Windows NT 10.0; Win64; x64) AppleWebKit/537.36 (KHTML, like Gecko) Chrome/58.0.3029.110 Safari/537.36"
192.168.1.20 - - [01/Dec/2024:13:31:45 +0300] "PUT /yikqjcqwj HTTP/1.1" 201 5332 "https://www.ibm.com/" "Mozilla/5.0 (Windows NT 10.0; Win64; x64) AppleWebKit/537.36 (KHTML, like Gecko) Chrome/62.0.3202.94 Safari/537.36"
192.168.1.6 - - [01/Dec/2024:13:31:45 +0300] "PUT /bcrco HTTP/1.1" 400 1591 "https://www.google.com/" "Mozilla/5.0 (Windows NT 10.0; WOW64) AppleWebKit/537.36 (KHTML, like Gecko) Chrome/58.0.3029.110 Safari/537.36 OPR/45.0.2552.898"
192.168.1.22 - - [01/Dec/2024:13:31:45 +0300] "GET /ypitlvrp HTTP/1.1" 400 4106 "https://www.example.com/" "Mozilla/5.0 (Windows NT 6.1; WOW64; Trident/7.0; AS; rv:11.0) like Gecko"
192.168.1.33 - - [01/Dec/2024:13:31:45 +0300] "DELETE /ge HTTP/1.1" 301 1033 "https://www.msn.com/" "Mozilla/5.0 (Windows NT 10.0; Win64; x64; rv:54.0) Gecko/20100101 Firefox/54.0"
2001:db8:0:1:0:0:0:2 - - [01/Dec/2024:13:31:45 +0300] "GET /p HTTP/1.1" 200 5387 "https://www.example.com/" "Mozilla/5.0 (Windows NT 6.1; WOW64; Trident/7.0; AS; rv:11.0) like Gecko"
192.168.1.39 - - [01/Dec/2024:13:31:45 +0300] "PUT /n HTTP/1.1" 301 9382 "https://www.msn.com/" "Mozilla/5.0 (Windows NT 6.1; WOW64; rv:54.0) Gecko/20100101 Firefox/54.0"
2001:db8:0:1:0:0:0:3 - - [01/Dec/2024:13:31:45 +0300] "PUT /mvnz HTTP/1.1" 401 1414 "https://www.ibm.com/" "Mozilla/5.0 (Windows NT 10.0; Win64; x64; rv:54.0) Gecko/20100101 Firefox/54.0"
192.168.1.25 - - [01/Dec/2024:13:31:45 +0300] "POST /bzznxxc HTTP/1.1" 302 5522 "https://www.ibm.com/" "Mozilla/5.0 (Windows NT 10.0; WOW64) AppleWebKit/537.36 (KHTML, like Gecko) Chrome/58.0.3029.110 Safari/537.36 OPR/45.0.2552.898"
192.168.1.25 - - [01/Dec/2024:13:31:45 +0300] "POST /hxjof HTTP/1.1" 400 6592 "https://www.google.com/" "Mozilla/5.0 (Windows NT 6.1; WOW64; rv:54.0) Gecko/20100101 Firefox/54.0"
2001:db8:0:1:0:0:0:a - - [01/Dec/2024:13:31:45 +0300] "GET /vw HTTP/1.1" 404 3559 "https://www.google.com/" "Mozilla/5.0 (Windows NT 10.0; Win64; x64; rv:54.0) Gecko/20100101 Firefox/54.0"
192.168.1.46 - - [01/Dec/2024:13:31:45 +0300] "POST /oytfdq HTTP/1.1" 204 5907 "https://www.google.com/" "Mozilla/5.0 (Windows NT 10.0; Win64; x64) AppleWebKit/537.36 (KHTML, like Gecko) Chrome/62.0.3202.94 Safari/537.36"
2001:db8:0:1:0:0:0:7 - - [01/Dec/2024:13:31:45 +0300] "POST /cq HTTP/1.1" 404 205 "https://www.ibm.com/" "Mozilla/5.0 (Windows NT 10.0; Win64; x64) AppleWebKit/537.36 (KHTML, like Gecko) Chrome/62.0.3202.94 Safari/537.36"
192.168.1.5 - - [01/Dec/2024:13:31:45 +0300] "POST /vjt HTTP/1.1" 201 7013 "https://www.example.com/" "Mozilla/5.0 (Windows NT 10.0; Win64; x64) AppleWebKit/537.36 (KHTML, like Gecko) Chrome/58.0.3029.110 Safari/537.36"
192.168.1.11 - - [01/Dec/2024:13:31:45 +0300] "POST /o HTTP/1.1" 301 1505 "https://www.msn.com/" "Mozilla/5.0 (Windows NT 10.0; WOW64) AppleWebKit/537.36 (KHTML, like Gecko) Chrome/58.0.3029.110 Safari/537.36 OPR/45.0.2552.898"
192.168.1.35 - - [01/Dec/2024:13:31:45 +0300] "DELETE /dhd HTTP/1.1" 403 1810 "https://www.ibm.com/" "Mozilla/5.0 (Windows NT 10.0; Win64; x64) AppleWebKit/537.36 (KHTML, like Gecko) Chrome/62.0.3202.94 Safari/537.36"
