192.168.1.9 - - [01/Dec/2024:13:31:45 +0300] "POST /xmcxbzwpy HTTP/1.1" 200 9569 "https://www.example.com/" "Mozilla/5.0 (Windows NT 10.0; Win64; x64) AppleWebKit/537.36 (KHTML, like Gecko) Chrome/62.0.3202.94 Safari/537.36"
192.168.1.2 - - [01/Dec/2024:13:31:45 +0300] "DELETE /kh HTTP/1.1" 302 2415 "https://www.example.com/" "Mozilla/5.0 (Windows NT 10.0; Win64; x64) AppleWebKit/537.36 (KHTML, like Gecko) Chrome/58.0.3029.110 Safari/537.36"
192.168.1.30 - - [01/Dec/2024:13:31:45 +0300] "DELETE /i HTTP/1.1" 201 8038 "https://www.msn.com/" "Mozilla/5.0 (Windows NT 10.0; WOW64) AppleWebKit/537.36 (KHTML, like Gecko) Chrome/58.0.3029.110 Safari/537.36 OPR/45.0.2552.898"
192.168.1.4 - - [01/Dec/2024:13:31:45 +0300] "DELETE /dfyz HTTP/1.1" 401 9915 "https://www.example.com/" "Mozilla/5.0 (Windows NT 10.0; Win64; x64) AppleWebKit/537.36 (KHTML, like Gecko) Chrome/62.0.3202.94 Safari/537.36"
192.168.1.1 - - [01/Dec/2024:13:31:45 +0300] "POST /hrstofnrho HTTP/1.1" 401 2292 "https://www.example.com/" "Mozilla/5.0 (Windows NT 10.0; WOW64) AppleWebKit/537.36 (KHTML, like Gecko) Chrome/58.0.3029.110 Safari/537.36 OPR/45.0.2552.898"
192.168.1.2 - - [01/Dec/2024:13:31:45 +0300] "PUT /qwdwe HTTP/1.1" 500 8019 "https://www.ibm.com/" "Mozilla/5.0 (Windows NT 6.1; WOW64; Trident/7.0; AS; rv:11.0) like Gecko"
192.168.1.39 - - [01/Dec/2024:13:31:45 +0300] "PUT /oghdoesgfv HTTP/1.1" 400 9796 "https://www.ibm.com/" "Mozilla/5.0 (Windows NT 10.0; WOW64) AppleWebKit/537.36 (KHTML, like Gecko) Chrome/58.0.3029.110 Safari/537.36 OPR/45.0.2552.898"
192.168.1.45 - - [01/Dec/2024:13:31:45 +0300] "PUT /awnaqvl HTTP/1.1" 301 8937 "https://www.msn.com/" "Mozilla/5.0 (Windows NT 10.0; WOW64) AppleWebKit/537.36 (KHTML, like Gecko) Chrome/58.0.3029.110 Safari/537.36 OPR/45.0.2552.898"
192.168.1.10 - - [01/Dec/2024:13:31:45 +0300] "DELETE /vktta HTTP/1.1" 404 3041 "https://www.msn.com/" "Mozilla/5.0 (Windows NT 10.0; Win64; x64) AppleWebKit/537.36 (KHTML, like Gecko) Chrome/62.0.3202.94 Safari/537.36"
192.168.1.12 - - [01/Dec/2024:13:31:45 +0300] "DELETE /uhrotgj HTTP/1.1" 200 4471 "https://www.msn.com/" "Mozilla/5.0 (Windows NT 6.1; WOW64; Trident/7.0; AS; rv:11.0) like Gecko"
2001:db8:0:1:0:0:0:5 - - [01/Dec/2024:13:31:45 +0300] "DELETE /zkbusgmmmj HTTP/1.1" 204 905 "https://www.example.com/" "Mozilla/5.0 (Windows NT 10.0; Win64; x64) AppleWebKit/537.36 (KHTML, like Gecko) Chrome/62.0.3202.94 Safari/537.36"
192.168.1.7 - - [01/Dec/2024:13:31:45 +0300] "DELETE /gxr HTTP/1.1" 301 7426 "https://www.ibm.com/" "Mozilla/5.0 (Windows NT 6.1; WOW64; Trident/7.0; AS; rv:11.0) like Gecko"
192.168.1.47 - - [01/Dec/2024:13:31:45 +0300] "PUT /hhyhespbok HTTP/1.1" 201 5542 "https://www.ibm.com/" "Mozilla/5.0 (Windows NT 10.0; WOW64) AppleWebKit/537.36 (KHTML, like Gecko) Chrome/58.0.3029.110 Safari/537.36 OPR/45.0.2552.898"
192.168.1.12 - - [01/Dec/2024:13:31:45 +0300] "DELETE /mkxddduau HTTP/1.1" 401 7276 "https://www.ibm.com/" "Mozilla/5.0 (Windows NT 10.0; WOW64) AppleWebKit/537.36 (KHTML, like Gecko) Chrome/58.0.3029.110 Safari/537.36 OPR/45.0.2552.898"
192.168.1.33 - - [01/Dec/2024:13:31:45 +0300] "GET /btznqrk HTTP/1.1" 301 559 "https://www.msn.com/" "Mozilla/5.0 (Windows NT 10.0; Win64; x64; rv:54.0) Gecko/20100101 Firefox/54.0"
192.168.1.17 - - [01/Dec/2024:13:31:45 +0300] "POST /jrhf HTTP/1.1" 301 9994 "https://www.ibm.com/" "Mozilla/5.0 (Windows NT 6.1; WOW64; rv:54.0) Gecko/20100101 Firefox/54.0"
192.168.1.11 - - [01/Dec/2024:13:31:45 +0300] "DELETE /vaifr HTTP/1.1" 500 4636 "https://www.example.com/" "Mozilla/5.0 (Windows NT 10.0; Win64; x64) AppleWebKit/537.36 (KHTML, like Gecko) Chrome/58.0.3029.110 Safari/537.36"
192.168.1.24 - - [01/Dec/2024:13:31:45 +0300] "DELETE /jgnundjvun HTTP/1.1" 204 3786 "https://www.google.com/" "Mozilla/5.0 (Windows NT 10.0; Win64; x64; rv:54.0) Gecko/20100101 Firefox/54.0"
192.168.1.30 - - [01/Dec/2024:13:31:45 +0300] "PUT /nysanm HTTP/1.1" 301 990 "https://www.msn.com/" "Mozilla/5.0 (Windows NT 6.1; WOW64; Trident/7.0; AS; rv:11.0) like Gecko"
2001:db8:0:1:0:0:0:e - - [01/Dec/2024:13:31:45 +0300] "GET /yokyilaxje HTTP/1.1" 404 8662 "https://www.msn.com/" "Mozilla/5.0 (Windows NT 10.0; Win64; x64) AppleWebKit/537.36 (KHTML, like Gecko) Chrome/62.0.3202.94 Safari/537.36"
2001:db8:0:1:0:0:0:8 - - [01/Dec/2024:13:31:45 +0300] "PUT /z HTTP/1.1" 400 2773 "https://www.msn.com/" "Mozilla/5.0 (Windows NT 10.0; Win64; x64) AppleWebKit/537.36 (KHTML, like Gecko) Chrome/58.0.3029.110 Safari/537.36"
2001:db8:0:1:0:0:0:a - - [01/Dec/2024:13:31:45 +0300] "DELETE /cy HTTP/1.1" 403 8251 "https://www.google.com/" "Mozilla/5.0 (Windows NT 10.0; Win64; x64; rv:54.0) Gecko/20100101 Firefox/54.0"
192.168.1.32 - - [01/Dec/2024:13:31:45 +0300] "PUT /jigwuufqa HTTP/1.1" 301 2766 "https://www.ibm.com/" "Mozilla/5.0 (Windows NT 6.1; WOW64; rv:54.0) Gecko/20100101 Firefox/54.0"
192.168.1.24 - - [01/Dec/2024:13:31:45 +0300] "PUT /qdnurfresh HTTP/1.1" 201 8755 "https://www.ibm.com/" "Mozilla/5.0 (Windows NT 10.0; Win64; x64) AppleWebKit/537.36 (KHTML, like Gecko) Chrome/62.0.3202.94 Safari/537.36"
192.168.1.40 - - [01/Dec/2024:13:31:45 +0300] "DELETE /cznpwey HTTP/1.1" 401 664 "https://www.example.com/" "Mozilla/5.0 (Windows NT 10.0; Win64; x64) AppleWebKit/537.36 (KHTML, like Gecko) Chrome/58.0.3029.110 Safari/537.36"
192.168.1.47 - - [01/Dec/2024:13:31:45 +0300] "PUT /xmokwfio HTTP/1.1" 204 341 "https://www.google.com/" "Mozilla/5.0 (Windows NT 10.0; Win64; x64) AppleWebKit/537.36 (KHTML, like Gecko) Chrome/62.0.3202.94 Safari/537.36"
2001:db8:0:1:0:0:0:3 - - [01/Dec/2024:13:31:45 +0300] "DELETE /orbmh HTTP/1.1" 204 5229 "https://www.ibm.com/" "Mozilla/5.0 (Windows NT 10.0; WOW64) AppleWebKit/537.36 (KHTML, like Gecko) Chrome/58.0.3029.110 Safari/537.36 OPR/45.0.2552.898"
192.168.1.16 - - [01/Dec/2024:13:31:45 +0300] "DELETE /jkrgwvxrz HTTP/1.1" 400 4219 "https://www.example.com/" "Mozilla/5.0 (Windows NT 10.0; Win64; x64; rv:54.0) Gecko/20100101 Firefox/54.0"
2001:db8:0:1:0:0:0:5 - - [01/Dec/2024:13:31:45 +0300] "DELETE /qwoeob HTTP/1.1" 200 526 "https://www.google.com/" "Mozilla/5.0 (Windows NT 6.1; WOW64; rv:54.0) Gecko/20100101 Firefox/54.0"
2001:db8:0:1:0:0:0:3 - - [01/Dec/2024:13:31:45 +0300] "PUT /ypwugogx HTTP/1.1" 302 4081 "https://www.ibm.com/" "Mozilla/5.0 (Windows NT 10.0; Win64; x64) AppleWebKit/537.36 (KHTML, like Gecko) Chrome/62.0.3202.94 Safari/537.36"
192.168.1.2 - - [01/Dec/2024:13:31:45 +0300] "POST /xqjiemrm HTTP/1.1" 204 6671 "https://www.example.com/" "Mozilla/5.0 (Windows NT 10.0; Win64; x64) AppleWebKit/537.36 (KHTML, like Gecko) Chrome/62.0.3202.94 Safari/537.36"
192.168.1.37 - - [01/Dec/2024:13:31:45 +0300] "GET /gxtgqdk HTTP/1.1" 400 2154 "https://www.example.com/" "Mozilla/5.0 (Windows NT 6.1; WOW64; rv:54.0) Gecko/20100101 Firefox/54.0"
192.168.1.16 - - [01/Dec/2024:13:31:45 +0300] "POST /j HTTP/1.1" 200 3684 "https://www.ibm.com/" "Mozilla/5.0 (Windows NT 6.1; WOW64; Trident/7.0; AS; rv:11.0) like Gecko"
192.168.1.5 - - [01/Dec/2024:13:31:45 +0300] "POST /swpwkp HTTP/1.1" 400 1877 "https://www.msn.com/" "Mozilla/5.0 (Windows NT 10.0; Win64; x64) AppleWebKit/537.36 (KHTML, like Gecko) Chrome/58.0.3029.110 Safari/537.36"
192.168.1.22 - - [01/Dec/2024:13:31:45 +0300] "POST /p HTTP/1.1" 200 3678 "https://www.ibm.com/" "Mozilla/5.0 (Windows NT 6.1; WOW64; Trident/7.0; AS; rv:11.0) like Gecko"
192.168.1.48 - - [01/Dec/2024:13:31:45 +0300] "GET /w HTTP/1.1" 200 8855 "https://www.ibm.com/" "Mozilla/5.0 (Windows NT 10.0; Win64; x64) AppleWebKit/537.36 (KHTML, like Gecko) Chrome/62.0.3202.94 Safari/537.36"
192.168.1.38 - - [01/Dec/2024:13:31:45 +0300] "DELETE /rc HTTP/1.1" 400 5382 "https://www.msn.com/" "Mozilla/5.0 (Windows NT 6.1; WOW64; rv:54.0) Gecko/20100101 Firefox/54.0"
192.168.1.50 - - [01/Dec/2024:13:31:45 +0300] "GET /pvezfr HTTP/1.1" 200 5363 "https://www.google.com/" "Mozilla/5.0 (Windows NT 6.1; WOW64; rv:54.0) Gecko/20100101 Firefox/54.0"
192.168.1.36 - - [01/Dec/2024:13:31:45 +0300] "DELETE /omtfa HTTP/1.1" 302 3326 "https://www.google.com/" "Mozilla/5.0 (Windows NT 10.0; Win64; x64; rv:54.0) Gecko/20100101 Firefox/54.0"
192.168.1.7 - - [01/Dec/2024:13:31:45 +0300] "DELETE /fkhvwgomvw HTTP/1.1" 302 1574 "https://www.example.com/" "Mozilla/5.0 (Windows NT 10.0; Win64; x64) AppleWebKit/537.36 (KHTML, like Gecko) Chrome/62.0.3202.94 Safari/537.36"
2001:db8:0:1:0:0:0:1 - - [01/Dec/2024:13:31:45 +0300] "POST /r HTTP/1.1" 201 8161 "https://www.msn.com/" "Mozilla/5.0 (Windows NT 10.0; Win64; x64) AppleWebKit/537.36 (KHTML, like Gecko) Chrome/62.0.3202.94 Safari/537.36"
192.168.1.31 - - [01/Dec/2024:13:31:45 +0300] "POST /dfandjw HTTP/1.1" 404 4439 "https://www.ibm.com/" "Mozilla/5.0 (Windows NT 10.0; Win64; x64) AppleWebKit/537.36 (KHTML, like Gecko) Chrome/58.0.3029.110 Safari/537.36"
192.168.1.46 - - [01/Dec/2024:13:31:45 +0300] "POST /zivntrz HTTP/1.1" 301 1245 "https://www.ibm.com/" "Mozilla/5.0 (Windows NT 10.0; Win64; x64) AppleWebKit/537.36 (KHTML, like Gecko) Chrome/58.0.3029.110 Safari/537.36"
192.168.1.11 - - [01/Dec/2024:13:31:45 +0300] "DELETE /difoc HTTP/1.1" 201 6232 "https://www.example.com/" "Mozilla/5.0 (Windows NT 10.0; WOW64) AppleWebKit/537.36 (KHTML, like Gecko) Chrome/58.0.3029.110 Safari/537.36 OPR/45.0.2552.898"
192.168.1.36 - - [01/Dec/2024:13:31:45 +0300] "DELETE /em HTTP/1.1" 204 4923 "https://www.ibm.com/" "Mozilla/5.0 (Windows NT 6.1; WOW64; rv:54.0) Gecko/20100101 Firefox/54.0"
192.168.1.46 - - [01/Dec/2024:13:31:45 +0300] "PUT /tlynttsiwf HTTP/1.1" 204 1889 "https://www.google.com/" "Mozilla/5.0 (Windows NT 10.0; Win64; x64) AppleWebKit/537.36 (KHTML, like Gecko) Chrome/58.0.3029.110 Safari/537.36"
192.168.1.16 - - [01/Dec/2024:13:31:45 +0300] "DELETE /jlb HTTP/1.1" 301 1588 "https://www.example.com/" "Mozilla/5.0 (Windows NT 6.1; WOW64; rv:54.0) Gecko/20100101 Firefox/54.0"
192.168.1.42 - - [01/Dec/2024:13:31:45 +0300] "GET /auegtiylih HTTP/1.1" 200 4040 "https://www.ibm.com/" "Mozilla/5.0 (Windows NT 10.0; Win64; x64; rv:54.0) Gecko/20100101 Firefox/54.0"
192.168.1.14 - - [01/Dec/2024:13:31:45 +0300] "GET /tq HTTP/1.1" 500 6246 "https://www.msn.com/" "Mozilla/5.0 (Windows NT 6.1; WOW64; Trident/7.0; AS; rv:11.0) like Gecko"
192.168.1.50 - - [01/Dec/2024:13:31:45 +0300] "DELETE /h HTTP/1.1" 401 5817 "https://www.google.com/" "Mozilla/5.0 (Windows NT 6.1; WOW64; rv:54.0) Gecko/20100101 Firefox/54.0"
2001:db8:0:1:0:0:0:1 - - [01/Dec/2024:13:31:45 +0300] "POST /tivw HTTP/1.1" 500 678 "https://www.msn.com/" "Mozilla/5.0 (Windows NT 10.0; Win64; x64; rv:54.0) Gecko/20100101 Firefox/54.0"
192.168.1.28 - - [01/Dec/2024:13:31:45 +0300] "POST /mwfmzvqe HTTP/1.1" 200 261 "https://www.example.com/" "Mozilla/5.0 (Windows NT 10.0; Win64; x64; rv:54.0) Gecko/20100101 Firefox/54.0"
2001:db8:0:1:0:0:0:1 - - [01/Dec/2024:13:31:45 +0300] "POST /xzxuex HTTP/1.1" 500 5618 "https://www.google.com/" "Mozilla/5.0 (Windows NT 6.1; WOW64; Trident/7.0; AS; rv:11.0) like Gecko"
192.168.1.7 - - [01/Dec/2024:13:31:45 +0300] "DELETE /gkcsgm HTTP/1.1" 401 6006 "https://www.example.com/" "Mozilla/5.0 (Windows NT 6.1; WOW64; rv:54.0) Gecko/20100101 Firefox/54.0"
192.168.1.33 - - [01/Dec/2024:13:31:45 +0300] "DELETE /wuio HTTP/1.1" 400 1567 "https://www.google.com/" "Mozilla/5.0 (Windows NT 10.0; Win64; x64) AppleWebKit/537.36 (KHTML, like Gecko) Chrome/62.0.3202.94 Safari/537.36"
192.168.1.2 - - [01/Dec/2024:13:31:45 +0300] "DELETE /rfmja HTTP/1.1" 404 4039 "https://www.msn.com/" "Mozilla/5.0 (Windows NT 10.0; WOW64) AppleWebKit/537.36 (KHTML, like Gecko) Chrome/58.0.3029.110 Safari/537.36 OPR/45.0.2552.898"
2001:db8:0:1:0:0:0:e - - [01/Dec/2024:13:31:45 +0300] "PUT /fdhm HTTP/1.1" 302 5239 "https://www.example.com/" "Mozilla/5.0 (Windows NT 10.0; Win64; x64) AppleWebKit/537.36 (KHTML, like Gecko) Chrome/62.0.3202.94 Safari/537.36"
192.168.1.42 - - [01/Dec/2024:13:31:45 +0300] "POST /ip HTTP/1.1" 201 9637 "https://www.msn.com/" "Mozilla/5.0 (Windows NT 10.0; Win64; x64) AppleWebKit/537.36 (KHTML, like Gecko) Chrome/62.0.3202.94 Safari/537.36"
192.168.1.39 - - [01/Dec/2024:13:31:45 +0300] "GET /gr HTTP/1.1" 500 3852 "https://www.ibm.com/" "Mozilla/5.0 (Windows NT 10.0; Win64; x64) AppleWebKit/537.36 (KHTML, like Gecko) Chrome/62.0.3202.94 Safari/537.36"
2001:db8:0:1:0:0:0:9 - - [01/Dec/2024:13:31:45 +0300] "DELETE /raqggeufrk HTTP/1.1" 204 5543 "https://www.msn.com/" "Mozilla/5.0 (Windows NT 10.0; Win64; x64) AppleWebKit/537.36 (KHTML, like Gecko) Chrome/58.0.3029.110 Safari/537.36"
192.168.1.20 - - [01/Dec/2024:13:31:45 +0300] "PUT /ealc HTTP/1.1" 301 5297 "https://www.ibm.com/" "Mozilla/5.0 (Windows NT 6.1; WOW64; rv:54.0) Gecko/20100101 Firefox/54.0"
2001:db8:0:1:0:0:0:8 - - [01/Dec/2024:13:31:45 +0300] "PUT /gtukzvx HTTP/1.1" 302 4755 "https://www.msn.com/" "Mozilla/5.0 (Windows NT 10.0; Win64; x64) AppleWebKit/537.36 (KHTML, like Gecko) Chrome/62.0.3202.94 Safari/537.36"
2001:db8:0:1:0:0:0:c - - [01/Dec/2024:13:31:45 +0300] "GET /crrcx HTTP/1.1" 403 5205 "https://www.msn.com/" "Mozilla/5.0 (Windows NT 6.1; WOW64; rv:54.0) Gecko/20100101 Firefox/54.0"
192.168.1.8 - - [01/Dec/2024:13:31:45 +0300] "DELETE /edzwrrm HTTP/1.1" 400 3452 "https://www.ibm.com/" "Mozilla/5.0 (Windows NT 10.0; Win64; x64) AppleWebKit/537.36 (KHTML, like Gecko) Chrome/58.0.3029.110 Safari/537.36"
192.168.1.9 - - [01/Dec/2024:13:31:45 +0300] "DELETE /rpwgzyjsof HTTP/1.1" 301 5579 "https://www.ibm.com/" "Mozilla/5.0 (Windows NT 6.1; WOW64; rv:54.0) Gecko/20100101 Firefox/54.0"
192.168.1.25 - - [01/Dec/2024:13:31:45 +0300] "PUT /s HTTP/1.1" 401 7844 "https://www.ibm.com/" "Mozilla/5.0 (Windows NT 6.1; WOW64; Trident/7.0; AS; rv:11.0) like Gecko"
2001:db8:0:1:0:0:0:6 - - [01/Dec/2024:13:31:45 +0300] "POST /zottiwbnpp HTTP/1.1" 200 3437 "https://www.example.com/" "Mozilla/5.0 (Windows NT 10.0; WOW64) AppleWebKit/537.36 (KHTML, like Gecko) Chrome/58.0.3029.110 Safari/537.36 OPR/45.0.2552.898"
192.168.1.16 - - [01/Dec/2024:13:31:45 +0300] "DELETE /icpzztx HTTP/1.1" 301 9246 "https://www.example.com/" "Mozilla/5.0 (Windows NT 6.1; WOW64; Trident/7.0; AS; rv:11.0) like Gecko"
192.168.1.33 - - [01/Dec/2024:13:31:45 +0300] "DELETE /guhkcijm HTTP/1.1" 500 2564 "https://www.google.com/" "Mozilla/5.0 (Windows NT 6.1; WOW64; Trident/7.0; AS; rv:11.0) like Gecko"
192.168.1.44 - - [01/Dec/2024:13:31:45 +0300] "POST /knfqlwarx HTTP/1.1" 301 3753 "https://www.google.com/" "Mozilla/5.0 (Windows NT 10.0; Win64; x64; rv:54.0) Gecko/20100101 Firefox/54.0"
2001:db8:0:1:0:0:0:a - - [01/Dec/2024:13:31:45 +0300] "PUT /izzawvf HTTP/1.1" 302 4517 "https://www.example.com/" "Mozilla/5.0 (Windows NT 10.0; Win64; x64) AppleWebKit/537.36 (KHTML, like Gecko) Chrome/58.0.3029.110 Safari/537.36"
192.168.1.1 - - [01/Dec/2024:13:31:45 +0300] "PUT /xus HTTP/1.1" 400 6291 "https://www.msn.com/" "Mozilla/5.0 (Windows NT 10.0; WOW64) AppleWebKit/537.36 (KHTML, like Gecko) Chrome/58.0.3029.110 Safari/537.36 OPR/45.0.2552.898"
2001:db8:0:1:0:0:0:8 - - [01/Dec/2024:13:31:45 +0300] "GET /vohbum HTTP/1.1" 302 324 "https://www.msn.com/" "Mozilla/5.0 (Windows NT 10.0; Win64; x64; rv:54.0) Gecko/20100101 Firefox/54.0"
192.168.1.41 - - [01/Dec/2024:13:31:45 +0300] "PUT /svfsriml HTTP/1.1" 200 9933 "https://www.example.com/" "Mozilla/5.0 (Windows NT 10.0; Win64; x64; rv:54.0) Gecko/20100101 Firefox/54.0"
2001:db8:0:1:0:0:0:8 - - [01/Dec/2024:13:31:45 +0300] "DELETE /kaek HTTP/1.1" 400 175 "https://www.ibm.com/" "Mozilla/5.0 (Windows NT 6.1; WOW64; rv:54.0) Gecko/20100101 Firefox/54.0"
192.168.1.50 - - [01/Dec/2024:13:31:45 +0300] "GET /fi HTTP/1.1" 404 7787 "https://www.example.com/" "Mozilla/5.0 (Windows NT 10.0; Win64; x64) AppleWebKit/537.36 (KHTML, like Gecko) Chrome/58.0.3029.110 Safari/537.36"
192.168.1.19 - - [01/Dec/2024:13:31:45 +0300] "POST /wvstmhfhxx HTTP/1.1" 302 6784 "https://www.ibm.com/" "Mozilla/5.0 (Windows NT 10.0; Win64; x64) AppleWebKit/537.36 (KHTML, like Gecko) Chrome/58.0.3029.110 Safari/537.36"
2001:db8:0:1:0:0:0:d - - [01/Dec/2024:13:31:45 +0300] "GET /vvtoplp HTTP/1.1" 401 7503 "https://www.example.com/" "Mozilla/5.0 (Windows NT 6.1; WOW64; Trident/7.0; AS; rv:11.0) like Gecko"
192.168.1.49 - - [01/Dec/2024:13:31:45 +0300] "POST /yjdglg HTTP/1.1" 403 3679 "https://www.google.com/" "Mozilla/5.0 (Windows NT 10.0; Win64; x64) AppleWebKit/537.36 (KHTML, like Gecko) Chrome/58.0.3029.110 Safari/537.36"
192.168.1.38 - - [01/Dec/2024:13:31:45 +0300] "POST /ngempigely HTTP/1.1" 204 9381 "https://www.msn.com/" "Mozilla/5.0 (Windows NT 10.0; WOW64) AppleWebKit/537.36 (KHTML, like Gecko) Chrome/58.0.3029.110 Safari/537.36 OPR/45.0.2552.898"
192.168.1.17 - - [01/Dec/2024:13:31:45 +0300] "GET /tfvoxliere HTTP/1.1" 200 8991 "https://www.ibm.com/" "Mozilla/5.0 (Windows NT 10.0; Win64; x64) AppleWebKit/537.36 (KHTML, like Gecko) Chrome/58.0.3029.110 Safari/537.36"
2001:db8:0:1:0:0:0:c - - [01/Dec/2024:13:31:45 +0300] "DELETE /nxe HTTP/1.1" 301 6763 "https://www.google.com/" "Mozilla/5.0 (Windows NT 10.0; Win64; x64) AppleWebKit/537.36 (KHTML, like Gecko) Chrome/58.0.3029.110 Safari/537.36"
2001:db8:0:1:0:0:0:c - - [01/Dec/2024:13:31:45 +0300] "DELETE /p HTTP/1.1" 204 682 "https://www.google.com/" "Mozilla/5.0 (Windows NT 6.1; WOW64; rv:54.0) Gecko/20100101 Firefox/54.0"
2001:db8:0:1:0:0:0:2 - - [01/Dec/2024:13:31:45 +0300] "GET /qxycybip HTTP/1.1" 401 2536 "https://www.msn.com/" "Mozilla/5.0 (Windows NT 10.0; Win64; x64; rv:54.0) Gecko/20100101 Firefox/54.0"
192.168.1.39 - - [01/Dec/2024:13:31:45 +0300] "POST /edtwxli HTTP/1.1" 400 9694 "https://www.example.com/" "Mozilla/5.0 (Windows NT 10.0; Win64; x64; rv:54.0) Gecko/20100101 Firefox/54.0"
192.168.1.8 - - [01/Dec/2024:13:31:45 +0300] "DELETE /rtbmfnqi HTTP/1.1" 302 5943 "https://www.google.com/" "Mozilla/5.0 (Windows NT 6.1; WOW64; rv:54.0) Gecko/20100101 Firefox/54.0"
192.168.1.10 - - [01/Dec/2024:13:31:45 +0300] "PUT /sh HTTP/1.1" 301 5068 "https://www.google.com/" "Mozilla/5.0 (Windows NT 10.0; WOW64) AppleWebKit/537.36 (KHTML, like Gecko) Chrome/58.0.3029.110 Safari/537.36 OPR/45.0.2552.898"
2001:db8:0:1:0:0:0:d - - [01/Dec/2024:13:31:45 +0300] "POST /rhzodb HTTP/1.1" 404 8176 "https://www.example.com/" "Mozilla/5.0 (Windows NT 10.0; Win64; x64) AppleWebKit/537.36 (KHTML, like Gecko) Chrome/58.0.3029.110 Safari/537.36"
192.168.1.34 - - [01/Dec/2024:13:31:45 +0300] "DELETE /ljkuwglyuy HTTP/1.1" 401 6289 "https://www.google.com/" "Mozilla/5.0 (Windows NT 6.1; WOW64; rv:54.0) Gecko/20100101 Firefox/54.0"
2001:db8:0:1:0:0:0:b - - [01/Dec/2024:13:31:45 +0300] "POST /xnfqonyz HTTP/1.1" 201 5830 "https://www.msn.com/" "Mozilla/5.0 (Windows NT 10.0; WOW64) AppleWebKit/537.36 (KHTML, like Gecko) Chrome/58.0.3029.110 Safari/537.36 OPR/45.0.2552.898"
192.168.1.45 - - [01/Dec/2024:13:31:45 +0300] "GET /jegivg HTTP/1.1" 200 8638 "https://www.google.com/" "Mozilla/5.0 (Windows NT 10.0; Win64; x64; rv:54.0) Gecko/20100101 Firefox/54.0"
192.168.1.50 - - [01/Dec/2024:13:31:45 +0300] "GET /tyquswbkg HTTP/1.1" 201 4003 "https://www.example.com/" "Mozilla/5.0 (Windows NT 10.0; Win64; x64; rv:54.0) Gecko/20100101 Firefox/54.0"
192.168.1.10 - - [01/Dec/2024:13:31:45 +0300] "GET /cy HTTP/1.1" 403 6314 "https://www.example.com/" "Mozilla/5.0 (Windows NT 6.1; WOW64; Trident/7.0; AS; rv:11.0) like Gecko"
192.168.1.50 - - [01/Dec/2024:13:31:45 +0300] "DELETE /gkfubg HTTP/1.1" 200 7263 "https://www.example.com/" "Mozilla/5.0 (Windows NT 10.0; Win64; x64) AppleWebKit/537.36 (KHTML, like Gecko) Chrome/62.0.3202.94 Safari/537.36"
192.168.1.3 - - [01/Dec/2024:13:31:45 +0300] "GET /eevr HTTP/1.1" 500 8159 "https://www.example.com/" "Mozilla/5.0 (Windows NT 6.1; WOW64; Trident/7.0; AS; rv:11.0) like Gecko"
192.168.1.5 - - [01/Dec/2024:13:31:45 +0300] "DELETE /smilibnj HTTP/1.1" 401 3754 "https://www.msn.com/" "Mozilla/5.0 (Windows NT 6.1; WOW64; rv:54.0) Gecko/20100101 Firefox/54.0"
2001:db8:0:1:0:0:0:e - - [01/Dec/2024:13:31:45 +0300] "POST /hnxyjejji HTTP/1.1" 201 4020 "https://www.example.com/" "Mozilla/5.0 (Windows NT 6.1; WOW64; Trident/7.0; AS; rv:11.0) like Gecko"
192.168.1.20 - - [01/Dec/2024:13:31:45 +0300] "PUT /kbbtkzwfg HTTP/1.1" 500 993 "https://www.example.com/" "Mozilla/5.0 (Windows NT 10.0; Win64; x64; rv:54.0) Gecko/20100101 Firefox/54.0"
192.168.1.10 - - [01/Dec/2024:13:31:45 +0300] "POST /xprt HTTP/1.1" 400 1956 "https://www.example.com/" "Mozilla/5.0 (Windows NT 10.0; Win64; x64; rv:54.0) Gecko/20100101 Firefox/54.0"
192.168.1.15 - - [01/Dec/2024:13:31:45 +0300] "GET /ypzythnp HTTP/1.1" 401 6500 "https://www.google.com/" "Mozilla/5.0 (Windows NT 10.0; WOW64) AppleWebKit/537.36 (KHTML, like Gecko) Chrome/58.0.3029.110 Safari/537.36 OPR/45.0.2552.898"
192.168.1.30 - - [01/Dec/2024:13:31:45 +0300] "DELETE /yfrzjsjyh HTTP/1.1" 201 5724 "https://www.ibm.com/" "Mozilla/5.0 (Windows NT 10.0; Win64; x64) AppleWebKit/537.36 (KHTML, like Gecko) Chrome/62.0.3202.94 Safari/537.36"
192.168.1.47 - - [01/Dec/2024:13:31:45 +0300] "GET /fjqwdzk HTTP/1.1" 201 3764 "https://www.msn.com/" "Mozilla/5.0 (Windows NT 6.1; WOW64; rv:54.0) Gecko/20100101 Firefox/54.0"
192.168.1.1 - - [01/Dec/2024:13:31:45 +0300] "GET /xxiloril HTTP/1.1" 201 532 "https://www.msn.com/" "Mozilla/5.0 (Windows NT 6.1; WOW64; Trident/7.0; AS; rv:11.0) like Gecko"
192.168.1.17 - - [01/Dec/2024:13:31:45 +0300] "PUT /e HTTP/1.1" 400 8138 "https://www.google.com/" "Mozilla/5.0 (Windows NT 6.1; WOW64; Trident/7.0; AS; rv:11.0) like Gecko"
192.168.1.9 - - [01/Dec/2024:13:31:45 +0300] "DELETE /dklzp HTTP/1.1" 401 2185 "https://www.example.com/" "Mozilla/5.0 (Windows NT 10.0; WOW64) AppleWebKit/537.36 (KHTML, like Gecko) Chrome/58.0.3029.110 Safari/537.36 OPR/45.0.2552.898"
192.168.1.41 - - [01/Dec/2024:13:31:45 +0300] "POST /dxlhbhuvn HTTP/1.1" 401 218 "https://www.ibm.com/" "Mozilla/5.0 (Windows NT 10.0; WOW64) AppleWebKit/537.36 (KHTML, like Gecko) Chrome/58.0.3029.110 Safari/537.36 OPR/45.0.2552.898"
192.168.1.14 - - [01/Dec/2024:13:31:45 +0300] "PUT /fmuyy HTTP/1.1" 200 9139 "https://www.msn.com/" "Mozilla/5.0 (Windows NT 6.1; WOW64; Trident/7.0; AS; rv:11.0) like Gecko"
192.168.1.42 - - [01/Dec/2024:13:31:45 +0300] "PUT /gzoohasls HTTP/1.1" 401 6679 "https://www.example.com/" "Mozilla/5.0 (Windows NT 10.0; Win64; x64) AppleWebKit/537.36 (KHTML, like Gecko) Chrome/62.0.3202.94 Safari/537.36"
192.168.1.18 - - [01/Dec/2024:13:31:45 +0300] "POST /bn HTTP/1.1" 301 5681 "https://www.google.com/" "Mozilla/5.0 (Windows NT 10.0; Win64; x64; rv:54.0) Gecko/20100101 Firefox/54.0"
2001:db8:0:1:0:0:0:9 - - [01/Dec/2024:13:31:45 +0300] "PUT /xphcebwv HTTP/1.1" 500 998 "https://www.example.com/" "Mozilla/5.0 (Windows NT 10.0; Win64; x64) AppleWebKit/537.36 (KHTML, like Gecko) Chrome/58.0.3029.110 Safari/537.36"
2001:db8:0:1:0:0:0:b - - [01/Dec/2024:13:31:45 +0300] "PUT /lla HTTP/1.1" 404 3171 "https://www.example.com/" "Mozilla/5.0 (Windows NT 10.0; Win64; x64) AppleWebKit/537.36 (KHTML, like Gecko) Chrome/58.0.3029.110 Safari/537.36"
192.168.1.4 - - [01/Dec/2024:13:31:45 +0300] "PUT /dlceooeu HTTP/1.1" 302 2217 "https://www.msn.com/" "Mozilla/5.0 (Windows NT 6.1; WOW64; Trident/7.0; AS; rv:11.0) like Gecko"
192.168.1.44 - - [01/Dec/2024:13:31:45 +0300] "GET /xnfjcdfxia HTTP/1.1" 400 4578 "https://www.google.com/" "Mozilla/5.0 (Windows NT 10.0; Win64; x64) AppleWebKit/537.36 (KHTML, like Gecko) Chrome/58.0.3029.110 Safari/537.36"
192.168.1.33 - - [01/Dec/2024:13:31:45 +0300] "GET /kpy HTTP/1.1" 204 4619 "https://www.google.com/" "Mozilla/5.0 (Windows NT 10.0; Win64; x64; rv:54.0) Gecko/20100101 Firefox/54.0"
192.168.1.21 - - [01/Dec/2024:13:31:45 +0300] "GET /fhchslxi HTTP/1.1" 404 5479 "https://www.msn.com/" "Mozilla/5.0 (Windows NT 10.0; Win64; x64) AppleWebKit/537.36 (KHTML, like Gecko) Chrome/62.0.3202.94 Safari/537.36"
192.168.1.25 - - [01/Dec/2024:13:31:45 +0300] "POST /ig HTTP/1.1" 200 9036 "https://www.google.com/" "Mozilla/5.0 (Windows NT 10.0; WOW64) AppleWebKit/537.36 (KHTML, like Gecko) Chrome/58.0.3029.110 Safari/537.36 OPR/45.0.2552.898"
2001:db8:0:1:0:0:0:e - - [01/Dec/2024:13:31:45 +0300] "DELETE /ihalav HTTP/1.1" 204 3709 "https://www.msn.com/" "Mozilla/5.0 (Windows NT 6.1; WOW64; rv:54.0) Gecko/20100101 Firefox/54.0"
2001:db8:0:1:0:0:0:3 - - [01/Dec/2024:13:31:45 +0300] "GET /kqsxwkv HTTP/1.1" 200 1311 "https://www.example.com/" "Mozilla/5.0 (Windows NT 10.0; Win64; x64) AppleWebKit/537.36 (KHTML, like Gecko) Chrome/58.0.3029.110 Safari/537.36"
192.168.1.37 - - [01/Dec/2024:13:31:45 +0300] "POST /g HTTP/1.1" 400 1257 "https://www.example.com/" "Mozilla/5.0 (Windows NT 10.0; Win64; x64) AppleWebKit/537.36 (KHTML, like Gecko) Chrome/62.0.3202.94 Safari/537.36"
192.168.1.43 - - [01/Dec/2024:13:31:45 +0300] "PUT /ensf HTTP/1.1" 201 4837 "https://www.example.com/" "Mozilla/5.0 (Windows NT 6.1; WOW64; rv:54.0) Gecko/20100101 Firefox/54.0"
2001:db8:0:1:0:0:0:2 - - [01/Dec/2024:13:31:45 +0300] "GET /tbtysfpxdc HTTP/1.1" 401 8358 "https://www.google.com/" "Mozilla/5.0 (Windows NT 10.0; Win64; x64; rv:54.0) Gecko/20100101 Firefox/54.0"
192.168.1.1 - - [01/Dec/2024:13:31:45 +0300] "DELETE /ju HTTP/1.1" 201 2913 "https://www.example.com/" "Mozilla/5.0 (Windows NT 6.1; WOW64; Trident/7.0; AS; rv:11.0) like Gecko"
192.168.1.16 - - [01/Dec/2024:13:31:45 +0300] "GET /oaesx HTTP/1.1" 301 8681 "https://www.ibm.com/" "Mozilla/5.0 (Windows NT 10.0; Win64; x64) AppleWebKit/537.36 (KHTML, like Gecko) Chrome/58.0.3029.110 Safari/537.36"
192.168.1.10 - - [01/Dec/2024:13:31:45 +0300] "GET /qyulcmxi HTTP/1.1" 301 9593 "https://www.ibm.com/" "Mozilla/5.0 (Windows NT 10.0; Win64; x64) AppleWebKit/537.36 (KHTML, like Gecko) Chrome/62.0.3202.94 Safari/537.36"
192.168.1.45 - - [01/Dec/2024:13:31:45 +0300] "PUT /bzkxkl HTTP/1.1" 201 3723 "https://www.example.com/" "Mozilla/5.0 (Windows NT 6.1; WOW64; Trident/7.0; AS; rv:11.0) like Gecko"
192.168.1.21 - - [01/Dec/2024:13:31:45 +0300] "DELETE /ttpqku HTTP/1.1" 404 917 "https://www.example.com/" "Mozilla/5.0 (Windows NT 10.0; Win64; x64) AppleWebKit/537.36 (KHTML, like Gecko) Chrome/58.0.3029.110 Safari/537.36"
2001:db8:0:1:0:0:0:1 - - [01/Dec/2024:13:31:45 +0300] "PUT /vjdata HTTP/1.1" 201 660 "https://www.msn.com/" "Mozilla/5.0 (Windows NT 10.0; Win64; x64; rv:54.0) Gecko/20100101 Firefox/54.0"
192.168.1.4 - - [01/Dec/2024:13:31:45 +0300] "DELETE /qlaefe HTTP/1.1" 403 8744 "https://www.example.com/" "Mozilla/5.0 (Windows NT 6.1; WOW64; rv:54.0) Gecko/20100101 Firefox/54.0"
2001:db8:0:1:0:0:0:2 - - [01/Dec/2024:13:31:45 +0300] "PUT /wntukozzn HTTP/1.1" 401 716 "https://www.msn.com/" "Mozilla/5.0 (Windows NT 10.0; Win64; x64; rv:54.0) Gecko/20100101 Firefox/54.0"
2001:db8:0:1:0:0:0:9 - - [01/Dec/2024:13:31:45 +0300] "GET /fslvl HTTP/1.1" 301 7323 "https://www.ibm.com/" "Mozilla/5.0 (Windows NT 6.1; WOW64; Trident/7.0; AS; rv:11.0) like Gecko"
192.168.1.41 - - [01/Dec/2024:13:31:45 +0300] "DELETE /dvbostgwdm HTTP/1.1" 201 1558 "https://www.example.com/" "Mozilla/5.0 (Windows NT 10.0; Win64; x64) AppleWebKit/537.36 (KHTML, like Gecko) Chrome/58.0.3029.110 Safari/537.36"
2001:db8:0:1:0:0:0:c - - [01/Dec/2024:13:31:45 +0300] "DELETE /zdpdv HTTP/1.1" 204 5079 "https://www.example.com/" "Mozilla/5.0 (Windows NT 6.1; WOW64; Trident/7.0; AS; rv:11.0) like Gecko"
192.168.1.30 - - [01/Dec/2024:13:31:45 +0300] "DELETE /girr HTTP/1.1" 301 6132 "https://www.ibm.com/" "Mozilla/5.0 (Windows NT 10.0; Win64; x64; rv:54.0) Gecko/20100101 Firefox/54.0"
2001:db8:0:1:0:0:0:5 - - [01/Dec/2024:13:31:45 +0300] "DELETE /jq HTTP/1.1" 404 4939 "https://www.google.com/" "Mozilla/5.0 (Windows NT 10.0; Win64; x64; rv:54.0) Gecko/20100101 Firefox/54.0"
192.168.1.14 - - [01/Dec/2024:13:31:45 +0300] "PUT /iyesmhmi HTTP/1.1" 204 3958 "https://www.google.com/" "Mozilla/5.0 (Windows NT 10.0; Win64; x64) AppleWebKit/537.36 (KHTML, like Gecko) Chrome/62.0.3202.94 Safari/537.36"
192.168.1.36 - - [01/Dec/2024:13:31:45 +0300] "DELETE /olhr HTTP/1.1" 204 1017 "https://www.example.com/" "Mozilla/5.0 (Windows NT 10.0; Win64; x64) AppleWebKit/537.36 (KHTML, like Gecko) Chrome/58.0.3029.110 Safari/537.36"
192.168.1.19 - - [01/Dec/2024:13:31:45 +0300] "POST /xyooadwpt HTTP/1.1" 403 7164 "https://www.google.com/" "Mozilla/5.0 (Windows NT 10.0; Win64; x64) AppleWebKit/537.36 (KHTML, like Gecko) Chrome/62.0.3202.94 Safari/537.36"
192.168.1.38 - - [01/Dec/2024:13:31:45 +0300] "DELETE /wjbarvct HTTP/1.1" 500 5700 "https://www.ibm.com/" "Mozilla/5.0 (Windows NT 10.0; Win64; x64) AppleWebKit/537.36 (KHTML, like Gecko) Chrome/58.0.3029.110 Safari/537.36"
2001:db8:0:1:0:0:0:9 - - [01/Dec/2024:13:31:45 +0300] "GET /bgqoderhpm HTTP/1.1" 201 7426 "https://www.msn.com/" "Mozilla/5.0 (Windows NT 10.0; Win64; x64) AppleWebKit/537.36 (KHTML, like Gecko) Chrome/58.0.3029.110 Safari/537.36"
2001:db8:0:1:0:0:0:5 - - [01/Dec/2024:13:31:45 +0300] "DELETE /cpu HTTP/1.1" 403 4097 "https://www.msn.com/" "Mozilla/5.0 (Windows NT 6.1; WOW64; Trident/7.0; AS; rv:11.0) like Gecko"
192.168.1.12 - - [01/Dec/2024:13:31:45 +0300] "GET /yncuhwtkag HTTP/1.1" 500 2579 "https://www.example.com/" "Mozilla/5.0 (Windows NT 10.0; Win64; x64) AppleWebKit/537.36 (KHTML, like Gecko) Chrome/58.0.3029.110 Safari/537.36"
2001:db8:0:1:0:0:0:c - - [01/Dec/2024:13:31:45 +0300] "PUT /ugo HTTP/1.1" 204 9278 "https://www.google.com/" "Mozilla/5.0 (Windows NT 10.0; Win64; x64) AppleWebKit/537.36 (KHTML, like Gecko) Chrome/62.0.3202.94 Safari/537.36"
192.168.1.37 - - [01/Dec/2024:13:31:45 +0300] "DELETE /zymx HTTP/1.1" 400 2854 "https://www.ibm.com/" "Mozilla/5.0 (Windows NT 6.1; WOW64; Trident/7.0; AS; rv:11.0) like Gecko"
2001:db8:0:1:0:0:0:a - - [01/Dec/2024:13:31:45 +0300] "POST /o HTTP/1.1" 400 4511 "https://www.ibm.com/" "Mozilla/5.0 (Windows NT 10.0; Win64; x64; rv:54.0) Gecko/20100101 Firefox/54.0"
192.168.1.50 - - [01/Dec/2024:13:31:45 +0300] "PUT /iuqsmqrpqz HTTP/1.1" 204 7654 "https://www.msn.com/" "Mozilla/5.0 (Windows NT 10.0; Win64; x64) AppleWebKit/537.36 (KHTML, like Gecko) Chrome/58.0.3029.110 Safari/537.36"
2001:db8:0:1:0:0:0:2 - - [01/Dec/2024:13:31:45 +0300] "POST /mdxjnkxz HTTP/1.1" 500 5887 "https://www.msn.com/" "Mozilla/5.0 (Windows NT 10.0; WOW64) AppleWebKit/537.36 (KHTML, like Gecko) Chrome/58.0.3029.110 Safari/537.36 OPR/45.0.2552.898"
192.168.1.41 - - [01/Dec/2024:13:31:45 +0300] "GET /cg HTTP/1.1" 204 2005 "https://www.msn.com/" "Mozilla/5.0 (Windows NT 10.0; Win64; x64) AppleWebKit/537.36 (KHTML, like Gecko) Chrome/62.0.3202.94 Safari/537.36"
192.168.1.29 - - [01/Dec/2024:13:31:45 +0300] "DELETE /n HTTP/1.1" 204 2045 "https://www.google.com/" "Mozilla/5.0 (Windows NT 10.0; Win64; x64) AppleWebKit/537.36 (KHTML, like Gecko) Chrome/62.0.3202.94 Safari/537.36"
192.168.1.48 - - [01/Dec/2024:13:31:45 +0300] "DELETE /qfblh HTTP/1.1" 200 200 "https://www.msn.com/" "Mozilla/5.0 (Windows NT 6.1; WOW64; Trident/7.0; AS; rv:11.0) like Gecko"
192.168.1.21 - - [01/Dec/2024:13:31:45 +0300] "POST /sg HTTP/1.1" 200 3654 "https://www.msn.com/" "Mozilla/5.0 (Windows NT 6.1; WOW64; rv:54.0) Gecko/20100101 Firefox/54.0"
192.168.1.25 - - [01/Dec/2024:13:31:45 +0300] "GET /mj HTTP/1.1" 204 9649 "https://www.google.com/" "Mozilla/5.0 (Windows NT 6.1; WOW64; Trident/7.0; AS; rv:11.0) like Gecko"
192.168.1.16 - - [01/Dec/2024:13:31:45 +0300] "PUT /kbnlo HTTP/1.1" 500 1399 "https://www.ibm.com/" "Mozilla/5.0 (Windows NT 6.1; WOW64; Trident/7.0; AS; rv:11.0) like Gecko"
192.168.1.41 - - [01/Dec/2024:13:31:45 +0300] "PUT /mnw HTTP/1.1" 403 8002 "https://www.google.com/" "Mozilla/5.0 (Windows NT 10.0; Win64; x64) AppleWebKit/537.36 (KHTML, like Gecko) Chrome/62.0.3202.94 Safari/537.36"
192.168.1.25 - - [01/Dec/2024:13:31:45 +0300] "PUT /fcdiia HTTP/1.1" 302 542 "https://www.ibm.com/" "Mozilla/5.0 (Windows NT 10.0; Win64; x64) AppleWebKit/537.36 (KHTML, like Gecko) Chrome/58.0.3029.110 Safari/537.36"
2001:db8:0:1:0:0:0:c - - [01/Dec/2024:13:31:45 +0300] "POST /ptbbwy HTTP/1.1" 204 7701 "https://www.ibm.com/" "Mozilla/5.0 (Windows NT 10.0; Win64; x64) AppleWebKit/537.36 (KHTML, like Gecko) Chrome/58.0.3029.110 Safari/537.36"
192.168.1.37 - - [01/Dec/2024:13:31:45 +0300] "GET /pc HTTP/1.1" 201 3377 "https://www.example.com/" "Mozilla/5.0 (Windows NT 10.0; WOW64) AppleWebKit/537.36 (KHTML, like Gecko) Chrome/58.0.3029.110 Safari/537.36 OPR/45.0.2552.898"
192.168.1.17 - - [01/Dec/2024:13:31:45 +0300] "PUT /zxbcbvp HTTP/1.1" 204 8857 "https://www.msn.com/" "Mozilla/5.0 (Windows NT 6.1; WOW64; Trident/7.0; AS; rv:11.0) like Gecko"
192.168.1.34 - - [01/Dec/2024:13:31:45 +0300] "DELETE /tjj HTTP/1.1" 204 3596 "https://www.google.com/" "Mozilla/5.0 (Windows NT 10.0; Win64; x64) AppleWebKit/537.36 (KHTML, like Gecko) Chrome/62.0.3202.94 Safari/537.36"
192.168.1.47 - - [01/Dec/2024:13:31:45 +0300] "POST /vhiqhv HTTP/1.1" 204 9963 "https://www.msn.com/" "Mozilla/5.0 (Windows NT 10.0; Win64; x64) AppleWebKit/537.36 (KHTML, like Gecko) Chrome/58.0.3029.110 Safari/537.36"
2001:db8:0:1:0:0:0:d - - [01/Dec/2024:13:31:45 +0300] "DELETE /vxjhy HTTP/1.1" 301 2785 "https://www.google.com/" "Mozilla/5.0 (Windows NT 10.0; WOW64) AppleWebKit/537.36 (KHTML, like Gecko) Chrome/58.0.3029.110 Safari/537.36 OPR/45.0.2552.898"
2001:db8:0:1:0:0:0:2 - - [01/Dec/2024:13:31:45 +0300] "GET /jkblfhfsa HTTP/1.1" 301 9847 "https://www.ibm.com/" "Mozilla/5.0 (Windows NT 10.0; Win64; x64) AppleWebKit/537.36 (KHTML, like Gecko) Chrome/62.0.3202.94 Safari/537.36"
192.168.1.15 - - [01/Dec/2024:13:31:45 +0300] "POST /kybppefla HTTP/1.1" 403 9499 "https://www.msn.com/" "Mozilla/5.0 (Windows NT 10.0; WOW64) AppleWebKit/537.36 (KHTML, like Gecko) Chrome/58.0.3029.110 Safari/537.36 OPR/45.0.2552.898"
192.168.1.3 - - [01/Dec/2024:13:31:45 +0300] "POST /emczr HTTP/1.1" 301 6639 "https://www.example.com/" "Mozilla/5.0 (Windows NT 10.0; Win64; x64) AppleWebKit/537.36 (KHTML, like Gecko) Chrome/62.0.3202.94 Safari/537.36"
192.168.1.49 - - [01/Dec/2024:13:31:45 +0300] "POST /llmbyhem HTTP/1.1" 404 8536 "https://www.msn.com/" "Mozilla/5.0 (Windows NT 6.1; WOW64; Trident/7.0; AS; rv:11.0) like Gecko"
192.168.1.11 - - [01/Dec/2024:13:31:45 +0300] "PUT /eax HTTP/1.1" 204 8773 "https://www.msn.com/" "Mozilla/5.0 (Windows NT 10.0; Win64; x64) AppleWebKit/537.36 (KHTML, like Gecko) Chrome/58.0.3029.110 Safari/537.36"
192.168.1.14 - - [01/Dec/2024:13:31:45 +0300] "PUT /edl HTTP/1.1" 302 8039 "https://www.google.com/" "Mozilla/5.0 (Windows NT 6.1; WOW64; Trident/7.0; AS; rv:11.0) like Gecko"
192.168.1.25 - - [01/Dec/2024:13:31:45 +0300] "GET /xqxi HTTP/1.1" 301 9715 "https://www.msn.com/" "Mozilla/5.0 (Windows NT 6.1; WOW64; rv:54.0) Gecko/20100101 Firefox/54.0"
192.168.1.39 - - [01/Dec/2024:13:31:45 +0300] "GET /jnfu HTTP/1.1" 301 3343 "https://www.msn.com/" "Mozilla/5.0 (Windows NT 6.1; WOW64; Trident/7.0; AS; rv:11.0) like Gecko"
192.168.1.42 - - [01/Dec/2024:13:31:45 +0300] "DELETE /zzwvcacb HTTP/1.1" 401 8697 "https://www.example.com/" "Mozilla/5.0 (Windows NT 10.0; WOW64) AppleWebKit/537.36 (KHTML, like Gecko) Chrome/58.0.3029.110 Safari/537.36 OPR/45.0.2552.898"
2001:db8:0:1:0:0:0:4 - - [01/Dec/2024:13:31:45 +0300] "PUT /fjpkzr HTTP/1.1" 201 5866 "https://www.msn.com/" "Mozilla/5.0 (Windows NT 10.0; WOW64) AppleWebKit/537.36 (KHTML, like Gecko) Chrome/58.0.3029.110 Safari/537.36 OPR/45.0.2552.898"
2001:db8:0:1:0:0:0:a - - [01/Dec/2024:13:31:45 +0300] "DELETE /bz HTTP/1.1" 201 5108 "https://www.ibm.com/" "Mozilla/5.0 (Windows NT 10.0; Win64; x64) AppleWebKit/537.36 (KHTML, like Gecko) Chrome/58.0.3029.110 Safari/537.36"
192.168.1.4 - - [01/Dec/2024:13:31:45 +0300] "PUT /tszopbyi HTTP/1.1" 401 8949 "https://www.msn.com/" "Mozilla/5.0 (Windows NT 10.0; Win64; x64; rv:54.0) Gecko/20100101 Firefox/54.0"
192.168.1.2 - - [01/Dec/2024:13:31:45 +0300] "POST /hyzveetjxs HTTP/1.1" 404 229 "https://www.msn.com/" "Mozilla/5.0 (Windows NT 6.1; WOW64; rv:54.0) Gecko/20100101 Firefox/54.0"
192.168.1.7 - - [01/Dec/2024:13:31:45 +0300] "DELETE /mtfalzjem HTTP/1.1" 302 7127 "https://www.ibm.com/" "Mozilla/5.0 (Windows NT 10.0; Win64; x64; rv:54.0) Gecko/20100101 Firefox/54.0"
192.168.1.16 - - [01/Dec/2024:13:31:45 +0300] "DELETE /gbebugqssw HTTP/1.1" 500 445 "https://www.msn.com/" "Mozilla/5.0 (Windows NT 10.0; Win64; x64) AppleWebKit/537.36 (KHTML, like Gecko) Chrome/58.0.3029.110 Safari/537.36"
192.168.1.18 - - [01/Dec/2024:13:31:45 +0300] "GET /ouzezxk HTTP/1.1" 403 8565 "https://www.ibm.com/" "Mozilla/5.0 (Windows NT 6.1; WOW64; Trident/7.0; AS; rv:11.0) like Gecko"
192.168.1.38 - - [01/Dec/2024:13:31:45 +0300] "PUT /a HTTP/1.1" 403 807 "https://www.google.com/" "Mozilla/5.0 (Windows NT 10.0; WOW64) AppleWebKit/537.36 (KHTML, like Gecko) Chrome/58.0.3029.110 Safari/537.36 OPR/45.0.2552.898"
2001:db8:0:1:0:0:0:b - - [01/Dec/2024:13:31:45 +0300] "GET /lao HTTP/1.1" 500 3331 "https://www.google.com/" "Mozilla/5.0 (Windows NT 10.0; Win64; x64; rv:54.0) Gecko/20100101 Firefox/54.0"
192.168.1.33 - - [01/Dec/2024:13:31:45 +0300] "GET /pimlblprb HTTP/1.1" 301 3596 "https://www.example.com/" "Mozilla/5.0 (Windows NT 6.1; WOW64; Trident/7.0; AS; rv:11.0) like Gecko"
192.168.1.39 - - [01/Dec/2024:13:31:45 +0300] "POST /bpyykr HTTP/1.1" 204 1059 "https://www.example.com/" "Mozilla/5.0 (Windows NT 6.1; WOW64; Trident/7.0; AS; rv:11.0) like Gecko"
192.168.1.6 - - [01/Dec/2024:13:31:45 +0300] "POST /emegk HTTP/1.1" 400 167 "https://www.google.com/" "Mozilla/5.0 (Windows NT 6.1; WOW64; Trident/7.0; AS; rv:11.0) like Gecko"
2001:db8:0:1:0:0:0:4 - - [01/Dec/2024:13:31:45 +0300] "DELETE /gyt HTTP/1.1" 200 7612 "https://www.google.com/" "Mozilla/5.0 (Windows NT 6.1; WOW64; Trident/7.0; AS; rv:11.0) like Gecko"
192.168.1.38 - - [01/Dec/2024:13:31:45 +0300] "PUT /kc HTTP/1.1" 201 9050 "https://www.example.com/" "Mozilla/5.0 (Windows NT 6.1; WOW64; Trident/7.0; AS; rv:11.0) like Gecko"
192.168.1.37 - - [01/Dec/2024:13:31:45 +0300] "POST /uy HTTP/1.1" 200 2284 "https://www.example.com/" "Mozilla/5.0 (Windows NT 6.1; WOW64; rv:54.0) Gecko/20100101 Firefox/54.0"
2001:db8:0:1:0:0:0:8 - - [01/Dec/2024:13:31:45 +0300] "DELETE /g HTTP/1.1" 500 4857 "https://www.example.com/" "Mozilla/5.0 (Windows NT 10.0; Win64; x64; rv:54.0) Gecko/20100101 Firefox/54.0"
192.168.1.39 - - [01/Dec/2024:13:31:45 +0300] "GET /i HTTP/1.1" 401 9565 "https://www.google.com/" "Mozilla/5.0 (Windows NT 6.1; WOW64; Trident/7.0; AS; rv:11.0) like Gecko"
192.168.1.12 - - [01/Dec/2024:13:31:45 +0300] "POST /k HTTP/1.1" 400 2526 "https://www.example.com/" "Mozilla/5.0 (Windows NT 6.1; WOW64; rv:54.0) Gecko/20100101 Firefox/54.0"
192.168.1.46 - - [01/Dec/2024:13:31:45 +0300] "GET /ghgjafbh HTTP/1.1" 404 2014 "https://www.ibm.com/" "Mozilla/5.0 (Windows NT 10.0; Win64; x64) AppleWebKit/537.36 (KHTML, like Gecko) Chrome/58.0.3029.110 Safari/537.36"
192.168.1.5 - - [01/Dec/2024:13:31:45 +0300] "DELETE /lpcx HTTP/1.1" 401 3127 "https://www.example.com/" "Mozilla/5.0 (Windows NT 10.0; Win64; x64) AppleWebKit/537.36 (KHTML, like Gecko) Chrome/62.0.3202.94 Safari/537.36"
192.168.1.34 - - [01/Dec/2024:13:31:45 +0300] "POST /xwxoakd HTTP/1.1" 404 7732 "https://www.ibm.com/" "Mozilla/5.0 (Windows NT 6.1; WOW64; Trident/7.0; AS; rv:11.0) like Gecko"
192.168.1.20 - - [01/Dec/2024:13:31:45 +0300] "PUT /ps HTTP/1.1" 204 198 "https://www.google.com/" "Mozilla/5.0 (Windows NT 6.1; WOW64; rv:54.0) Gecko/20100101 Firefox/54.0"
192.168.1.8 - - [01/Dec/2024:13:31:45 +0300] "PUT /cgujwv HTTP/1.1" 200 3073 "https://www.msn.com/" "Mozilla/5.0 (Windows NT 10.0; Win64; x64) AppleWebKit/537.36 (KHTML, like Gecko) Chrome/58.0.3029.110 Safari/537.36"
192.168.1.47 - - [01/Dec/2024:13:31:45 +0300] "PUT /rt HTTP/1.1" 404 8099 "https://www.msn.com/" "Mozilla/5.0 (Windows NT 10.0; Win64; x64; rv:54.0) Gecko/20100101 Firefox/54.0"
2001:db8:0:1:0:0:0:9 - - [01/Dec/2024:13:31:45 +0300] "PUT /nzev HTTP/1.1" 200 6034 "https://www.ibm.com/" "Mozilla/5.0 (Windows NT 6.1; WOW64; rv:54.0) Gecko/20100101 Firefox/54.0"
2001:db8:0:1:0:0:0:4 - - [01/Dec/2024:13:31:45 +0300] "GET /rhknl HTTP/1.1" 204 6747 "https://www.msn.com/" "Mozilla/5.0 (Windows NT 6.1; WOW64; Trident/7.0; AS; rv:11.0) like Gecko"
192.168.1.15 - - [01/Dec/2024:13:31:45 +0300] "GET /hoofykgpii HTTP/1.1" 204 1363 "https://www.msn.com/" "Mozilla/5.0 (Windows NT 6.1; WOW64; Trident/7.0; AS; rv:11.0) like Gecko"
192.168.1.48 - - [01/Dec/2024:13:31:45 +0300] "GET /sdu HTTP/1.1" 500 9470 "https://www.example.com/" "Mozilla/5.0 (Windows NT 10.0; Win64; x64) AppleWebKit/537.36 (KHTML, like Gecko) Chrome/62.0.3202.94 Safari/537.36"
192.168.1.24 - - [01/Dec/2024:13:31:45 +0300] "PUT /yjkg HTTP/1.1" 200 5833 "https://www.msn.com/" "Mozilla/5.0 (Windows NT 10.0; Win64; x64; rv:54.0) Gecko/20100101 Firefox/54.0"
192.168.1.28 - - [01/Dec/2024:13:31:45 +0300] "GET /vb HTTP/1.1" 302 3744 "https://www.msn.com/" "Mozilla/5.0 (Windows NT 10.0; WOW64) AppleWebKit/537.36 (KHTML, like Gecko) Chrome/58.0.3029.110 Safari/537.36 OPR/45.0.2552.898"
192.168.1.9 - - [01/Dec/2024:13:31:45 +0300] "DELETE /ajguvwlj HTTP/1.1" 301 3438 "https://www.ibm.com/" "Mozilla/5.0 (Windows NT 10.0; WOW64) AppleWebKit/537.36 (KHTML, like Gecko) Chrome/58.0.3029.110 Safari/537.36 OPR/45.0.2552.898"
2001:db8:0:1:0:0:0:2 - - [01/Dec/2024:13:31:45 +0300] "GET /j HTTP/1.1" 401 6797 "https://www.ibm.com/" "Mozilla/5.0 (Windows NT 6.1; WOW64; Trident/7.0; AS; rv:11.0) like Gecko"
192.168.1.16 - - [01/Dec/2024:13:31:45 +0300] "POST /llory HTTP/1.1" 500 8678 "https://www.example.com/" "Mozilla/5.0 (Windows NT 6.1; WOW64; Trident/7.0; AS; rv:11.0) like Gecko"
192.168.1.15 - - [01/Dec/2024:13:31:45 +0300] "GET /g HTTP/1.1" 200 1426 "https://www.ibm.com/" "Mozilla/5.0 (Windows NT 6.1; WOW64; rv:54.0) Gecko/20100101 Firefox/54.0"
192.168.1.12 - - [01/Dec/2024:13:31:45 +0300] "PUT /yfqkbghn HTTP/1.1" 401 2018 "https://www.google.com/" "Mozilla/5.0 (Windows NT 10.0; Win64; x64; rv:54.0) Gecko/20100101 Firefox/54.0"
192.168.1.11 - - [01/Dec/2024:13:31:45 +0300] "GET /yihrco HTTP/1.1" 500 5484 "https://www.example.com/" "Mozilla/5.0 (Windows NT 6.1; WOW64; Trident/7.0; AS; rv:11.0) like Gecko"
192.168.1.49 - - [01/Dec/2024:13:31:45 +0300] "PUT /ne HTTP/1.1" 500 1899 "https://www.google.com/" "Mozilla/5.0 (Windows NT 10.0; Win64; x64) AppleWebKit/537.36 (KHTML, like Gecko) Chrome/58.0.3029.110 Safari/537.36"
192.168.1.9 - - [01/Dec/2024:13:31:45 +0300] "PUT /qsurjxnu HTTP/1.1" 404 9946 "https://www.msn.com/" "Mozilla/5.0 (Windows NT 10.0; WOW64) AppleWebKit/537.36 (KHTML, like Gecko) Chrome/58.0.3029.110 Safari/537.36 OPR/45.0.2552.898"
192.168.1.45 - - [01/Dec/2024:13:31:45 +0300] "POST /z HTTP/1.1" 404 2420 "https://www.google.com/" "Mozilla/5.0 (Windows NT 10.0; Win64; x64; rv:54.0) Gecko/20100101 Firefox/54.0"
192.168.1.42 - - [01/Dec/2024:13:31:45 +0300] "POST /qw HTTP/1.1" 401 6292 "https://www.ibm.com/" "Mozilla/5.0 (Windows NT 10.0; Win64; x64) AppleWebKit/537.36 (KHTML, like Gecko) Chrome/58.0.3029.110 Safari/537.36"
192.168.1.26 - - [01/Dec/2024:13:31:45 +0300] "POST /qtt HTTP/1.1" 500 307 "https://www.msn.com/" "Mozilla/5.0 (Windows NT 10.0; WOW64) AppleWebKit/537.36 (KHTML, like Gecko) Chrome/58.0.3029.110 Safari/537.36 OPR/45.0.2552.898"
2001:db8:0:1:0:0:0:a - - [01/Dec/2024:13:31:45 +0300] "DELETE /yiz HTTP/1.1" 401 3374 "https://www.google.com/" "Mozilla/5.0 (Windows NT 10.0; WOW64) AppleWebKit/537.36 (KHTML, like Gecko) Chrome/58.0.3029.110 Safari/537.36 OPR/45.0.2552.898"
2001:db8:0:1:0:0:0:7 - - [01/Dec/2024:13:31:45 +0300] "GET /shxijsmbpr HTTP/1.1" 404 9007 "https://www.ibm.com/" "Mozilla/5.0 (Windows NT 10.0; Win64; x64; rv:54.0) Gecko/20100101 Firefox/54.0"
2001:db8:0:1:0:0:0:c - - [01/Dec/2024:13:31:45 +0300] "PUT /ihqfmu HTTP/1.1" 201 8799 "https://www.example.com/" "Mozilla/5.0 (Windows NT 6.1; WOW64; rv:54.0) Gecko/20100101 Firefox/54.0"
192.168.1.39 - - [01/Dec/2024:13:31:45 +0300] "PUT /mwphvrvt HTTP/1.1" 204 8515 "https://www.ibm.com/" "Mozilla/5.0 (Windows NT 10.0; Win64; x64) AppleWebKit/537.36 (KHTML, like Gecko) Chrome/62.0.3202.94 Safari/537.36"
192.168.1.42 - - [01/Dec/2024:13:31:45 +0300] "DELETE /glbsriefi HTTP/1.1" 200 7599 "https://www.msn.com/" "Mozilla/5.0 (Windows NT 6.1; WOW64; Trident/7.0; AS; rv:11.0) like Gecko"
192.168.1.13 - - [01/Dec/2024:13:31:45 +0300] "GET /dgvxzpc HTTP/1.1" 200 4195 "https://www.example.com/" "Mozilla/5.0 (Windows NT 6.1; WOW64; rv:54.0) Gecko/20100101 Firefox/54.0"
192.168.1.17 - - [01/Dec/2024:13:31:45 +0300] "DELETE /dko HTTP/1.1" 201 3568 "https://www.msn.com/" "Mozilla/5.0 (Windows NT 6.1; WOW64; Trident/7.0; AS; rv:11.0) like Gecko"
192.168.1.42 - - [01/Dec/2024:13:31:45 +0300] "DELETE /b HTTP/1.1" 201 6274 "https://www.google.com/" "Mozilla/5.0 (Windows NT 10.0; Win64; x64; rv:54.0) Gecko/20100101 Firefox/54.0"
2001:db8:0:1:0:0:0:3 - - [01/Dec/2024:13:31:45 +0300] "DELETE /yuhseewcnl HTTP/1.1" 403 9101 "https://www.ibm.com/" "Mozilla/5.0 (Windows NT 6.1; WOW64; Trident/7.0; AS; rv:11.0) like Gecko"
192.168.1.22 - - [01/Dec/2024:13:31:45 +0300] "DELETE /pajxohwnek HTTP/1.1" 204 8587 "https://www.google.com/" "Mozilla/5.0 (Windows NT 6.1; WOW64; rv:54.0) Gecko/20100101 Firefox/54.0"
2001:db8:0:1:0:0:0:9 - - [01/Dec/2024:13:31:45 +0300] "POST /ll HTTP/1.1" 201 1255 "https://www.example.com/" "Mozilla/5.0 (Windows NT 10.0; Win64; x64) AppleWebKit/537.36 (KHTML, like Gecko) Chrome/58.0.3029.110 Safari/537.36"
2001:db8:0:1:0:0:0:9 - - [01/Dec/2024:13:31:45 +0300] "DELETE /rgfwgczad HTTP/1.1" 400 8649 "https://www.google.com/" "Mozilla/5.0 (Windows NT 10.0; Win64; x64; rv:54.0) Gecko/20100101 Firefox/54.0"
2001:db8:0:1:0:0:0:3 - - [01/Dec/2024:13:31:45 +0300] "POST /a HTTP/1.1" 204 8706 "https://www.ibm.com/" "Mozilla/5.0 (Windows NT 10.0; WOW64) AppleWebKit/537.36 (KHTML, like Gecko) Chrome/58.0.3029.110 Safari/537.36 OPR/45.0.2552.898"
192.168.1.33 - - [01/Dec/2024:13:31:45 +0300] "PUT /zghqupdj HTTP/1.1" 301 7086 "https://www.msn.com/" "Mozilla/5.0 (Windows NT 10.0; Win64; x64) AppleWebKit/537.36 (KHTML, like Gecko) Chrome/58.0.3029.110 Safari/537.36"
192.168.1.44 - - [01/Dec/2024:13:31:45 +0300] "GET /hydlpjkjkz HTTP/1.1" 302 601 "https://www.msn.com/" "Mozilla/5.0 (Windows NT 6.1; WOW64; Trident/7.0; AS; rv:11.0) like Gecko"
192.168.1.24 - - [01/Dec/2024:13:31:45 +0300] "DELETE /tz HTTP/1.1" 400 2998 "https://www.ibm.com/" "Mozilla/5.0 (Windows NT 6.1; WOW64; rv:54.0) Gecko/20100101 Firefox/54.0"
2001:db8:0:1:0:0:0:b - - [01/Dec/2024:13:31:45 +0300] "POST /ohk HTTP/1.1" 403 1284 "https://www.example.com/" "Mozilla/5.0 (Windows NT 10.0; WOW64) AppleWebKit/537.36 (KHTML, like Gecko) Chrome/58.0.3029.110 Safari/537.36 OPR/45.0.2552.898"
192.168.1.16 - - [01/Dec/2024:13:31:45 +0300] "GET /kye HTTP/1.1" 201 5304 "https://www.msn.com/" "Mozilla/5.0 (Windows NT 10.0; Win64; x64; rv:54.0) Gecko/20100101 Firefox/54.0"
2001:db8:0:1:0:0:0:d - - [01/Dec/2024:13:31:45 +0300] "DELETE /lshhxjrs HTTP/1.1" 500 6510 "https://www.google.com/" "Mozilla/5.0 (Windows NT 10.0; Win64; x64; rv:54.0) Gecko/20100101 Firefox/54.0"
192.168.1.16 - - [01/Dec/2024:13:31:45 +0300] "DELETE /uogs HTTP/1.1" 301 5260 "https://www.example.com/" "Mozilla/5.0 (Windows NT 10.0; Win64; x64; rv:54.0) Gecko/20100101 Firefox/54.0"
192.168.1.9 - - [01/Dec/2024:13:31:45 +0300] "GET /kwtfvixcbj HTTP/1.1" 400 5550 "https://www.google.com/" "Mozilla/5.0 (Windows NT 6.1; WOW64; rv:54.0) Gecko/20100101 Firefox/54.0"
192.168.1.26 - - [01/Dec/2024:13:31:45 +0300] "PUT /ybdx HTTP/1.1" 204 8124 "https://www.example.com/" "Mozilla/5.0 (Windows NT 6.1; WOW64; rv:54.0) Gecko/20100101 Firefox/54.0"
192.168.1.7 - - [01/Dec/2024:13:31:45 +0300] "PUT /iaojqn HTTP/1.1" 301 8555 "https://www.ibm.com/" "Mozilla/5.0 (Windows NT 10.0; Win64; x64) AppleWebKit/537.36 (KHTML, like Gecko) Chrome/62.0.3202.94 Safari/537.36"
192.168.1.5 - - [01/Dec/2024:13:31:45 +0300] "POST /ntimnkxni HTTP/1.1" 403 2717 "https://www.ibm.com/" "Mozilla/5.0 (Windows NT 6.1; WOW64; Trident/7.0; AS; rv:11.0) like Gecko"
192.168.1.42 - - [01/Dec/2024:13:31:45 +0300] "POST /bqobsos HTTP/1.1" 500 8541 "https://www.ibm.com/" "Mozilla/5.0 (Windows NT 10.0; Win64; x64) AppleWebKit/537.36 (KHTML, like Gecko) Chrome/62.0.3202.94 Safari/537.36"
192.168.1.18 - - [01/Dec/2024:13:31:45 +0300] "DELETE /ni HTTP/1.1" 401 8689 "https://www.msn.com/" "Mozilla/5.0 (Windows NT 10.0; Win64; x64) AppleWebKit/537.36 (KHTML, like Gecko) Chrome/58.0.3029.110 Safari/537.36"
192.168.1.8 - - [01/Dec/2024:13:31:45 +0300] "POST /sfifyas HTTP/1.1" 403 7947 "https://www.msn.com/" "Mozilla/5.0 (Windows NT 6.1; WOW64; rv:54.0) Gecko/20100101 Firefox/54.0"
192.168.1.1 - - [01/Dec/2024:13:31:45 +0300] "PUT /oquny HTTP/1.1" 201 8519 "https://www.msn.com/" "Mozilla/5.0 (Windows NT 10.0; Win64; x64; rv:54.0) Gecko/20100101 Firefox/54.0"
192.168.1.28 - - [01/Dec/2024:13:31:45 +0300] "DELETE /bfrrypvovg HTTP/1.1" 403 2398 "https://www.ibm.com/" "Mozilla/5.0 (Windows NT 10.0; Win64; x64) AppleWebKit/537.36 (KHTML, like Gecko) Chrome/62.0.3202.94 Safari/537.36"
192.168.1.5 - - [01/Dec/2024:13:31:45 +0300] "GET /ypz HTTP/1.1" 400 7098 "https://www.example.com/" "Mozilla/5.0 (Windows NT 10.0; Win64; x64) AppleWebKit/537.36 (KHTML, like Gecko) Chrome/62.0.3202.94 Safari/537.36"
192.168.1.1 - - [01/Dec/2024:13:31:45 +0300] "GET /hrfois HTTP/1.1" 301 8725 "https://www.ibm.com/" "Mozilla/5.0 (Windows NT 6.1; WOW64; rv:54.0) Gecko/20100101 Firefox/54.0"
192.168.1.50 - - [01/Dec/2024:13:31:45 +0300] "POST /zigienme HTTP/1.1" 400 430 "https://www.ibm.com/" "Mozilla/5.0 (Windows NT 6.1; WOW64; Trident/7.0; AS; rv:11.0) like Gecko"
192.168.1.30 - - [01/Dec/2024:13:31:45 +0300] "DELETE /lulz HTTP/1.1" 404 525 "https://www.google.com/" "Mozilla/5.0 (Windows NT 10.0; Win64; x64) AppleWebKit/537.36 (KHTML, like Gecko) Chrome/62.0.3202.94 Safari/537.36"
192.168.1.30 - - [01/Dec/2024:13:31:45 +0300] "DELETE /ijifa HTTP/1.1" 500 2768 "https://www.google.com/" "Mozilla/5.0 (Windows NT 10.0; WOW64) AppleWebKit/537.36 (KHTML, like Gecko) Chrome/58.0.3029.110 Safari/537.36 OPR/45.0.2552.898"
192.168.1.3 - - [01/Dec/2024:13:31:45 +0300] "PUT /sbqssb HTTP/1.1" 301 8714 "https://www.google.com/" "Mozilla/5.0 (Windows NT 10.0; Win64; x64) AppleWebKit/537.36 (KHTML, like Gecko) Chrome/58.0.3029.110 Safari/537.36"
192.168.1.18 - - [01/Dec/2024:13:31:45 +0300] "POST /za HTTP/1.1" 500 4249 "https://www.google.com/" "Mozilla/5.0 (Windows NT 10.0; Win64; x64; rv:54.0) Gecko/20100101 Firefox/54.0"
