192.168.1.32 - - [01/Dec/2024:13:31:45 +0300] "GET /ilu HTTP/1.1" 302 2030 "https://www.ibm.com/" "Mozilla/5.0 (Windows NT 10.0; Win64; x64) AppleWebKit/537.36 (KHTML, like Gecko) Chrome/62.0.3202.94 Safari/537.36"
192.168.1.20 - - [01/Dec/2024:13:31:45 +0300] "DELETE /zsqnycgo HTTP/1.1" 302 9082 "https://www.msn.com/" "Mozilla/5.0 (Windows NT 6.1; WOW64; rv:54.0) Gecko/20100101 Firefox/54.0"
192.168.1.46 - - [01/Dec/2024:13:31:45 +0300] "PUT /bhjsfhqu HTTP/1.1" 204 8857 "https://www.example.com/" "Mozilla/5.0 (Windows NT 6.1; WOW64; Trident/7.0; AS; rv:11.0) like Gecko"
192.168.1.34 - - [01/Dec/2024:13:31:45 +0300] "DELETE /yujerdqeqi HTTP/1.1" 301 8611 "https://www.google.com/" "Mozilla/5.0 (Windows NT 10.0; WOW64) AppleWebKit/537.36 (KHTML, like Gecko) Chrome/58.0.3029.110 Safari/537.36 OPR/45.0.2552.898"
192.168.1.37 - - [01/Dec/2024:13:31:45 +0300] "PUT /uvbyztrcy HTTP/1.1" 401 5443 "https://www.google.com/" "Mozilla/5.0 (Windows NT 10.0; Win64; x64) AppleWebKit/537.36 (KHTML, like Gecko) Chrome/58.0.3029.110 Safari/537.36"
192.168.1.5 - - [01/Dec/2024:13:31:45 +0300] "POST /n HTTP/1.1" 404 5349 "https://www.example.com/" "Mozilla/5.0 (Windows NT 10.0; Win64; x64; rv:54.0) Gecko/20100101 Firefox/54.0"
192.168.1.18 - - [01/Dec/2024:13:31:45 +0300] "DELETE /ev HTTP/1.1" 404 2694 "https://www.google.com/" "Mozilla/5.0 (Windows NT 6.1; WOW64; rv:54.0) Gecko/20100101 Firefox/54.0"
2001:db8:0:1:0:0:0:9 - - [01/Dec/2024:13:31:45 +0300] "POST /ihrmj HTTP/1.1" 403 1208 "https://www.google.com/" "Mozilla/5.0 (Windows NT 10.0; Win64; x64) AppleWebKit/537.36 (KHTML, like Gecko) Chrome/62.0.3202.94 Safari/537.36"
192.168.1.38 - - [01/Dec/2024:13:31:45 +0300] "PUT /rn HTTP/1.1" 204 7182 "https://www.msn.com/" "Mozilla/5.0 (Windows NT 10.0; Win64; x64; rv:54.0) Gecko/20100101 Firefox/54.0"
192.168.1.32 - - [01/Dec/2024:13:31:45 +0300] "DELETE /lqtou HTTP/1.1" 301 8711 "https://www.ibm.com/" "Mozilla/5.0 (Windows NT 10.0; Win64; x64; rv:54.0) Gecko/20100101 Firefox/54.0"
192.168.1.35 - - [01/Dec/2024:13:31:45 +0300] "DELETE /suzoslcnnu HTTP/1.1" 401 7103 "https://www.ibm.com/" "Mozilla/5.0 (Windows NT 10.0; WOW64) AppleWebKit/537.36 (KHTML, like Gecko) Chrome/58.0.3029.110 Safari/537.36 OPR/45.0.2552.898"
192.168.1.49 - - [01/Dec/2024:13:31:45 +0300] "DELETE /pkwbeyoy HTTP/1.1" 302 4837 "https://www.google.com/" "Mozilla/5.0 (Windows NT 6.1; WOW64; rv:54.0) Gecko/20100101 Firefox/54.0"
192.168.1.46 - - [01/Dec/2024:13:31:45 +0300] "DELETE /ufnlolbei HTTP/1.1" 301 1129 "https://www.google.com/" "Mozilla/5.0 (Windows NT 10.0; Win64; x64) AppleWebKit/537.36 (KHTML, like Gecko) Chrome/58.0.3029.110 Safari/537.36"
192.168.1.32 - - [01/Dec/2024:13:31:45 +0300] "POST /bwuplnty HTTP/1.1" 301 8040 "https://www.msn.com/" "Mozilla/5.0 (Windows NT 10.0; Win64; x64) AppleWebKit/537.36 (KHTML, like Gecko) Chrome/58.0.3029.110 Safari/537.36"
192.168.1.24 - - [01/Dec/2024:13:31:45 +0300] "DELETE /khcdx HTTP/1.1" 301 3722 "https://www.google.com/" "Mozilla/5.0 (Windows NT 6.1; WOW64; rv:54.0) Gecko/20100101 Firefox/54.0"
192.168.1.47 - - [01/Dec/2024:13:31:45 +0300] "PUT /oshyrqeohx HTTP/1.1" 200 5307 "https://www.google.com/" "Mozilla/5.0 (Windows NT 6.1; WOW64; rv:54.0) Gecko/20100101 Firefox/54.0"
192.168.1.16 - - [01/Dec/2024:13:31:45 +0300] "DELETE /j HTTP/1.1" 401 7081 "https://www.ibm.com/" "Mozilla/5.0 (Windows NT 10.0; Win64; x64; rv:54.0) Gecko/20100101 Firefox/54.0"
2001:db8:0:1:0:0:0:c - - [01/Dec/2024:13:31:45 +0300] "DELETE /d HTTP/1.1" 302 3279 "https://www.example.com/" "Mozilla/5.0 (Windows NT 10.0; Win64; x64; rv:54.0) Gecko/20100101 Firefox/54.0"
192.168.1.9 - - [01/Dec/2024:13:31:45 +0300] "GET /atdu HTTP/1.1" 200 8463 "https://www.ibm.com/" "Mozilla/5.0 (Windows NT 6.1; WOW64; rv:54.0) Gecko/20100101 Firefox/54.0"
2001:db8:0:1:0:0:0:4 - - [01/Dec/2024:13:31:45 +0300] "GET /nr HTTP/1.1" 204 8094 "https://www.ibm.com/" "Mozilla/5.0 (Windows NT 10.0; Win64; x64) AppleWebKit/537.36 (KHTML, like Gecko) Chrome/62.0.3202.94 Safari/537.36"
2001:db8:0:1:0:0:0:e - - [01/Dec/2024:13:31:45 +0300] "DELETE /cjjyxdaefx HTTP/1.1" 403 8921 "https://www.msn.com/" "Mozilla/5.0 (Windows NT 10.0; Win64; x64) AppleWebKit/537.36 (KHTML, like Gecko) Chrome/62.0.3202.94 Safari/537.36"
192.168.1.42 - - [01/Dec/2024:13:31:45 +0300] "POST /xmlsay HTTP/1.1" 204 260 "https://www.ibm.com/" "Mozilla/5.0 (Windows NT 10.0; Win64; x64; rv:54.0) Gecko/20100101 Firefox/54.0"
192.168.1.11 - - [01/Dec/2024:13:31:45 +0300] "PUT /rtywz HTTP/1.1" 200 6816 "https://www.msn.com/" "Mozilla/5.0 (Windows NT 10.0; Win64; x64) AppleWebKit/537.36 (KHTML, like Gecko) Chrome/62.0.3202.94 Safari/537.36"
2001:db8:0:1:0:0:0:8 - - [01/Dec/2024:13:31:45 +0300] "GET /fb HTTP/1.1" 302 5260 "https://www.msn.com/" "Mozilla/5.0 (Windows NT 10.0; Win64; x64; rv:54.0) Gecko/20100101 Firefox/54.0"
2001:db8:0:1:0:0:0:c - - [01/Dec/2024:13:31:45 +0300] "GET /akb HTTP/1.1" 500 4160 "https://www.msn.com/" "Mozilla/5.0 (Windows NT 10.0; Win64; x64) AppleWebKit/537.36 (KHTML, like Gecko) Chrome/58.0.3029.110 Safari/537.36"
2001:db8:0:1:0:0:0:9 - - [01/Dec/2024:13:31:45 +0300] "DELETE /tqfsxgq HTTP/1.1" 404 8997 "https://www.msn.com/" "Mozilla/5.0 (Windows NT 10.0; WOW64) AppleWebKit/537.36 (KHTML, like Gecko) Chrome/58.0.3029.110 Safari/537.36 OPR/45.0.2552.898"
192.168.1.38 - - [01/Dec/2024:13:31:45 +0300] "DELETE /y HTTP/1.1" 201 8909 "https://www.msn.com/" "Mozilla/5.0 (Windows NT 6.1; WOW64; rv:54.0) Gecko/20100101 Firefox/54.0"
2001:db8:0:1:0:0:0:9 - - [01/Dec/2024:13:31:45 +0300] "POST /okibrrpzwo HTTP/1.1" 401 4257 "https://www.ibm.com/" "Mozilla/5.0 (Windows NT 10.0; Win64; x64; rv:54.0) Gecko/20100101 Firefox/54.0"
192.168.1.41 - - [01/Dec/2024:13:31:45 +0300] "DELETE /aaaqheo HTTP/1.1" 301 393 "https://www.example.com/" "Mozilla/5.0 (Windows NT 10.0; Win64; x64) AppleWebKit/537.36 (KHTML, like Gecko) Chrome/58.0.3029.110 Safari/537.36"
192.168.1.50 - - [01/Dec/2024:13:31:45 +0300] "POST /yuzpr HTTP/1.1" 302 4233 "https://www.google.com/" "Mozilla/5.0 (Windows NT 10.0; Win64; x64; rv:54.0) Gecko/20100101 Firefox/54.0"
192.168.1.30 - - [01/Dec/2024:13:31:45 +0300] "PUT /oiqalcdb HTTP/1.1" 401 2894 "https://www.msn.com/" "Mozilla/5.0 (Windows NT 6.1; WOW64; Trident/7.0; AS; rv:11.0) like Gecko"
192.168.1.37 - - [01/Dec/2024:13:31:45 +0300] "POST /arwu HTTP/1.1" 201 2420 "https://www.ibm.com/" "Mozilla/5.0 (Windows NT 6.1; WOW64; Trident/7.0; AS; rv:11.0) like Gecko"
192.168.1.46 - - [01/Dec/2024:13:31:45 +0300] "PUT /wwrpxweqzg HTTP/1.1" 201 1088 "https://www.ibm.com/" "Mozilla/5.0 (Windows NT 10.0; Win64; x64) AppleWebKit/537.36 (KHTML, like Gecko) Chrome/58.0.3029.110 Safari/537.36"
2001:db8:0:1:0:0:0:7 - - [01/Dec/2024:13:31:45 +0300] "PUT /umxlqupkal HTTP/1.1" 400 7133 "https://www.ibm.com/" "Mozilla/5.0 (Windows NT 10.0; Win64; x64; rv:54.0) Gecko/20100101 Firefox/54.0"
192.168.1.37 - - [01/Dec/2024:13:31:45 +0300] "POST /usv HTTP/1.1" 404 2357 "https://www.google.com/" "Mozilla/5.0 (Windows NT 10.0; Win64; x64) AppleWebKit/537.36 (KHTML, like Gecko) Chrome/58.0.3029.110 Safari/537.36"
192.168.1.19 - - [01/Dec/2024:13:31:45 +0300] "GET /vcdojd HTTP/1.1" 200 4115 "https://www.ibm.com/" "Mozilla/5.0 (Windows NT 10.0; Win64; x64) AppleWebKit/537.36 (KHTML, like Gecko) Chrome/58.0.3029.110 Safari/537.36"
192.168.1.15 - - [01/Dec/2024:13:31:45 +0300] "PUT /calamqf HTTP/1.1" 404 3640 "https://www.ibm.com/" "Mozilla/5.0 (Windows NT 6.1; WOW64; Trident/7.0; AS; rv:11.0) like Gecko"
192.168.1.46 - - [01/Dec/2024:13:31:45 +0300] "POST /w HTTP/1.1" 302 7207 "https://www.google.com/" "Mozilla/5.0 (Windows NT 6.1; WOW64; Trident/7.0; AS; rv:11.0) like Gecko"
192.168.1.46 - - [01/Dec/2024:13:31:45 +0300] "POST /vfojpog HTTP/1.1" 401 2536 "https://www.example.com/" "Mozilla/5.0 (Windows NT 6.1; WOW64; Trident/7.0; AS; rv:11.0) like Gecko"
192.168.1.38 - - [01/Dec/2024:13:31:45 +0300] "GET /zkpigluhva HTTP/1.1" 201 3151 "https://www.example.com/" "Mozilla/5.0 (Windows NT 10.0; Win64; x64) AppleWebKit/537.36 (KHTML, like Gecko) Chrome/62.0.3202.94 Safari/537.36"
2001:db8:0:1:0:0:0:b - - [01/Dec/2024:13:31:45 +0300] "POST /kkxjp HTTP/1.1" 301 9628 "https://www.ibm.com/" "Mozilla/5.0 (Windows NT 6.1; WOW64; rv:54.0) Gecko/20100101 Firefox/54.0"
192.168.1.22 - - [01/Dec/2024:13:31:45 +0300] "GET /hatekmegk HTTP/1.1" 204 8513 "https://www.msn.com/" "Mozilla/5.0 (Windows NT 10.0; WOW64) AppleWebKit/537.36 (KHTML, like Gecko) Chrome/58.0.3029.110 Safari/537.36 OPR/45.0.2552.898"
192.168.1.12 - - [01/Dec/2024:13:31:45 +0300] "POST /cyhwy HTTP/1.1" 404 6150 "https://www.ibm.com/" "Mozilla/5.0 (Windows NT 10.0; WOW64) AppleWebKit/537.36 (KHTML, like Gecko) Chrome/58.0.3029.110 Safari/537.36 OPR/45.0.2552.898"
192.168.1.44 - - [01/Dec/2024:13:31:45 +0300] "GET /vdvmvt HTTP/1.1" 403 5634 "https://www.example.com/" "Mozilla/5.0 (Windows NT 10.0; Win64; x64) AppleWebKit/537.36 (KHTML, like Gecko) Chrome/62.0.3202.94 Safari/537.36"
192.168.1.9 - - [01/Dec/2024:13:31:45 +0300] "DELETE /ik HTTP/1.1" 301 5803 "https://www.msn.com/" "Mozilla/5.0 (Windows NT 6.1; WOW64; rv:54.0) Gecko/20100101 Firefox/54.0"
192.168.1.30 - - [01/Dec/2024:13:31:45 +0300] "POST /ahzhqay HTTP/1.1" 400 567 "https://www.msn.com/" "Mozilla/5.0 (Windows NT 10.0; Win64; x64) AppleWebKit/537.36 (KHTML, like Gecko) Chrome/58.0.3029.110 Safari/537.36"
192.168.1.5 - - [01/Dec/2024:13:31:45 +0300] "PUT /tewiyfa HTTP/1.1" 403 8008 "https://www.google.com/" "Mozilla/5.0 (Windows NT 6.1; WOW64; rv:54.0) Gecko/20100101 Firefox/54.0"
2001:db8:0:1:0:0:0:2 - - [01/Dec/2024:13:31:45 +0300] "PUT /c HTTP/1.1" 200 698 "https://www.ibm.com/" "Mozilla/5.0 (Windows NT 6.1; WOW64; Trident/7.0; AS; rv:11.0) like Gecko"
192.168.1.7 - - [01/Dec/2024:13:31:45 +0300] "POST /apbpfitu HTTP/1.1" 401 7700 "https://www.example.com/" "Mozilla/5.0 (Windows NT 10.0; Win64; x64; rv:54.0) Gecko/20100101 Firefox/54.0"
192.168.1.23 - - [01/Dec/2024:13:31:45 +0300] "GET /dmm HTTP/1.1" 204 9838 "https://www.msn.com/" "Mozilla/5.0 (Windows NT 6.1; WOW64; rv:54.0) Gecko/20100101 Firefox/54.0"
192.168.1.13 - - [01/Dec/2024:13:31:45 +0300] "DELETE /eoahqvj HTTP/1.1" 302 9596 "https://www.ibm.com/" "Mozilla/5.0 (Windows NT 10.0; Win64; x64) AppleWebKit/537.36 (KHTML, like Gecko) Chrome/62.0.3202.94 Safari/537.36"
192.168.1.48 - - [01/Dec/2024:13:31:45 +0300] "POST /azjoqkpyz HTTP/1.1" 500 475 "https://www.example.com/" "Mozilla/5.0 (Windows NT 10.0; WOW64) AppleWebKit/537.36 (KHTML, like Gecko) Chrome/58.0.3029.110 Safari/537.36 OPR/45.0.2552.898"
192.168.1.10 - - [01/Dec/2024:13:31:45 +0300] "DELETE /jprdnuj HTTP/1.1" 401 3606 "https://www.google.com/" "Mozilla/5.0 (Windows NT 10.0; WOW64) AppleWebKit/537.36 (KHTML, like Gecko) Chrome/58.0.3029.110 Safari/537.36 OPR/45.0.2552.898"
2001:db8:0:1:0:0:0:1 - - [01/Dec/2024:13:31:45 +0300] "POST /ovgmhgmoet HTTP/1.1" 302 8298 "https://www.example.com/" "Mozilla/5.0 (Windows NT 10.0; Win64; x64) AppleWebKit/537.36 (KHTML, like Gecko) Chrome/58.0.3029.110 Safari/537.36"
2001:db8:0:1:0:0:0:c - - [01/Dec/2024:13:31:45 +0300] "DELETE /zubhngtt HTTP/1.1" 200 8149 "https://www.google.com/" "Mozilla/5.0 (Windows NT 6.1; WOW64; rv:54.0) Gecko/20100101 Firefox/54.0"
192.168.1.14 - - [01/Dec/2024:13:31:45 +0300] "GET /jrh HTTP/1.1" 204 7509 "https://www.example.com/" "Mozilla/5.0 (Windows NT 6.1; WOW64; rv:54.0) Gecko/20100101 Firefox/54.0"
2001:db8:0:1:0:0:0:6 - - [01/Dec/2024:13:31:45 +0300] "PUT /pimw HTTP/1.1" 400 3898 "https://www.google.com/" "Mozilla/5.0 (Windows NT 10.0; Win64; x64) AppleWebKit/537.36 (KHTML, like Gecko) Chrome/62.0.3202.94 Safari/537.36"
2001:db8:0:1:0:0:0:6 - - [01/Dec/2024:13:31:45 +0300] "DELETE /wupxp HTTP/1.1" 500 4712 "https://www.example.com/" "Mozilla/5.0 (Windows NT 6.1; WOW64; rv:54.0) Gecko/20100101 Firefox/54.0"
192.168.1.17 - - [01/Dec/2024:13:31:45 +0300] "POST /dgyul HTTP/1.1" 403 6892 "https://www.ibm.com/" "Mozilla/5.0 (Windows NT 10.0; Win64; x64; rv:54.0) Gecko/20100101 Firefox/54.0"
192.168.1.29 - - [01/Dec/2024:13:31:45 +0300] "POST /owzjsnapg HTTP/1.1" 204 2940 "https://www.example.com/" "Mozilla/5.0 (Windows NT 6.1; WOW64; rv:54.0) Gecko/20100101 Firefox/54.0"
2001:db8:0:1:0:0:0:e - - [01/Dec/2024:13:31:45 +0300] "POST /imy HTTP/1.1" 201 9644 "https://www.google.com/" "Mozilla/5.0 (Windows NT 6.1; WOW64; rv:54.0) Gecko/20100101 Firefox/54.0"
192.168.1.43 - - [01/Dec/2024:13:31:45 +0300] "DELETE /szswqqwm HTTP/1.1" 201 3576 "https://www.ibm.com/" "Mozilla/5.0 (Windows NT 10.0; Win64; x64) AppleWebKit/537.36 (KHTML, like Gecko) Chrome/58.0.3029.110 Safari/537.36"
192.168.1.18 - - [01/Dec/2024:13:31:45 +0300] "GET /ps HTTP/1.1" 500 2219 "https://www.ibm.com/" "Mozilla/5.0 (Windows NT 6.1; WOW64; Trident/7.0; AS; rv:11.0) like Gecko"
192.168.1.25 - - [01/Dec/2024:13:31:45 +0300] "GET /gtwvvimm HTTP/1.1" 404 2020 "https://www.ibm.com/" "Mozilla/5.0 (Windows NT 6.1; WOW64; rv:54.0) Gecko/20100101 Firefox/54.0"
192.168.1.42 - - [01/Dec/2024:13:31:45 +0300] "DELETE /jyhoqjqrv HTTP/1.1" 201 4768 "https://www.google.com/" "Mozilla/5.0 (Windows NT 10.0; Win64; x64) AppleWebKit/537.36 (KHTML, like Gecko) Chrome/62.0.3202.94 Safari/537.36"
192.168.1.42 - - [01/Dec/2024:13:31:45 +0300] "POST /ygj HTTP/1.1" 403 8195 "https://www.ibm.com/" "Mozilla/5.0 (Windows NT 6.1; WOW64; rv:54.0) Gecko/20100101 Firefox/54.0"
192.168.1.42 - - [01/Dec/2024:13:31:45 +0300] "POST /ljdh HTTP/1.1" 301 9784 "https://www.example.com/" "Mozilla/5.0 (Windows NT 6.1; WOW64; Trident/7.0; AS; rv:11.0) like Gecko"
192.168.1.4 - - [01/Dec/2024:13:31:45 +0300] "POST /i HTTP/1.1" 200 8882 "https://www.google.com/" "Mozilla/5.0 (Windows NT 10.0; Win64; x64) AppleWebKit/537.36 (KHTML, like Gecko) Chrome/62.0.3202.94 Safari/537.36"
192.168.1.37 - - [01/Dec/2024:13:31:45 +0300] "PUT /hrcencg HTTP/1.1" 400 7378 "https://www.ibm.com/" "Mozilla/5.0 (Windows NT 10.0; WOW64) AppleWebKit/537.36 (KHTML, like Gecko) Chrome/58.0.3029.110 Safari/537.36 OPR/45.0.2552.898"
192.168.1.17 - - [01/Dec/2024:13:31:45 +0300] "GET /dzijd HTTP/1.1" 404 1811 "https://www.msn.com/" "Mozilla/5.0 (Windows NT 10.0; Win64; x64) AppleWebKit/537.36 (KHTML, like Gecko) Chrome/62.0.3202.94 Safari/537.36"
2001:db8:0:1:0:0:0:d - - [01/Dec/2024:13:31:45 +0300] "GET /zh HTTP/1.1" 401 9503 "https://www.msn.com/" "Mozilla/5.0 (Windows NT 10.0; Win64; x64) AppleWebKit/537.36 (KHTML, like Gecko) Chrome/58.0.3029.110 Safari/537.36"
2001:db8:0:1:0:0:0:2 - - [01/Dec/2024:13:31:45 +0300] "POST /gcctkpr HTTP/1.1" 201 2410 "https://www.example.com/" "Mozilla/5.0 (Windows NT 6.1; WOW64; rv:54.0) Gecko/20100101 Firefox/54.0"
192.168.1.45 - - [01/Dec/2024:13:31:45 +0300] "GET /or HTTP/1.1" 301 2812 "https://www.google.com/" "Mozilla/5.0 (Windows NT 6.1; WOW64; rv:54.0) Gecko/20100101 Firefox/54.0"
192.168.1.21 - - [01/Dec/2024:13:31:45 +0300] "POST /kwn HTTP/1.1" 500 6970 "https://www.google.com/" "Mozilla/5.0 (Windows NT 10.0; Win64; x64) AppleWebKit/537.36 (KHTML, like Gecko) Chrome/58.0.3029.110 Safari/537.36"
192.168.1.5 - - [01/Dec/2024:13:31:45 +0300] "GET /wowatcqwh HTTP/1.1" 302 8093 "https://www.msn.com/" "Mozilla/5.0 (Windows NT 10.0; Win64; x64) AppleWebKit/537.36 (KHTML, like Gecko) Chrome/58.0.3029.110 Safari/537.36"
2001:db8:0:1:0:0:0:a - - [01/Dec/2024:13:31:45 +0300] "GET /zqxu HTTP/1.1" 401 5194 "https://www.example.com/" "Mozilla/5.0 (Windows NT 10.0; WOW64) AppleWebKit/537.36 (KHTML, like Gecko) Chrome/58.0.3029.110 Safari/537.36 OPR/45.0.2552.898"
192.168.1.49 - - [01/Dec/2024:13:31:45 +0300] "PUT /htcaz HTTP/1.1" 500 9373 "https://www.msn.com/" "Mozilla/5.0 (Windows NT 10.0; Win64; x64; rv:54.0) Gecko/20100101 Firefox/54.0"
192.168.1.11 - - [01/Dec/2024:13:31:45 +0300] "DELETE /dm HTTP/1.1" 301 1461 "https://www.google.com/" "Mozilla/5.0 (Windows NT 10.0; Win64; x64) AppleWebKit/537.36 (KHTML, like Gecko) Chrome/62.0.3202.94 Safari/537.36"
192.168.1.23 - - [01/Dec/2024:13:31:45 +0300] "DELETE /fqnynyxe HTTP/1.1" 204 2477 "https://www.ibm.com/" "Mozilla/5.0 (Windows NT 10.0; Win64; x64) AppleWebKit/537.36 (KHTML, like Gecko) Chrome/62.0.3202.94 Safari/537.36"
192.168.1.2 - - [01/Dec/2024:13:31:45 +0300] "PUT /ixrg HTTP/1.1" 404 7258 "https://www.example.com/" "Mozilla/5.0 (Windows NT 10.0; Win64; x64) AppleWebKit/537.36 (KHTML, like Gecko) Chrome/62.0.3202.94 Safari/537.36"
192.168.1.4 - - [01/Dec/2024:13:31:45 +0300] "POST /vk HTTP/1.1" 301 4252 "https://www.example.com/" "Mozilla/5.0 (Windows NT 10.0; Win64; x64) AppleWebKit/537.36 (KHTML, like Gecko) Chrome/58.0.3029.110 Safari/537.36"
192.168.1.15 - - [01/Dec/2024:13:31:45 +0300] "POST /mdyhcwrxo HTTP/1.1" 204 9255 "https://www.example.com/" "Mozilla/5.0 (Windows NT 10.0; Win64; x64) AppleWebKit/537.36 (KHTML, like Gecko) Chrome/62.0.3202.94 Safari/537.36"
192.168.1.14 - - [01/Dec/2024:13:31:45 +0300] "PUT /ddzngkn HTTP/1.1" 302 3002 "https://www.msn.com/" "Mozilla/5.0 (Windows NT 10.0; WOW64) AppleWebKit/537.36 (KHTML, like Gecko) Chrome/58.0.3029.110 Safari/537.36 OPR/45.0.2552.898"
192.168.1.7 - - [01/Dec/2024:13:31:45 +0300] "GET /lq HTTP/1.1" 301 970 "https://www.google.com/" "Mozilla/5.0 (Windows NT 10.0; Win64; x64; rv:54.0) Gecko/20100101 Firefox/54.0"
192.168.1.27 - - [01/Dec/2024:13:31:45 +0300] "GET /bsyvqzmjrx HTTP/1.1" 401 9151 "https://www.example.com/" "Mozilla/5.0 (Windows NT 10.0; Win64; x64; rv:54.0) Gecko/20100101 Firefox/54.0"
2001:db8:0:1:0:0:0:b - - [01/Dec/2024:13:31:45 +0300] "DELETE /hk HTTP/1.1" 404 9225 "https://www.example.com/" "Mozilla/5.0 (Windows NT 6.1; WOW64; Trident/7.0; AS; rv:11.0) like Gecko"
192.168.1.46 - - [01/Dec/2024:13:31:45 +0300] "GET /xtdvvwfq HTTP/1.1" 200 4076 "https://www.ibm.com/" "Mozilla/5.0 (Windows NT 10.0; Win64; x64; rv:54.0) Gecko/20100101 Firefox/54.0"
2001:db8:0:1:0:0:0:d - - [01/Dec/2024:13:31:45 +0300] "POST /v HTTP/1.1" 400 923 "https://www.example.com/" "Mozilla/5.0 (Windows NT 6.1; WOW64; Trident/7.0; AS; rv:11.0) like Gecko"
192.168.1.18 - - [01/Dec/2024:13:31:45 +0300] "GET /tgcm HTTP/1.1" 400 2515 "https://www.ibm.com/" "Mozilla/5.0 (Windows NT 6.1; WOW64; rv:54.0) Gecko/20100101 Firefox/54.0"
192.168.1.14 - - [01/Dec/2024:13:31:45 +0300] "GET /wrsdl HTTP/1.1" 201 4624 "https://www.ibm.com/" "Mozilla/5.0 (Windows NT 10.0; Win64; x64) AppleWebKit/537.36 (KHTML, like Gecko) Chrome/62.0.3202.94 Safari/537.36"
192.168.1.7 - - [01/Dec/2024:13:31:45 +0300] "PUT /wcslm HTTP/1.1" 200 9866 "https://www.example.com/" "Mozilla/5.0 (Windows NT 10.0; Win64; x64) AppleWebKit/537.36 (KHTML, like Gecko) Chrome/58.0.3029.110 Safari/537.36"
192.168.1.19 - - [01/Dec/2024:13:31:45 +0300] "DELETE /wxdxmra HTTP/1.1" 500 4468 "https://www.msn.com/" "Mozilla/5.0 (Windows NT 10.0; WOW64) AppleWebKit/537.36 (KHTML, like Gecko) Chrome/58.0.3029.110 Safari/537.36 OPR/45.0.2552.898"
2001:db8:0:1:0:0:0:a - - [01/Dec/2024:13:31:45 +0300] "DELETE /xgxlf HTTP/1.1" 204 3351 "https://www.example.com/" "Mozilla/5.0 (Windows NT 10.0; Win64; x64) AppleWebKit/537.36 (KHTML, like Gecko) Chrome/62.0.3202.94 Safari/537.36"
192.168.1.44 - - [01/Dec/2024:13:31:45 +0300] "POST /j HTTP/1.1" 204 2022 "https://www.ibm.com/" "Mozilla/5.0 (Windows NT 6.1; WOW64; rv:54.0) Gecko/20100101 Firefox/54.0"
192.168.1.33 - - [01/Dec/2024:13:31:45 +0300] "DELETE /reeotoypka HTTP/1.1" 400 8893 "https://www.example.com/" "Mozilla/5.0 (Windows NT 10.0; Win64; x64; rv:54.0) Gecko/20100101 Firefox/54.0"
192.168.1.4 - - [01/Dec/2024:13:31:45 +0300] "DELETE /tw HTTP/1.1" 200 7179 "https://www.msn.com/" "Mozilla/5.0 (Windows NT 6.1; WOW64; Trident/7.0; AS; rv:11.0) like Gecko"
192.168.1.26 - - [01/Dec/2024:13:31:45 +0300] "PUT /agy HTTP/1.1" 301 4223 "https://www.msn.com/" "Mozilla/5.0 (Windows NT 10.0; WOW64) AppleWebKit/537.36 (KHTML, like Gecko) Chrome/58.0.3029.110 Safari/537.36 OPR/45.0.2552.898"
192.168.1.12 - - [01/Dec/2024:13:31:45 +0300] "PUT /mupudptimd HTTP/1.1" 401 4930 "https://www.google.com/" "Mozilla/5.0 (Windows NT 10.0; Win64; x64) AppleWebKit/537.36 (KHTML, like Gecko) Chrome/58.0.3029.110 Safari/537.36"
192.168.1.27 - - [01/Dec/2024:13:31:45 +0300] "DELETE /bovsjrab HTTP/1.1" 200 7615 "https://www.example.com/" "Mozilla/5.0 (Windows NT 10.0; Win64; x64; rv:54.0) Gecko/20100101 Firefox/54.0"
192.168.1.8 - - [01/Dec/2024:13:31:45 +0300] "DELETE /mje HTTP/1.1" 302 2689 "https://www.msn.com/" "Mozilla/5.0 (Windows NT 6.1; WOW64; Trident/7.0; AS; rv:11.0) like Gecko"
192.168.1.3 - - [01/Dec/2024:13:31:45 +0300] "POST /avhepzqqn HTTP/1.1" 301 836 "https://www.example.com/" "Mozilla/5.0 (Windows NT 10.0; Win64; x64; rv:54.0) Gecko/20100101 Firefox/54.0"
192.168.1.13 - - [01/Dec/2024:13:31:45 +0300] "POST /mdzslzwbr HTTP/1.1" 404 1950 "https://www.ibm.com/" "Mozilla/5.0 (Windows NT 6.1; WOW64; Trident/7.0; AS; rv:11.0) like Gecko"
192.168.1.45 - - [01/Dec/2024:13:31:45 +0300] "PUT /bretufjdl HTTP/1.1" 204 8302 "https://www.ibm.com/" "Mozilla/5.0 (Windows NT 6.1; WOW64; Trident/7.0; AS; rv:11.0) like Gecko"
192.168.1.42 - - [01/Dec/2024:13:31:45 +0300] "POST /u HTTP/1.1" 401 3971 "https://www.example.com/" "Mozilla/5.0 (Windows NT 10.0; Win64; x64) AppleWebKit/537.36 (KHTML, like Gecko) Chrome/58.0.3029.110 Safari/537.36"
192.168.1.47 - - [01/Dec/2024:13:31:45 +0300] "POST /njwuxbomtg HTTP/1.1" 400 2222 "https://www.ibm.com/" "Mozilla/5.0 (Windows NT 10.0; WOW64) AppleWebKit/537.36 (KHTML, like Gecko) Chrome/58.0.3029.110 Safari/537.36 OPR/45.0.2552.898"
192.168.1.40 - - [01/Dec/2024:13:31:45 +0300] "GET /grsgcippq HTTP/1.1" 201 3270 "https://www.google.com/" "Mozilla/5.0 (Windows NT 6.1; WOW64; Trident/7.0; AS; rv:11.0) like Gecko"
192.168.1.49 - - [01/Dec/2024:13:31:45 +0300] "DELETE /wn HTTP/1.1" 400 7269 "https://www.msn.com/" "Mozilla/5.0 (Windows NT 10.0; Win64; x64; rv:54.0) Gecko/20100101 Firefox/54.0"
192.168.1.16 - - [01/Dec/2024:13:31:45 +0300] "POST /cjy HTTP/1.1" 204 9464 "https://www.ibm.com/" "Mozilla/5.0 (Windows NT 6.1; WOW64; rv:54.0) Gecko/20100101 Firefox/54.0"
2001:db8:0:1:0:0:0:c - - [01/Dec/2024:13:31:45 +0300] "POST /xjnr HTTP/1.1" 500 5513 "https://www.msn.com/" "Mozilla/5.0 (Windows NT 10.0; WOW64) AppleWebKit/537.36 (KHTML, like Gecko) Chrome/58.0.3029.110 Safari/537.36 OPR/45.0.2552.898"
192.168.1.30 - - [01/Dec/2024:13:31:45 +0300] "POST /dmnizabye HTTP/1.1" 401 7595 "https://www.example.com/" "Mozilla/5.0 (Windows NT 10.0; Win64; x64) AppleWebKit/537.36 (KHTML, like Gecko) Chrome/62.0.3202.94 Safari/537.36"
192.168.1.29 - - [01/Dec/2024:13:31:45 +0300] "GET /yyvnfbdq HTTP/1.1" 200 9209 "https://www.example.com/" "Mozilla/5.0 (Windows NT 10.0; Win64; x64) AppleWebKit/537.36 (KHTML, like Gecko) Chrome/62.0.3202.94 Safari/537.36"
192.168.1.42 - - [01/Dec/2024:13:31:45 +0300] "PUT /oalualll HTTP/1.1" 201 6626 "https://www.ibm.com/" "Mozilla/5.0 (Windows NT 10.0; WOW64) AppleWebKit/537.36 (KHTML, like Gecko) Chrome/58.0.3029.110 Safari/537.36 OPR/45.0.2552.898"
192.168.1.19 - - [01/Dec/2024:13:31:45 +0300] "DELETE /ynzk HTTP/1.1" 404 3969 "https://www.msn.com/" "Mozilla/5.0 (Windows NT 6.1; WOW64; Trident/7.0; AS; rv:11.0) like Gecko"
192.168.1.30 - - [01/Dec/2024:13:31:45 +0300] "DELETE /d HTTP/1.1" 301 8763 "https://www.example.com/" "Mozilla/5.0 (Windows NT 10.0; Win64; x64) AppleWebKit/537.36 (KHTML, like Gecko) Chrome/62.0.3202.94 Safari/537.36"
192.168.1.26 - - [01/Dec/2024:13:31:45 +0300] "GET /sa HTTP/1.1" 200 7774 "https://www.google.com/" "Mozilla/5.0 (Windows NT 10.0; Win64; x64) AppleWebKit/537.36 (KHTML, like Gecko) Chrome/58.0.3029.110 Safari/537.36"
2001:db8:0:1:0:0:0:9 - - [01/Dec/2024:13:31:45 +0300] "GET /nnqdwl HTTP/1.1" 302 2809 "https://www.ibm.com/" "Mozilla/5.0 (Windows NT 10.0; Win64; x64) AppleWebKit/537.36 (KHTML, like Gecko) Chrome/62.0.3202.94 Safari/537.36"
192.168.1.18 - - [01/Dec/2024:13:31:45 +0300] "GET /xagjr HTTP/1.1" 404 7646 "https://www.msn.com/" "Mozilla/5.0 (Windows NT 10.0; Win64; x64; rv:54.0) Gecko/20100101 Firefox/54.0"
192.168.1.17 - - [01/Dec/2024:13:31:45 +0300] "PUT /lkdajbhyax HTTP/1.1" 302 1952 "https://www.ibm.com/" "Mozilla/5.0 (Windows NT 6.1; WOW64; Trident/7.0; AS; rv:11.0) like Gecko"
192.168.1.22 - - [01/Dec/2024:13:31:45 +0300] "POST /pfzmqsu HTTP/1.1" 204 8032 "https://www.ibm.com/" "Mozilla/5.0 (Windows NT 6.1; WOW64; rv:54.0) Gecko/20100101 Firefox/54.0"
2001:db8:0:1:0:0:0:e - - [01/Dec/2024:13:31:45 +0300] "DELETE /nx HTTP/1.1" 404 9960 "https://www.ibm.com/" "Mozilla/5.0 (Windows NT 10.0; WOW64) AppleWebKit/537.36 (KHTML, like Gecko) Chrome/58.0.3029.110 Safari/537.36 OPR/45.0.2552.898"
192.168.1.5 - - [01/Dec/2024:13:31:45 +0300] "DELETE /qum HTTP/1.1" 302 2547 "https://www.msn.com/" "Mozilla/5.0 (Windows NT 6.1; WOW64; rv:54.0) Gecko/20100101 Firefox/54.0"
2001:db8:0:1:0:0:0:a - - [01/Dec/2024:13:31:45 +0300] "POST /vo HTTP/1.1" 200 1107 "https://www.google.com/" "Mozilla/5.0 (Windows NT 6.1; WOW64; rv:54.0) Gecko/20100101 Firefox/54.0"
192.168.1.46 - - [01/Dec/2024:13:31:45 +0300] "GET /celkj HTTP/1.1" 401 3926 "https://www.example.com/" "Mozilla/5.0 (Windows NT 10.0; Win64; x64) AppleWebKit/537.36 (KHTML, like Gecko) Chrome/58.0.3029.110 Safari/537.36"
192.168.1.22 - - [01/Dec/2024:13:31:45 +0300] "GET /uuu HTTP/1.1" 302 2441 "https://www.google.com/" "Mozilla/5.0 (Windows NT 10.0; WOW64) AppleWebKit/537.36 (KHTML, like Gecko) Chrome/58.0.3029.110 Safari/537.36 OPR/45.0.2552.898"
192.168.1.49 - - [01/Dec/2024:13:31:45 +0300] "PUT /yqs HTTP/1.1" 403 7874 "https://www.google.com/" "Mozilla/5.0 (Windows NT 10.0; Win64; x64) AppleWebKit/537.36 (KHTML, like Gecko) Chrome/62.0.3202.94 Safari/537.36"
192.168.1.25 - - [01/Dec/2024:13:31:45 +0300] "GET /lhngal HTTP/1.1" 204 6588 "https://www.msn.com/" "Mozilla/5.0 (Windows NT 10.0; Win64; x64; rv:54.0) Gecko/20100101 Firefox/54.0"
192.168.1.3 - - [01/Dec/2024:13:31:45 +0300] "POST /ijw HTTP/1.1" 204 1043 "https://www.example.com/" "Mozilla/5.0 (Windows NT 10.0; WOW64) AppleWebKit/537.36 (KHTML, like Gecko) Chrome/58.0.3029.110 Safari/537.36 OPR/45.0.2552.898"
192.168.1.3 - - [01/Dec/2024:13:31:45 +0300] "POST /ghsws HTTP/1.1" 400 4793 "https://www.ibm.com/" "Mozilla/5.0 (Windows NT 6.1; WOW64; Trident/7.0; AS; rv:11.0) like Gecko"
192.168.1.6 - - [01/Dec/2024:13:31:45 +0300] "GET /tpyssadwlo HTTP/1.1" 301 389 "https://www.msn.com/" "Mozilla/5.0 (Windows NT 10.0; Win64; x64) AppleWebKit/537.36 (KHTML, like Gecko) Chrome/62.0.3202.94 Safari/537.36"
2001:db8:0:1:0:0:0:2 - - [01/Dec/2024:13:31:45 +0300] "GET /darnstau HTTP/1.1" 500 9530 "https://www.example.com/" "Mozilla/5.0 (Windows NT 6.1; WOW64; rv:54.0) Gecko/20100101 Firefox/54.0"
192.168.1.39 - - [01/Dec/2024:13:31:45 +0300] "POST /ykqedzvjgk HTTP/1.1" 401 6357 "https://www.msn.com/" "Mozilla/5.0 (Windows NT 10.0; Win64; x64) AppleWebKit/537.36 (KHTML, like Gecko) Chrome/58.0.3029.110 Safari/537.36"
2001:db8:0:1:0:0:0:b - - [01/Dec/2024:13:31:45 +0300] "PUT /njezbux HTTP/1.1" 204 9110 "https://www.msn.com/" "Mozilla/5.0 (Windows NT 6.1; WOW64; rv:54.0) Gecko/20100101 Firefox/54.0"
192.168.1.4 - - [01/Dec/2024:13:31:45 +0300] "POST /vdcbwggok HTTP/1.1" 401 5981 "https://www.example.com/" "Mozilla/5.0 (Windows NT 10.0; WOW64) AppleWebKit/537.36 (KHTML, like Gecko) Chrome/58.0.3029.110 Safari/537.36 OPR/45.0.2552.898"
192.168.1.32 - - [01/Dec/2024:13:31:45 +0300] "DELETE /kmo HTTP/1.1" 204 4326 "https://www.google.com/" "Mozilla/5.0 (Windows NT 6.1; WOW64; Trident/7.0; AS; rv:11.0) like Gecko"
192.168.1.28 - - [01/Dec/2024:13:31:45 +0300] "DELETE /s HTTP/1.1" 400 8084 "https://www.ibm.com/" "Mozilla/5.0 (Windows NT 10.0; WOW64) AppleWebKit/537.36 (KHTML, like Gecko) Chrome/58.0.3029.110 Safari/537.36 OPR/45.0.2552.898"
192.168.1.43 - - [01/Dec/2024:13:31:45 +0300] "GET /g HTTP/1.1" 201 6630 "https://www.ibm.com/" "Mozilla/5.0 (Windows NT 10.0; Win64; x64) AppleWebKit/537.36 (KHTML, like Gecko) Chrome/58.0.3029.110 Safari/537.36"
192.168.1.37 - - [01/Dec/2024:13:31:45 +0300] "GET /oo HTTP/1.1" 401 6462 "https://www.google.com/" "Mozilla/5.0 (Windows NT 10.0; Win64; x64) AppleWebKit/537.36 (KHTML, like Gecko) Chrome/62.0.3202.94 Safari/537.36"
2001:db8:0:1:0:0:0:a - - [01/Dec/2024:13:31:45 +0300] "GET /yh HTTP/1.1" 500 2685 "https://www.example.com/" "Mozilla/5.0 (Windows NT 6.1; WOW64; Trident/7.0; AS; rv:11.0) like Gecko"
192.168.1.16 - - [01/Dec/2024:13:31:45 +0300] "POST /mfqmjaelvg HTTP/1.1" 200 9498 "https://www.msn.com/" "Mozilla/5.0 (Windows NT 10.0; Win64; x64) AppleWebKit/537.36 (KHTML, like Gecko) Chrome/62.0.3202.94 Safari/537.36"
192.168.1.1 - - [01/Dec/2024:13:31:45 +0300] "PUT /yuklvcyr HTTP/1.1" 404 7430 "https://www.example.com/" "Mozilla/5.0 (Windows NT 10.0; WOW64) AppleWebKit/537.36 (KHTML, like Gecko) Chrome/58.0.3029.110 Safari/537.36 OPR/45.0.2552.898"
192.168.1.9 - - [01/Dec/2024:13:31:45 +0300] "POST /evsxdsrug HTTP/1.1" 201 5807 "https://www.msn.com/" "Mozilla/5.0 (Windows NT 10.0; Win64; x64) AppleWebKit/537.36 (KHTML, like Gecko) Chrome/62.0.3202.94 Safari/537.36"
192.168.1.10 - - [01/Dec/2024:13:31:45 +0300] "PUT /bzy HTTP/1.1" 200 1575 "https://www.ibm.com/" "Mozilla/5.0 (Windows NT 6.1; WOW64; rv:54.0) Gecko/20100101 Firefox/54.0"
192.168.1.9 - - [01/Dec/2024:13:31:45 +0300] "DELETE /myoxfiatsd HTTP/1.1" 400 4090 "https://www.msn.com/" "Mozilla/5.0 (Windows NT 6.1; WOW64; Trident/7.0; AS; rv:11.0) like Gecko"
192.168.1.12 - - [01/Dec/2024:13:31:45 +0300] "DELETE /wvapvsdxdh HTTP/1.1" 301 5969 "https://www.msn.com/" "Mozilla/5.0 (Windows NT 6.1; WOW64; Trident/7.0; AS; rv:11.0) like Gecko"
2001:db8:0:1:0:0:0:8 - - [01/Dec/2024:13:31:45 +0300] "PUT /ri HTTP/1.1" 301 5026 "https://www.google.com/" "Mozilla/5.0 (Windows NT 10.0; Win64; x64) AppleWebKit/537.36 (KHTML, like Gecko) Chrome/62.0.3202.94 Safari/537.36"
192.168.1.10 - - [01/Dec/2024:13:31:45 +0300] "GET /bjgcqc HTTP/1.1" 302 3266 "https://www.example.com/" "Mozilla/5.0 (Windows NT 10.0; Win64; x64) AppleWebKit/537.36 (KHTML, like Gecko) Chrome/58.0.3029.110 Safari/537.36"
2001:db8:0:1:0:0:0:7 - - [01/Dec/2024:13:31:45 +0300] "POST /kosafpdm HTTP/1.1" 500 694 "https://www.example.com/" "Mozilla/5.0 (Windows NT 6.1; WOW64; rv:54.0) Gecko/20100101 Firefox/54.0"
2001:db8:0:1:0:0:0:7 - - [01/Dec/2024:13:31:45 +0300] "GET /higwd HTTP/1.1" 400 2949 "https://www.ibm.com/" "Mozilla/5.0 (Windows NT 10.0; WOW64) AppleWebKit/537.36 (KHTML, like Gecko) Chrome/58.0.3029.110 Safari/537.36 OPR/45.0.2552.898"
192.168.1.30 - - [01/Dec/2024:13:31:45 +0300] "GET /m HTTP/1.1" 204 4648 "https://www.msn.com/" "Mozilla/5.0 (Windows NT 10.0; Win64; x64) AppleWebKit/537.36 (KHTML, like Gecko) Chrome/62.0.3202.94 Safari/537.36"
192.168.1.29 - - [01/Dec/2024:13:31:45 +0300] "DELETE /qwjfh HTTP/1.1" 500 7385 "https://www.ibm.com/" "Mozilla/5.0 (Windows NT 6.1; WOW64; rv:54.0) Gecko/20100101 Firefox/54.0"
192.168.1.9 - - [01/Dec/2024:13:31:45 +0300] "PUT /nddhzmcamz HTTP/1.1" 400 6411 "https://www.example.com/" "Mozilla/5.0 (Windows NT 10.0; WOW64) AppleWebKit/537.36 (KHTML, like Gecko) Chrome/58.0.3029.110 Safari/537.36 OPR/45.0.2552.898"
192.168.1.49 - - [01/Dec/2024:13:31:45 +0300] "DELETE /ufyxaakdlg HTTP/1.1" 204 2469 "https://www.google.com/" "Mozilla/5.0 (Windows NT 10.0; WOW64) AppleWebKit/537.36 (KHTML, like Gecko) Chrome/58.0.3029.110 Safari/537.36 OPR/45.0.2552.898"
2001:db8:0:1:0:0:0:e - - [01/Dec/2024:13:31:45 +0300] "PUT /lvu HTTP/1.1" 204 7463 "https://www.msn.com/" "Mozilla/5.0 (Windows NT 6.1; WOW64; Trident/7.0; AS; rv:11.0) like Gecko"
192.168.1.41 - - [01/Dec/2024:13:31:45 +0300] "GET /ifrk HTTP/1.1" 401 3278 "https://www.msn.com/" "Mozilla/5.0 (Windows NT 10.0; Win64; x64) AppleWebKit/537.36 (KHTML, like Gecko) Chrome/58.0.3029.110 Safari/537.36"
192.168.1.45 - - [01/Dec/2024:13:31:45 +0300] "GET /eob HTTP/1.1" 301 3751 "https://www.google.com/" "Mozilla/5.0 (Windows NT 6.1; WOW64; Trident/7.0; AS; rv:11.0) like Gecko"
2001:db8:0:1:0:0:0:7 - - [01/Dec/2024:13:31:45 +0300] "POST /ng HTTP/1.1" 302 2649 "https://www.msn.com/" "Mozilla/5.0 (Windows NT 6.1; WOW64; Trident/7.0; AS; rv:11.0) like Gecko"
192.168.1.20 - - [01/Dec/2024:13:31:45 +0300] "DELETE /ckuyg HTTP/1.1" 500 2933 "https://www.google.com/" "Mozilla/5.0 (Windows NT 10.0; Win64; x64) AppleWebKit/537.36 (KHTML, like Gecko) Chrome/62.0.3202.94 Safari/537.36"
2001:db8:0:1:0:0:0:4 - - [01/Dec/2024:13:31:45 +0300] "POST /h HTTP/1.1" 400 4000 "https://www.example.com/" "Mozilla/5.0 (Windows NT 6.1; WOW64; rv:54.0) Gecko/20100101 Firefox/54.0"
192.168.1.3 - - [01/Dec/2024:13:31:45 +0300] "POST /zhzdoryuz HTTP/1.1" 301 3381 "https://www.example.com/" "Mozilla/5.0 (Windows NT 10.0; WOW64) AppleWebKit/537.36 (KHTML, like Gecko) Chrome/58.0.3029.110 Safari/537.36 OPR/45.0.2552.898"
192.168.1.47 - - [01/Dec/2024:13:31:45 +0300] "PUT /lsneo HTTP/1.1" 500 7025 "https://www.google.com/" "Mozilla/5.0 (Windows NT 6.1; WOW64; Trident/7.0; AS; rv:11.0) like Gecko"
192.168.1.36 - - [01/Dec/2024:13:31:45 +0300] "PUT /zcmjf HTTP/1.1" 201 1861 "https://www.google.com/" "Mozilla/5.0 (Windows NT 10.0; Win64; x64; rv:54.0) Gecko/20100101 Firefox/54.0"
2001:db8:0:1:0:0:0:3 - - [01/Dec/2024:13:31:45 +0300] "DELETE /yxq HTTP/1.1" 403 2166 "https://www.example.com/" "Mozilla/5.0 (Windows NT 10.0; Win64; x64) AppleWebKit/537.36 (KHTML, like Gecko) Chrome/62.0.3202.94 Safari/537.36"
192.168.1.46 - - [01/Dec/2024:13:31:45 +0300] "GET /imgsh HTTP/1.1" 301 2321 "https://www.example.com/" "Mozilla/5.0 (Windows NT 10.0; Win64; x64; rv:54.0) Gecko/20100101 Firefox/54.0"
192.168.1.29 - - [01/Dec/2024:13:31:45 +0300] "POST /zitgl HTTP/1.1" 301 4918 "https://www.msn.com/" "Mozilla/5.0 (Windows NT 6.1; WOW64; Trident/7.0; AS; rv:11.0) like Gecko"
192.168.1.35 - - [01/Dec/2024:13:31:45 +0300] "GET /clfkeidsme HTTP/1.1" 403 5428 "https://www.example.com/" "Mozilla/5.0 (Windows NT 10.0; Win64; x64; rv:54.0) Gecko/20100101 Firefox/54.0"
192.168.1.12 - - [01/Dec/2024:13:31:45 +0300] "DELETE /iovfy HTTP/1.1" 301 5681 "https://www.google.com/" "Mozilla/5.0 (Windows NT 10.0; Win64; x64) AppleWebKit/537.36 (KHTML, like Gecko) Chrome/58.0.3029.110 Safari/537.36"
192.168.1.34 - - [01/Dec/2024:13:31:45 +0300] "DELETE /yzerxs HTTP/1.1" 200 6161 "https://www.google.com/" "Mozilla/5.0 (Windows NT 10.0; Win64; x64) AppleWebKit/537.36 (KHTML, like Gecko) Chrome/58.0.3029.110 Safari/537.36"
192.168.1.29 - - [01/Dec/2024:13:31:45 +0300] "DELETE /zhhkbobed HTTP/1.1" 204 3457 "https://www.ibm.com/" "Mozilla/5.0 (Windows NT 10.0; Win64; x64; rv:54.0) Gecko/20100101 Firefox/54.0"
192.168.1.28 - - [01/Dec/2024:13:31:45 +0300] "POST /wsmjzvvpve HTTP/1.1" 200 7039 "https://www.google.com/" "Mozilla/5.0 (Windows NT 10.0; WOW64) AppleWebKit/537.36 (KHTML, like Gecko) Chrome/58.0.3029.110 Safari/537.36 OPR/45.0.2552.898"
192.168.1.31 - - [01/Dec/2024:13:31:45 +0300] "GET /v HTTP/1.1" 400 7839 "https://www.msn.com/" "Mozilla/5.0 (Windows NT 6.1; WOW64; Trident/7.0; AS; rv:11.0) like Gecko"
192.168.1.15 - - [01/Dec/2024:13:31:45 +0300] "POST /ynoitbgw HTTP/1.1" 204 3817 "https://www.ibm.com/" "Mozilla/5.0 (Windows NT 6.1; WOW64; rv:54.0) Gecko/20100101 Firefox/54.0"
2001:db8:0:1:0:0:0:6 - - [01/Dec/2024:13:31:45 +0300] "DELETE /uqmanjdf HTTP/1.1" 401 3829 "https://www.example.com/" "Mozilla/5.0 (Windows NT 10.0; Win64; x64) AppleWebKit/537.36 (KHTML, like Gecko) Chrome/62.0.3202.94 Safari/537.36"
192.168.1.11 - - [01/Dec/2024:13:31:45 +0300] "DELETE /llucjgt HTTP/1.1" 401 3650 "https://www.ibm.com/" "Mozilla/5.0 (Windows NT 10.0; Win64; x64) AppleWebKit/537.36 (KHTML, like Gecko) Chrome/62.0.3202.94 Safari/537.36"
192.168.1.12 - - [01/Dec/2024:13:31:45 +0300] "PUT /ffnqpnsq HTTP/1.1" 201 8992 "https://www.ibm.com/" "Mozilla/5.0 (Windows NT 6.1; WOW64; rv:54.0) Gecko/20100101 Firefox/54.0"
192.168.1.22 - - [01/Dec/2024:13:31:45 +0300] "DELETE /bip HTTP/1.1" 301 4192 "https://www.google.com/" "Mozilla/5.0 (Windows NT 10.0; Win64; x64) AppleWebKit/537.36 (KHTML, like Gecko) Chrome/62.0.3202.94 Safari/537.36"
192.168.1.3 - - [01/Dec/2024:13:31:45 +0300] "PUT /cfhg HTTP/1.1" 404 8799 "https://www.msn.com/" "Mozilla/5.0 (Windows NT 10.0; Win64; x64; rv:54.0) Gecko/20100101 Firefox/54.0"
2001:db8:0:1:0:0:0:7 - - [01/Dec/2024:13:31:45 +0300] "POST /zuoq HTTP/1.1" 500 3316 "https://www.example.com/" "Mozilla/5.0 (Windows NT 10.0; Win64; x64) AppleWebKit/537.36 (KHTML, like Gecko) Chrome/62.0.3202.94 Safari/537.36"
192.168.1.9 - - [01/Dec/2024:13:31:45 +0300] "DELETE /odtth HTTP/1.1" 500 6089 "https://www.msn.com/" "Mozilla/5.0 (Windows NT 10.0; Win64; x64) AppleWebKit/537.36 (KHTML, like Gecko) Chrome/58.0.3029.110 Safari/537.36"
2001:db8:0:1:0:0:0:8 - - [01/Dec/2024:13:31:45 +0300] "POST /ill HTTP/1.1" 204 6378 "https://www.msn.com/" "Mozilla/5.0 (Windows NT 6.1; WOW64; rv:54.0) Gecko/20100101 Firefox/54.0"
2001:db8:0:1:0:0:0:5 - - [01/Dec/2024:13:31:45 +0300] "DELETE /w HTTP/1.1" 204 4248 "https://www.ibm.com/" "Mozilla/5.0 (Windows NT 10.0; Win64; x64) AppleWebKit/537.36 (KHTML, like Gecko) Chrome/58.0.3029.110 Safari/537.36"
192.168.1.29 - - [01/Dec/2024:13:31:45 +0300] "PUT /qqivqfb HTTP/1.1" 403 337 "https://www.example.com/" "Mozilla/5.0 (Windows NT 10.0; Win64; x64; rv:54.0) Gecko/20100101 Firefox/54.0"
192.168.1.27 - - [01/Dec/2024:13:31:45 +0300] "POST /mnignz HTTP/1.1" 401 2990 "https://www.ibm.com/" "Mozilla/5.0 (Windows NT 6.1; WOW64; rv:54.0) Gecko/20100101 Firefox/54.0"
192.168.1.35 - - [01/Dec/2024:13:31:45 +0300] "DELETE /xzdyit HTTP/1.1" 301 9948 "https://www.ibm.com/" "Mozilla/5.0 (Windows NT 10.0; Win64; x64; rv:54.0) Gecko/20100101 Firefox/54.0"
2001:db8:0:1:0:0:0:d - - [01/Dec/2024:13:31:45 +0300] "DELETE /a HTTP/1.1" 201 9653 "https://www.google.com/" "Mozilla/5.0 (Windows NT 6.1; WOW64; rv:54.0) Gecko/20100101 Firefox/54.0"
2001:db8:0:1:0:0:0:a - - [01/Dec/2024:13:31:45 +0300] "DELETE /esxhud HTTP/1.1" 400 5983 "https://www.google.com/" "Mozilla/5.0 (Windows NT 10.0; Win64; x64) AppleWebKit/537.36 (KHTML, like Gecko) Chrome/62.0.3202.94 Safari/537.36"
192.168.1.21 - - [01/Dec/2024:13:31:45 +0300] "POST /xhw HTTP/1.1" 200 8457 "https://www.msn.com/" "Mozilla/5.0 (Windows NT 6.1; WOW64; Trident/7.0; AS; rv:11.0) like Gecko"
2001:db8:0:1:0:0:0:b - - [01/Dec/2024:13:31:45 +0300] "PUT /qmfiepubm HTTP/1.1" 403 4092 "https://www.google.com/" "Mozilla/5.0 (Windows NT 6.1; WOW64; rv:54.0) Gecko/20100101 Firefox/54.0"
192.168.1.14 - - [01/Dec/2024:13:31:45 +0300] "POST /v HTTP/1.1" 404 4369 "https://www.example.com/" "Mozilla/5.0 (Windows NT 10.0; Win64; x64) AppleWebKit/537.36 (KHTML, like Gecko) Chrome/62.0.3202.94 Safari/537.36"
192.168.1.46 - - [01/Dec/2024:13:31:45 +0300] "POST /jtez HTTP/1.1" 301 695 "https://www.ibm.com/" "Mozilla/5.0 (Windows NT 10.0; WOW64) AppleWebKit/537.36 (KHTML, like Gecko) Chrome/58.0.3029.110 Safari/537.36 OPR/45.0.2552.898"
2001:db8:0:1:0:0:0:a - - [01/Dec/2024:13:31:45 +0300] "PUT /axbeih HTTP/1.1" 302 2615 "https://www.ibm.com/" "Mozilla/5.0 (Windows NT 10.0; Win64; x64) AppleWebKit/537.36 (KHTML, like Gecko) Chrome/58.0.3029.110 Safari/537.36"
2001:db8:0:1:0:0:0:4 - - [01/Dec/2024:13:31:45 +0300] "PUT /gm HTTP/1.1" 200 7604 "https://www.example.com/" "Mozilla/5.0 (Windows NT 10.0; Win64; x64) AppleWebKit/537.36 (KHTML, like Gecko) Chrome/62.0.3202.94 Safari/537.36"
192.168.1.31 - - [01/Dec/2024:13:31:45 +0300] "GET /fraoppcmso HTTP/1.1" 301 4121 "https://www.msn.com/" "Mozilla/5.0 (Windows NT 6.1; WOW64; Trident/7.0; AS; rv:11.0) like Gecko"
192.168.1.25 - - [01/Dec/2024:13:31:45 +0300] "DELETE /qg HTTP/1.1" 204 3496 "https://www.google.com/" "Mozilla/5.0 (Windows NT 6.1; WOW64; Trident/7.0; AS; rv:11.0) like Gecko"
192.168.1.13 - - [01/Dec/2024:13:31:45 +0300] "PUT /khiqm HTTP/1.1" 302 3701 "https://www.msn.com/" "Mozilla/5.0 (Windows NT 10.0; Win64; x64) AppleWebKit/537.36 (KHTML, like Gecko) Chrome/62.0.3202.94 Safari/537.36"
2001:db8:0:1:0:0:0:c - - [01/Dec/2024:13:31:45 +0300] "GET /suhuhr HTTP/1.1" 400 5527 "https://www.ibm.com/" "Mozilla/5.0 (Windows NT 10.0; WOW64) AppleWebKit/537.36 (KHTML, like Gecko) Chrome/58.0.3029.110 Safari/537.36 OPR/45.0.2552.898"
2001:db8:0:1:0:0:0:1 - - [01/Dec/2024:13:31:45 +0300] "DELETE /tn HTTP/1.1" 301 6187 "https://www.ibm.com/" "Mozilla/5.0 (Windows NT 10.0; WOW64) AppleWebKit/537.36 (KHTML, like Gecko) Chrome/58.0.3029.110 Safari/537.36 OPR/45.0.2552.898"
2001:db8:0:1:0:0:0:a - - [01/Dec/2024:13:31:45 +0300] "DELETE /xxjpngedxb HTTP/1.1" 301 4382 "https://www.example.com/" "Mozilla/5.0 (Windows NT 10.0; Win64; x64) AppleWebKit/537.36 (KHTML, like Gecko) Chrome/62.0.3202.94 Safari/537.36"
192.168.1.24 - - [01/Dec/2024:13:31:45 +0300] "PUT /v HTTP/1.1" 400 4053 "https://www.ibm.com/" "Mozilla/5.0 (Windows NT 6.1; WOW64; rv:54.0) Gecko/20100101 Firefox/54.0"
2001:db8:0:1:0:0:0:1 - - [01/Dec/2024:13:31:45 +0300] "DELETE /frlqpsct HTTP/1.1" 401 5271 "https://www.example.com/" "Mozilla/5.0 (Windows NT 10.0; Win64; x64) AppleWebKit/537.36 (KHTML, like Gecko) Chrome/58.0.3029.110 Safari/537.36"
192.168.1.33 - - [01/Dec/2024:13:31:45 +0300] "PUT /opklkxccab HTTP/1.1" 201 5394 "https://www.ibm.com/" "Mozilla/5.0 (Windows NT 6.1; WOW64; rv:54.0) Gecko/20100101 Firefox/54.0"
2001:db8:0:1:0:0:0:a - - [01/Dec/2024:13:31:45 +0300] "PUT /jjmg HTTP/1.1" 400 6614 "https://www.ibm.com/" "Mozilla/5.0 (Windows NT 6.1; WOW64; Trident/7.0; AS; rv:11.0) like Gecko"
2001:db8:0:1:0:0:0:1 - - [01/Dec/2024:13:31:45 +0300] "POST /luxfnnkndy HTTP/1.1" 500 2994 "https://www.google.com/" "Mozilla/5.0 (Windows NT 10.0; Win64; x64) AppleWebKit/537.36 (KHTML, like Gecko) Chrome/58.0.3029.110 Safari/537.36"
192.168.1.4 - - [01/Dec/2024:13:31:45 +0300] "PUT /n HTTP/1.1" 404 894 "https://www.ibm.com/" "Mozilla/5.0 (Windows NT 10.0; Win64; x64) AppleWebKit/537.36 (KHTML, like Gecko) Chrome/62.0.3202.94 Safari/537.36"
192.168.1.40 - - [01/Dec/2024:13:31:45 +0300] "POST /cbgexcfp HTTP/1.1" 200 5111 "https://www.example.com/" "Mozilla/5.0 (Windows NT 10.0; Win64; x64; rv:54.0) Gecko/20100101 Firefox/54.0"
192.168.1.29 - - [01/Dec/2024:13:31:45 +0300] "GET /h HTTP/1.1" 204 1063 "https://www.google.com/" "Mozilla/5.0 (Windows NT 10.0; WOW64) AppleWebKit/537.36 (KHTML, like Gecko) Chrome/58.0.3029.110 Safari/537.36 OPR/45.0.2552.898"
2001:db8:0:1:0:0:0:e - - [01/Dec/2024:13:31:45 +0300] "GET /mnel HTTP/1.1" 200 7434 "https://www.google.com/" "Mozilla/5.0 (Windows NT 10.0; Win64; x64) AppleWebKit/537.36 (KHTML, like Gecko) Chrome/58.0.3029.110 Safari/537.36"
192.168.1.13 - - [01/Dec/2024:13:31:45 +0300] "GET /f HTTP/1.1" 301 7507 "https://www.msn.com/" "Mozilla/5.0 (Windows NT 6.1; WOW64; Trident/7.0; AS; rv:11.0) like Gecko"
192.168.1.47 - - [01/Dec/2024:13:31:45 +0300] "PUT /mo HTTP/1.1" 401 1483 "https://www.example.com/" "Mozilla/5.0 (Windows NT 10.0; WOW64) AppleWebKit/537.36 (KHTML, like Gecko) Chrome/58.0.3029.110 Safari/537.36 OPR/45.0.2552.898"
192.168.1.49 - - [01/Dec/2024:13:31:45 +0300] "PUT /ukx HTTP/1.1" 201 2938 "https://www.ibm.com/" "Mozilla/5.0 (Windows NT 6.1; WOW64; Trident/7.0; AS; rv:11.0) like Gecko"
192.168.1.35 - - [01/Dec/2024:13:31:45 +0300] "POST /ughuyghwc HTTP/1.1" 301 3829 "https://www.ibm.com/" "Mozilla/5.0 (Windows NT 6.1; WOW64; rv:54.0) Gecko/20100101 Firefox/54.0"
2001:db8:0:1:0:0:0:9 - - [01/Dec/2024:13:31:45 +0300] "GET /ikngiiu HTTP/1.1" 404 7844 "https://www.example.com/" "Mozilla/5.0 (Windows NT 10.0; Win64; x64; rv:54.0) Gecko/20100101 Firefox/54.0"
2001:db8:0:1:0:0:0:a - - [01/Dec/2024:13:31:45 +0300] "PUT /msnd HTTP/1.1" 201 2434 "https://www.ibm.com/" "Mozilla/5.0 (Windows NT 10.0; Win64; x64) AppleWebKit/537.36 (KHTML, like Gecko) Chrome/62.0.3202.94 Safari/537.36"
192.168.1.47 - - [01/Dec/2024:13:31:45 +0300] "DELETE /qbspuynlec HTTP/1.1" 500 3036 "https://www.ibm.com/" "Mozilla/5.0 (Windows NT 10.0; Win64; x64; rv:54.0) Gecko/20100101 Firefox/54.0"
192.168.1.3 - - [01/Dec/2024:13:31:45 +0300] "GET /vqr HTTP/1.1" 500 608 "https://www.msn.com/" "Mozilla/5.0 (Windows NT 6.1; WOW64; Trident/7.0; AS; rv:11.0) like Gecko"
192.168.1.49 - - [01/Dec/2024:13:31:45 +0300] "POST /veqifb HTTP/1.1" 302 2289 "https://www.google.com/" "Mozilla/5.0 (Windows NT 6.1; WOW64; Trident/7.0; AS; rv:11.0) like Gecko"
192.168.1.20 - - [01/Dec/2024:13:31:45 +0300] "GET /lzluv HTTP/1.1" 204 7347 "https://www.ibm.com/" "Mozilla/5.0 (Windows NT 6.1; WOW64; Trident/7.0; AS; rv:11.0) like Gecko"
192.168.1.36 - - [01/Dec/2024:13:31:45 +0300] "DELETE /zmkkofy HTTP/1.1" 404 1912 "https://www.google.com/" "Mozilla/5.0 (Windows NT 10.0; Win64; x64) AppleWebKit/537.36 (KHTML, like Gecko) Chrome/62.0.3202.94 Safari/537.36"
192.168.1.42 - - [01/Dec/2024:13:31:45 +0300] "DELETE /c HTTP/1.1" 200 9693 "https://www.msn.com/" "Mozilla/5.0 (Windows NT 10.0; Win64; x64) AppleWebKit/537.36 (KHTML, like Gecko) Chrome/62.0.3202.94 Safari/537.36"
192.168.1.16 - - [01/Dec/2024:13:31:45 +0300] "GET /lybtdjzjzi HTTP/1.1" 302 5633 "https://www.ibm.com/" "Mozilla/5.0 (Windows NT 6.1; WOW64; Trident/7.0; AS; rv:11.0) like Gecko"
192.168.1.47 - - [01/Dec/2024:13:31:45 +0300] "PUT /jduomnmaal HTTP/1.1" 400 7131 "https://www.msn.com/" "Mozilla/5.0 (Windows NT 10.0; Win64; x64; rv:54.0) Gecko/20100101 Firefox/54.0"
192.168.1.23 - - [01/Dec/2024:13:31:45 +0300] "POST /giwkl HTTP/1.1" 404 6171 "https://www.google.com/" "Mozilla/5.0 (Windows NT 6.1; WOW64; rv:54.0) Gecko/20100101 Firefox/54.0"
192.168.1.9 - - [01/Dec/2024:13:31:45 +0300] "PUT /xurny HTTP/1.1" 500 3877 "https://www.google.com/" "Mozilla/5.0 (Windows NT 6.1; WOW64; Trident/7.0; AS; rv:11.0) like Gecko"
2001:db8:0:1:0:0:0:3 - - [01/Dec/2024:13:31:45 +0300] "DELETE /oa HTTP/1.1" 500 987 "https://www.ibm.com/" "Mozilla/5.0 (Windows NT 10.0; WOW64) AppleWebKit/537.36 (KHTML, like Gecko) Chrome/58.0.3029.110 Safari/537.36 OPR/45.0.2552.898"
192.168.1.4 - - [01/Dec/2024:13:31:45 +0300] "POST /jhvf HTTP/1.1" 404 243 "https://www.example.com/" "Mozilla/5.0 (Windows NT 10.0; Win64; x64) AppleWebKit/537.36 (KHTML, like Gecko) Chrome/58.0.3029.110 Safari/537.36"
192.168.1.6 - - [01/Dec/2024:13:31:45 +0300] "DELETE /hzywakn HTTP/1.1" 302 7066 "https://www.google.com/" "Mozilla/5.0 (Windows NT 6.1; WOW64; Trident/7.0; AS; rv:11.0) like Gecko"
2001:db8:0:1:0:0:0:4 - - [01/Dec/2024:13:31:45 +0300] "PUT /mxwmfohbr HTTP/1.1" 200 3601 "https://www.ibm.com/" "Mozilla/5.0 (Windows NT 6.1; WOW64; rv:54.0) Gecko/20100101 Firefox/54.0"
2001:db8:0:1:0:0:0:5 - - [01/Dec/2024:13:31:45 +0300] "PUT /gvdyi HTTP/1.1" 400 5673 "https://www.ibm.com/" "Mozilla/5.0 (Windows NT 10.0; Win64; x64; rv:54.0) Gecko/20100101 Firefox/54.0"
192.168.1.17 - - [01/Dec/2024:13:31:45 +0300] "GET /bu HTTP/1.1" 204 224 "https://www.example.com/" "Mozilla/5.0 (Windows NT 6.1; WOW64; Trident/7.0; AS; rv:11.0) like Gecko"
2001:db8:0:1:0:0:0:a - - [01/Dec/2024:13:31:45 +0300] "DELETE /ku HTTP/1.1" 400 8929 "https://www.ibm.com/" "Mozilla/5.0 (Windows NT 6.1; WOW64; Trident/7.0; AS; rv:11.0) like Gecko"
192.168.1.48 - - [01/Dec/2024:13:31:45 +0300] "POST /ur HTTP/1.1" 200 3384 "https://www.google.com/" "Mozilla/5.0 (Windows NT 10.0; WOW64) AppleWebKit/537.36 (KHTML, like Gecko) Chrome/58.0.3029.110 Safari/537.36 OPR/45.0.2552.898"
192.168.1.3 - - [01/Dec/2024:13:31:45 +0300] "PUT /e HTTP/1.1" 403 5940 "https://www.google.com/" "Mozilla/5.0 (Windows NT 10.0; WOW64) AppleWebKit/537.36 (KHTML, like Gecko) Chrome/58.0.3029.110 Safari/537.36 OPR/45.0.2552.898"
192.168.1.23 - - [01/Dec/2024:13:31:45 +0300] "PUT /kmnilyt HTTP/1.1" 401 1563 "https://www.example.com/" "Mozilla/5.0 (Windows NT 10.0; Win64; x64) AppleWebKit/537.36 (KHTML, like Gecko) Chrome/58.0.3029.110 Safari/537.36"
192.168.1.35 - - [01/Dec/2024:13:31:45 +0300] "GET /skibv HTTP/1.1" 201 5823 "https://www.msn.com/" "Mozilla/5.0 (Windows NT 10.0; Win64; x64; rv:54.0) Gecko/20100101 Firefox/54.0"
192.168.1.5 - - [01/Dec/2024:13:31:45 +0300] "POST /bxuypo HTTP/1.1" 201 4099 "https://www.google.com/" "Mozilla/5.0 (Windows NT 10.0; Win64; x64) AppleWebKit/537.36 (KHTML, like Gecko) Chrome/58.0.3029.110 Safari/537.36"
192.168.1.3 - - [01/Dec/2024:13:31:45 +0300] "POST /vji HTTP/1.1" 301 7509 "https://www.google.com/" "Mozilla/5.0 (Windows NT 10.0; WOW64) AppleWebKit/537.36 (KHTML, like Gecko) Chrome/58.0.3029.110 Safari/537.36 OPR/45.0.2552.898"
192.168.1.36 - - [01/Dec/2024:13:31:45 +0300] "DELETE /ijaskdiitu HTTP/1.1" 301 4116 "https://www.msn.com/" "Mozilla/5.0 (Windows NT 6.1; WOW64; Trident/7.0; AS; rv:11.0) like Gecko"
192.168.1.1 - - [01/Dec/2024:13:31:45 +0300] "PUT /oq HTTP/1.1" 204 6139 "https://www.msn.com/" "Mozilla/5.0 (Windows NT 10.0; WOW64) AppleWebKit/537.36 (KHTML, like Gecko) Chrome/58.0.3029.110 Safari/537.36 OPR/45.0.2552.898"
192.168.1.48 - - [01/Dec/2024:13:31:45 +0300] "PUT /lwvd HTTP/1.1" 404 6817 "https://www.example.com/" "Mozilla/5.0 (Windows NT 10.0; WOW64) AppleWebKit/537.36 (KHTML, like Gecko) Chrome/58.0.3029.110 Safari/537.36 OPR/45.0.2552.898"
192.168.1.29 - - [01/Dec/2024:13:31:45 +0300] "GET /we HTTP/1.1" 401 3017 "https://www.ibm.com/" "Mozilla/5.0 (Windows NT 6.1; WOW64; Trident/7.0; AS; rv:11.0) like Gecko"
192.168.1.27 - - [01/Dec/2024:13:31:45 +0300] "GET /v HTTP/1.1" 201 9663 "https://www.example.com/" "Mozilla/5.0 (Windows NT 6.1; WOW64; Trident/7.0; AS; rv:11.0) like Gecko"
192.168.1.16 - - [01/Dec/2024:13:31:45 +0300] "DELETE /ijscemgk HTTP/1.1" 200 7697 "https://www.example.com/" "Mozilla/5.0 (Windows NT 10.0; Win64; x64) AppleWebKit/537.36 (KHTML, like Gecko) Chrome/58.0.3029.110 Safari/537.36"
2001:db8:0:1:0:0:0:5 - - [01/Dec/2024:13:31:45 +0300] "PUT /iqpgxyzzp HTTP/1.1" 400 9487 "https://www.google.com/" "Mozilla/5.0 (Windows NT 6.1; WOW64; Trident/7.0; AS; rv:11.0) like Gecko"
2001:db8:0:1:0:0:0:b - - [01/Dec/2024:13:31:45 +0300] "GET /spmut HTTP/1.1" 301 7505 "https://www.example.com/" "Mozilla/5.0 (Windows NT 6.1; WOW64; rv:54.0) Gecko/20100101 Firefox/54.0"
192.168.1.8 - - [01/Dec/2024:13:31:45 +0300] "POST /etjdc HTTP/1.1" 204 847 "https://www.ibm.com/" "Mozilla/5.0 (Windows NT 6.1; WOW64; rv:54.0) Gecko/20100101 Firefox/54.0"
192.168.1.16 - - [01/Dec/2024:13:31:45 +0300] "GET /ivfcmctfv HTTP/1.1" 200 2163 "https://www.ibm.com/" "Mozilla/5.0 (Windows NT 6.1; WOW64; Trident/7.0; AS; rv:11.0) like Gecko"
192.168.1.28 - - [01/Dec/2024:13:31:45 +0300] "POST /nc HTTP/1.1" 500 4617 "https://www.example.com/" "Mozilla/5.0 (Windows NT 10.0; Win64; x64) AppleWebKit/537.36 (KHTML, like Gecko) Chrome/58.0.3029.110 Safari/537.36"
