192.168.1.32 - - [01/Dec/2024:13:31:45 +0300] "POST /lno HTTP/1.1" 401 4417 "https://www.ibm.com/" "Mozilla/5.0 (Windows NT 6.1; WOW64; Trident/7.0; AS; rv:11.0) like Gecko"
192.168.1.48 - - [01/Dec/2024:13:31:45 +0300] "GET /lm HTTP/1.1" 404 8549 "https://www.example.com/" "Mozilla/5.0 (Windows NT 10.0; Win64; x64) AppleWebKit/537.36 (KHTML, like Gecko) Chrome/58.0.3029.110 Safari/537.36"
192.168.1.34 - - [01/Dec/2024:13:31:45 +0300] "GET /dpvuylfdc HTTP/1.1" 500 7662 "https://www.msn.com/" "Mozilla/5.0 (Windows NT 6.1; WOW64; rv:54.0) Gecko/20100101 Firefox/54.0"
192.168.1.2 - - [01/Dec/2024:13:31:45 +0300] "DELETE /fkfmwkaqc HTTP/1.1" 201 8711 "https://www.msn.com/" "Mozilla/5.0 (Windows NT 10.0; Win64; x64; rv:54.0) Gecko/20100101 Firefox/54.0"
192.168.1.16 - - [01/Dec/2024:13:31:45 +0300] "GET /oeryfrqy HTTP/1.1" 401 7899 "https://www.ibm.com/" "Mozilla/5.0 (Windows NT 10.0; WOW64) AppleWebKit/537.36 (KHTML, like Gecko) Chrome/58.0.3029.110 Safari/537.36 OPR/45.0.2552.898"
192.168.1.4 - - [01/Dec/2024:13:31:45 +0300] "GET /pvzkjciwsz HTTP/1.1" 400 1507 "https://www.google.com/" "Mozilla/5.0 (Windows NT 10.0; WOW64) AppleWebKit/537.36 (KHTML, like Gecko) Chrome/58.0.3029.110 Safari/537.36 OPR/45.0.2552.898"
192.168.1.50 - - [01/Dec/2024:13:31:45 +0300] "POST /zslne HTTP/1.1" 200 2771 "https://www.ibm.com/" "Mozilla/5.0 (Windows NT 10.0; WOW64) AppleWebKit/537.36 (KHTML, like Gecko) Chrome/58.0.3029.110 Safari/537.36 OPR/45.0.2552.898"
192.168.1.1 - - [01/Dec/2024:13:31:45 +0300] "PUT /hhujrtp HTTP/1.1" 200 5273 "https://www.msn.com/" "Mozilla/5.0 (Windows NT 10.0; Win64; x64) AppleWebKit/537.36 (KHTML, like Gecko) Chrome/58.0.3029.110 Safari/537.36"
192.168.1.37 - - [01/Dec/2024:13:31:45 +0300] "POST /wabahjuvuo HTTP/1.1" 500 5654 "https://www.ibm.com/" "Mozilla/5.0 (Windows NT 10.0; WOW64) AppleWebKit/537.36 (KHTML, like Gecko) Chrome/58.0.3029.110 Safari/537.36 OPR/45.0.2552.898"
192.168.1.6 - - [01/Dec/2024:13:31:45 +0300] "PUT /aafrdaye HTTP/1.1" 204 4519 "https://www.ibm.com/" "Mozilla/5.0 (Windows NT 10.0; Win64; x64) AppleWebKit/537.36 (KHTML, like Gecko) Chrome/58.0.3029.110 Safari/537.36"
192.168.1.38 - - [01/Dec/2024:13:31:45 +0300] "GET /kelz HTTP/1.1" 302 7338 "https://www.google.com/" "Mozilla/5.0 (Windows NT 6.1; WOW64; Trident/7.0; AS; rv:11.0) like Gecko"
192.168.1.3 - - [01/Dec/2024:13:31:45 +0300] "DELETE /jnsyxn HTTP/1.1" 403 3287 "https://www.ibm.com/" "Mozilla/5.0 (Windows NT 10.0; Win64; x64; rv:54.0) Gecko/20100101 Firefox/54.0"
192.168.1.17 - - [01/Dec/2024:13:31:45 +0300] "POST /hpdghgw HTTP/1.1" 201 4795 "https://www.ibm.com/" "Mozilla/5.0 (Windows NT 10.0; Win64; x64) AppleWebKit/537.36 (KHTML, like Gecko) Chrome/62.0.3202.94 Safari/537.36"
192.168.1.11 - - [01/Dec/2024:13:31:45 +0300] "DELETE /yuxrdqccm HTTP/1.1" 204 2667 "https://www.msn.com/" "Mozilla/5.0 (Windows NT 6.1; WOW64; Trident/7.0; AS; rv:11.0) like Gecko"
192.168.1.13 - - [01/Dec/2024:13:31:45 +0300] "DELETE /mqvxqs HTTP/1.1" 404 3067 "https://www.msn.com/" "Mozilla/5.0 (Windows NT 6.1; WOW64; rv:54.0) Gecko/20100101 Firefox/54.0"
192.168.1.29 - - [01/Dec/2024:13:31:45 +0300] "GET /lcyucl HTTP/1.1" 302 6143 "https://www.ibm.com/" "Mozilla/5.0 (Windows NT 10.0; Win64; x64) AppleWebKit/537.36 (KHTML, like Gecko) Chrome/62.0.3202.94 Safari/537.36"
192.168.1.9 - - [01/Dec/2024:13:31:45 +0300] "PUT /h HTTP/1.1" 400 4209 "https://www.msn.com/" "Mozilla/5.0 (Windows NT 10.0; WOW64) AppleWebKit/537.36 (KHTML, like Gecko) Chrome/58.0.3029.110 Safari/537.36 OPR/45.0.2552.898"
192.168.1.25 - - [01/Dec/2024:13:31:45 +0300] "PUT /rx HTTP/1.1" 500 831 "https://www.example.com/" "Mozilla/5.0 (Windows NT 6.1; WOW64; Trident/7.0; AS; rv:11.0) like Gecko"
2001:db8:0:1:0:0:0:d - - [01/Dec/2024:13:31:45 +0300] "POST /erccvd HTTP/1.1" 500 754 "https://www.msn.com/" "Mozilla/5.0 (Windows NT 10.0; Win64; x64) AppleWebKit/537.36 (KHTML, like Gecko) Chrome/62.0.3202.94 Safari/537.36"
192.168.1.22 - - [01/Dec/2024:13:31:45 +0300] "GET /ncrsvimgc HTTP/1.1" 404 6665 "https://www.msn.com/" "Mozilla/5.0 (Windows NT 10.0; Win64; x64; rv:54.0) Gecko/20100101 Firefox/54.0"
192.168.1.26 - - [01/Dec/2024:13:31:45 +0300] "PUT /kfjuf HTTP/1.1" 404 3313 "https://www.ibm.com/" "Mozilla/5.0 (Windows NT 6.1; WOW64; Trident/7.0; AS; rv:11.0) like Gecko"
192.168.1.22 - - [01/Dec/2024:13:31:45 +0300] "POST /irksjkwk HTTP/1.1" 200 6389 "https://www.msn.com/" "Mozilla/5.0 (Windows NT 10.0; Win64; x64; rv:54.0) Gecko/20100101 Firefox/54.0"
192.168.1.47 - - [01/Dec/2024:13:31:45 +0300] "POST /zmfg HTTP/1.1" 302 3755 "https://www.google.com/" "Mozilla/5.0 (Windows NT 10.0; Win64; x64) AppleWebKit/537.36 (KHTML, like Gecko) Chrome/58.0.3029.110 Safari/537.36"
192.168.1.6 - - [01/Dec/2024:13:31:45 +0300] "PUT /ex HTTP/1.1" 201 5608 "https://www.msn.com/" "Mozilla/5.0 (Windows NT 6.1; WOW64; Trident/7.0; AS; rv:11.0) like Gecko"
192.168.1.3 - - [01/Dec/2024:13:31:45 +0300] "POST /ppw HTTP/1.1" 404 9827 "https://www.msn.com/" "Mozilla/5.0 (Windows NT 6.1; WOW64; Trident/7.0; AS; rv:11.0) like Gecko"
192.168.1.12 - - [01/Dec/2024:13:31:45 +0300] "POST /iqfbrqho HTTP/1.1" 400 4990 "https://www.example.com/" "Mozilla/5.0 (Windows NT 6.1; WOW64; rv:54.0) Gecko/20100101 Firefox/54.0"
192.168.1.45 - - [01/Dec/2024:13:31:45 +0300] "DELETE /khbgb HTTP/1.1" 404 2128 "https://www.msn.com/" "Mozilla/5.0 (Windows NT 10.0; WOW64) AppleWebKit/537.36 (KHTML, like Gecko) Chrome/58.0.3029.110 Safari/537.36 OPR/45.0.2552.898"
192.168.1.26 - - [01/Dec/2024:13:31:45 +0300] "GET /jrkodf HTTP/1.1" 401 8354 "https://www.example.com/" "Mozilla/5.0 (Windows NT 10.0; Win64; x64; rv:54.0) Gecko/20100101 Firefox/54.0"
192.168.1.16 - - [01/Dec/2024:13:31:45 +0300] "POST /xa HTTP/1.1" 301 5693 "https://www.example.com/" "Mozilla/5.0 (Windows NT 6.1; WOW64; Trident/7.0; AS; rv:11.0) like Gecko"
192.168.1.12 - - [01/Dec/2024:13:31:45 +0300] "POST /irepnwxj HTTP/1.1" 201 1025 "https://www.msn.com/" "Mozilla/5.0 (Windows NT 10.0; Win64; x64; rv:54.0) Gecko/20100101 Firefox/54.0"
192.168.1.48 - - [01/Dec/2024:13:31:45 +0300] "GET /oxmnjpon HTTP/1.1" 500 1312 "https://www.ibm.com/" "Mozilla/5.0 (Windows NT 10.0; Win64; x64) AppleWebKit/537.36 (KHTML, like Gecko) Chrome/62.0.3202.94 Safari/537.36"
192.168.1.23 - - [01/Dec/2024:13:31:45 +0300] "GET /dtn HTTP/1.1" 400 9775 "https://www.example.com/" "Mozilla/5.0 (Windows NT 6.1; WOW64; rv:54.0) Gecko/20100101 Firefox/54.0"
192.168.1.47 - - [01/Dec/2024:13:31:45 +0300] "GET /ievixzic HTTP/1.1" 404 2664 "https://www.google.com/" "Mozilla/5.0 (Windows NT 6.1; WOW64; rv:54.0) Gecko/20100101 Firefox/54.0"
192.168.1.10 - - [01/Dec/2024:13:31:45 +0300] "PUT /unj HTTP/1.1" 401 5071 "https://www.msn.com/" "Mozilla/5.0 (Windows NT 10.0; Win64; x64) AppleWebKit/537.36 (KHTML, like Gecko) Chrome/58.0.3029.110 Safari/537.36"
192.168.1.21 - - [01/Dec/2024:13:31:45 +0300] "POST /e HTTP/1.1" 204 2290 "https://www.ibm.com/" "Mozilla/5.0 (Windows NT 10.0; WOW64) AppleWebKit/537.36 (KHTML, like Gecko) Chrome/58.0.3029.110 Safari/537.36 OPR/45.0.2552.898"
192.168.1.7 - - [01/Dec/2024:13:31:45 +0300] "PUT /nj HTTP/1.1" 401 2739 "https://www.example.com/" "Mozilla/5.0 (Windows NT 6.1; WOW64; rv:54.0) Gecko/20100101 Firefox/54.0"
192.168.1.45 - - [01/Dec/2024:13:31:45 +0300] "GET /wklkx HTTP/1.1" 200 438 "https://www.msn.com/" "Mozilla/5.0 (Windows NT 10.0; Win64; x64; rv:54.0) Gecko/20100101 Firefox/54.0"
192.168.1.46 - - [01/Dec/2024:13:31:45 +0300] "PUT /rjmekuto HTTP/1.1" 500 3436 "https://www.msn.com/" "Mozilla/5.0 (Windows NT 10.0; Win64; x64) AppleWebKit/537.36 (KHTML, like Gecko) Chrome/58.0.3029.110 Safari/537.36"
192.168.1.15 - - [01/Dec/2024:13:31:45 +0300] "PUT /lcqb HTTP/1.1" 404 3729 "https://www.msn.com/" "Mozilla/5.0 (Windows NT 6.1; WOW64; rv:54.0) Gecko/20100101 Firefox/54.0"
192.168.1.50 - - [01/Dec/2024:13:31:45 +0300] "GET /ignymgrcak HTTP/1.1" 200 5739 "https://www.example.com/" "Mozilla/5.0 (Windows NT 10.0; Win64; x64; rv:54.0) Gecko/20100101 Firefox/54.0"
192.168.1.29 - - [01/Dec/2024:13:31:45 +0300] "GET /jn HTTP/1.1" 201 3589 "https://www.google.com/" "Mozilla/5.0 (Windows NT 6.1; WOW64; Trident/7.0; AS; rv:11.0) like Gecko"
192.168.1.1 - - [01/Dec/2024:13:31:45 +0300] "GET /uxdd HTTP/1.1" 400 9785 "https://www.msn.com/" "Mozilla/5.0 (Windows NT 10.0; Win64; x64) AppleWebKit/537.36 (KHTML, like Gecko) Chrome/58.0.3029.110 Safari/537.36"
192.168.1.8 - - [01/Dec/2024:13:31:45 +0300] "PUT /rzgdtzpcxh HTTP/1.1" 404 189 "https://www.example.com/" "Mozilla/5.0 (Windows NT 6.1; WOW64; rv:54.0) Gecko/20100101 Firefox/54.0"
192.168.1.16 - - [01/Dec/2024:13:31:45 +0300] "DELETE /hlitrqfb HTTP/1.1" 301 983 "https://www.google.com/" "Mozilla/5.0 (Windows NT 10.0; Win64; x64) AppleWebKit/537.36 (KHTML, like Gecko) Chrome/58.0.3029.110 Safari/537.36"
192.168.1.34 - - [01/Dec/2024:13:31:45 +0300] "POST /x HTTP/1.1" 301 8473 "https://www.msn.com/" "Mozilla/5.0 (Windows NT 10.0; WOW64) AppleWebKit/537.36 (KHTML, like Gecko) Chrome/58.0.3029.110 Safari/537.36 OPR/45.0.2552.898"
192.168.1.45 - - [01/Dec/2024:13:31:45 +0300] "PUT /wixuxjh HTTP/1.1" 401 9109 "https://www.example.com/" "Mozilla/5.0 (Windows NT 10.0; WOW64) AppleWebKit/537.36 (KHTML, like Gecko) Chrome/58.0.3029.110 Safari/537.36 OPR/45.0.2552.898"
192.168.1.48 - - [01/Dec/2024:13:31:45 +0300] "GET /fnfuzwiud HTTP/1.1" 204 1229 "https://www.google.com/" "Mozilla/5.0 (Windows NT 10.0; Win64; x64; rv:54.0) Gecko/20100101 Firefox/54.0"
192.168.1.34 - - [01/Dec/2024:13:31:45 +0300] "PUT /edihw HTTP/1.1" 200 878 "https://www.ibm.com/" "Mozilla/5.0 (Windows NT 6.1; WOW64; Trident/7.0; AS; rv:11.0) like Gecko"
192.168.1.30 - - [01/Dec/2024:13:31:45 +0300] "DELETE /pc HTTP/1.1" 200 1285 "https://www.ibm.com/" "Mozilla/5.0 (Windows NT 6.1; WOW64; rv:54.0) Gecko/20100101 Firefox/54.0"
192.168.1.37 - - [01/Dec/2024:13:31:45 +0300] "PUT /zt HTTP/1.1" 404 3837 "https://www.ibm.com/" "Mozilla/5.0 (Windows NT 10.0; Win64; x64; rv:54.0) Gecko/20100101 Firefox/54.0"
192.168.1.25 - - [01/Dec/2024:13:31:45 +0300] "POST /xtqblkxw HTTP/1.1" 403 2985 "https://www.example.com/" "Mozilla/5.0 (Windows NT 10.0; Win64; x64) AppleWebKit/537.36 (KHTML, like Gecko) Chrome/62.0.3202.94 Safari/537.36"
192.168.1.33 - - [01/Dec/2024:13:31:45 +0300] "DELETE /zeah HTTP/1.1" 301 5418 "https://www.google.com/" "Mozilla/5.0 (Windows NT 6.1; WOW64; rv:54.0) Gecko/20100101 Firefox/54.0"
192.168.1.20 - - [01/Dec/2024:13:31:45 +0300] "DELETE /qudxcd HTTP/1.1" 200 8558 "https://www.msn.com/" "Mozilla/5.0 (Windows NT 6.1; WOW64; Trident/7.0; AS; rv:11.0) like Gecko"
192.168.1.42 - - [01/Dec/2024:13:31:45 +0300] "PUT /wzkymdat HTTP/1.1" 201 5934 "https://www.example.com/" "Mozilla/5.0 (Windows NT 10.0; Win64; x64; rv:54.0) Gecko/20100101 Firefox/54.0"
192.168.1.19 - - [01/Dec/2024:13:31:45 +0300] "PUT /r HTTP/1.1" 404 7635 "https://www.example.com/" "Mozilla/5.0 (Windows NT 10.0; WOW64) AppleWebKit/537.36 (KHTML, like Gecko) Chrome/58.0.3029.110 Safari/537.36 OPR/45.0.2552.898"
192.168.1.21 - - [01/Dec/2024:13:31:45 +0300] "DELETE /e HTTP/1.1" 400 9529 "https://www.ibm.com/" "Mozilla/5.0 (Windows NT 6.1; WOW64; rv:54.0) Gecko/20100101 Firefox/54.0"
192.168.1.13 - - [01/Dec/2024:13:31:45 +0300] "DELETE /jfnzd HTTP/1.1" 204 4527 "https://www.example.com/" "Mozilla/5.0 (Windows NT 6.1; WOW64; rv:54.0) Gecko/20100101 Firefox/54.0"
192.168.1.39 - - [01/Dec/2024:13:31:45 +0300] "GET /umpcw HTTP/1.1" 500 3003 "https://www.ibm.com/" "Mozilla/5.0 (Windows NT 10.0; WOW64) AppleWebKit/537.36 (KHTML, like Gecko) Chrome/58.0.3029.110 Safari/537.36 OPR/45.0.2552.898"
192.168.1.31 - - [01/Dec/2024:13:31:45 +0300] "GET /u HTTP/1.1" 403 5693 "https://www.ibm.com/" "Mozilla/5.0 (Windows NT 6.1; WOW64; rv:54.0) Gecko/20100101 Firefox/54.0"
2001:db8:0:1:0:0:0:b - - [01/Dec/2024:13:31:45 +0300] "POST /xaba HTTP/1.1" 204 6884 "https://www.google.com/" "Mozilla/5.0 (Windows NT 6.1; WOW64; rv:54.0) Gecko/20100101 Firefox/54.0"
2001:db8:0:1:0:0:0:d - - [01/Dec/2024:13:31:45 +0300] "PUT /cosvzzrcxd HTTP/1.1" 204 4277 "https://www.msn.com/" "Mozilla/5.0 (Windows NT 6.1; WOW64; Trident/7.0; AS; rv:11.0) like Gecko"
192.168.1.25 - - [01/Dec/2024:13:31:45 +0300] "DELETE /meuwkepssv HTTP/1.1" 301 1729 "https://www.google.com/" "Mozilla/5.0 (Windows NT 10.0; Win64; x64; rv:54.0) Gecko/20100101 Firefox/54.0"
192.168.1.28 - - [01/Dec/2024:13:31:45 +0300] "POST /koe HTTP/1.1" 204 3403 "https://www.msn.com/" "Mozilla/5.0 (Windows NT 6.1; WOW64; rv:54.0) Gecko/20100101 Firefox/54.0"
2001:db8:0:1:0:0:0:a - - [01/Dec/2024:13:31:45 +0300] "DELETE /udphqsnmjd HTTP/1.1" 200 9421 "https://www.google.com/" "Mozilla/5.0 (Windows NT 10.0; Win64; x64) AppleWebKit/537.36 (KHTML, like Gecko) Chrome/62.0.3202.94 Safari/537.36"
2001:db8:0:1:0:0:0:2 - - [01/Dec/2024:13:31:45 +0300] "PUT /ofaz HTTP/1.1" 204 870 "https://www.google.com/" "Mozilla/5.0 (Windows NT 10.0; Win64; x64) AppleWebKit/537.36 (KHTML, like Gecko) Chrome/58.0.3029.110 Safari/537.36"
192.168.1.30 - - [01/Dec/2024:13:31:45 +0300] "DELETE /sydqqeedpo HTTP/1.1" 404 6231 "https://www.google.com/" "Mozilla/5.0 (Windows NT 10.0; Win64; x64) AppleWebKit/537.36 (KHTML, like Gecko) Chrome/58.0.3029.110 Safari/537.36"
192.168.1.16 - - [01/Dec/2024:13:31:45 +0300] "DELETE /tdzse HTTP/1.1" 500 2424 "https://www.ibm.com/" "Mozilla/5.0 (Windows NT 10.0; Win64; x64) AppleWebKit/537.36 (KHTML, like Gecko) Chrome/62.0.3202.94 Safari/537.36"
192.168.1.2 - - [01/Dec/2024:13:31:45 +0300] "PUT /xqaenwe HTTP/1.1" 200 8209 "https://www.example.com/" "Mozilla/5.0 (Windows NT 10.0; Win64; x64) AppleWebKit/537.36 (KHTML, like Gecko) Chrome/58.0.3029.110 Safari/537.36"
192.168.1.23 - - [01/Dec/2024:13:31:45 +0300] "DELETE /xhunr HTTP/1.1" 302 3155 "https://www.example.com/" "Mozilla/5.0 (Windows NT 10.0; Win64; x64) AppleWebKit/537.36 (KHTML, like Gecko) Chrome/62.0.3202.94 Safari/537.36"
192.168.1.39 - - [01/Dec/2024:13:31:45 +0300] "GET /z HTTP/1.1" 401 8747 "https://www.msn.com/" "Mozilla/5.0 (Windows NT 10.0; Win64; x64) AppleWebKit/537.36 (KHTML, like Gecko) Chrome/58.0.3029.110 Safari/537.36"
192.168.1.17 - - [01/Dec/2024:13:31:45 +0300] "GET /pg HTTP/1.1" 204 3320 "https://www.google.com/" "Mozilla/5.0 (Windows NT 6.1; WOW64; Trident/7.0; AS; rv:11.0) like Gecko"
192.168.1.42 - - [01/Dec/2024:13:31:45 +0300] "DELETE /vgp HTTP/1.1" 400 4133 "https://www.msn.com/" "Mozilla/5.0 (Windows NT 6.1; WOW64; Trident/7.0; AS; rv:11.0) like Gecko"
192.168.1.25 - - [01/Dec/2024:13:31:45 +0300] "DELETE /ic HTTP/1.1" 403 3532 "https://www.ibm.com/" "Mozilla/5.0 (Windows NT 10.0; Win64; x64) AppleWebKit/537.36 (KHTML, like Gecko) Chrome/62.0.3202.94 Safari/537.36"
192.168.1.1 - - [01/Dec/2024:13:31:45 +0300] "DELETE /ihviuhtbfm HTTP/1.1" 201 4144 "https://www.ibm.com/" "Mozilla/5.0 (Windows NT 10.0; Win64; x64; rv:54.0) Gecko/20100101 Firefox/54.0"
2001:db8:0:1:0:0:0:6 - - [01/Dec/2024:13:31:45 +0300] "POST /wsudcas HTTP/1.1" 204 7543 "https://www.example.com/" "Mozilla/5.0 (Windows NT 10.0; WOW64) AppleWebKit/537.36 (KHTML, like Gecko) Chrome/58.0.3029.110 Safari/537.36 OPR/45.0.2552.898"
192.168.1.29 - - [01/Dec/2024:13:31:45 +0300] "DELETE /w HTTP/1.1" 403 3601 "https://www.msn.com/" "Mozilla/5.0 (Windows NT 10.0; Win64; x64) AppleWebKit/537.36 (KHTML, like Gecko) Chrome/58.0.3029.110 Safari/537.36"
2001:db8:0:1:0:0:0:7 - - [01/Dec/2024:13:31:45 +0300] "DELETE /eibnnjds HTTP/1.1" 200 9943 "https://www.msn.com/" "Mozilla/5.0 (Windows NT 10.0; Win64; x64; rv:54.0) Gecko/20100101 Firefox/54.0"
192.168.1.30 - - [01/Dec/2024:13:31:45 +0300] "GET /y HTTP/1.1" 201 2093 "https://www.msn.com/" "Mozilla/5.0 (Windows NT 6.1; WOW64; Trident/7.0; AS; rv:11.0) like Gecko"
192.168.1.19 - - [01/Dec/2024:13:31:45 +0300] "DELETE /xmebgcu HTTP/1.1" 401 4291 "https://www.example.com/" "Mozilla/5.0 (Windows NT 10.0; WOW64) AppleWebKit/537.36 (KHTML, like Gecko) Chrome/58.0.3029.110 Safari/537.36 OPR/45.0.2552.898"
192.168.1.31 - - [01/Dec/2024:13:31:45 +0300] "PUT /wyawcgq HTTP/1.1" 302 4900 "https://www.msn.com/" "Mozilla/5.0 (Windows NT 10.0; Win64; x64) AppleWebKit/537.36 (KHTML, like Gecko) Chrome/58.0.3029.110 Safari/537.36"
192.168.1.5 - - [01/Dec/2024:13:31:45 +0300] "DELETE /bwoda HTTP/1.1" 500 2136 "https://www.example.com/" "Mozilla/5.0 (Windows NT 6.1; WOW64; Trident/7.0; AS; rv:11.0) like Gecko"
192.168.1.20 - - [01/Dec/2024:13:31:45 +0300] "POST /n HTTP/1.1" 404 7946 "https://www.ibm.com/" "Mozilla/5.0 (Windows NT 10.0; Win64; x64) AppleWebKit/537.36 (KHTML, like Gecko) Chrome/62.0.3202.94 Safari/537.36"
192.168.1.45 - - [01/Dec/2024:13:31:45 +0300] "PUT /gf HTTP/1.1" 301 6810 "https://www.google.com/" "Mozilla/5.0 (Windows NT 10.0; Win64; x64) AppleWebKit/537.36 (KHTML, like Gecko) Chrome/62.0.3202.94 Safari/537.36"
192.168.1.42 - - [01/Dec/2024:13:31:45 +0300] "PUT /iajaubt HTTP/1.1" 403 7527 "https://www.google.com/" "Mozilla/5.0 (Windows NT 10.0; WOW64) AppleWebKit/537.36 (KHTML, like Gecko) Chrome/58.0.3029.110 Safari/537.36 OPR/45.0.2552.898"
192.168.1.46 - - [01/Dec/2024:13:31:45 +0300] "POST /plt HTTP/1.1" 204 3505 "https://www.msn.com/" "Mozilla/5.0 (Windows NT 10.0; Win64; x64; rv:54.0) Gecko/20100101 Firefox/54.0"
2001:db8:0:1:0:0:0:c - - [01/Dec/2024:13:31:45 +0300] "DELETE /icrkrrxj HTTP/1.1" 500 4536 "https://www.google.com/" "Mozilla/5.0 (Windows NT 10.0; Win64; x64) AppleWebKit/537.36 (KHTML, like Gecko) Chrome/62.0.3202.94 Safari/537.36"
192.168.1.28 - - [01/Dec/2024:13:31:45 +0300] "GET /gm HTTP/1.1" 200 1340 "https://www.msn.com/" "Mozilla/5.0 (Windows NT 10.0; WOW64) AppleWebKit/537.36 (KHTML, like Gecko) Chrome/58.0.3029.110 Safari/537.36 OPR/45.0.2552.898"
192.168.1.28 - - [01/Dec/2024:13:31:45 +0300] "DELETE /s HTTP/1.1" 404 3712 "https://www.msn.com/" "Mozilla/5.0 (Windows NT 10.0; Win64; x64; rv:54.0) Gecko/20100101 Firefox/54.0"
2001:db8:0:1:0:0:0:6 - - [01/Dec/2024:13:31:45 +0300] "POST /laicqvz HTTP/1.1" 301 9155 "https://www.ibm.com/" "Mozilla/5.0 (Windows NT 6.1; WOW64; Trident/7.0; AS; rv:11.0) like Gecko"
2001:db8:0:1:0:0:0:c - - [01/Dec/2024:13:31:45 +0300] "DELETE /ynluzlngt HTTP/1.1" 401 6103 "https://www.example.com/" "Mozilla/5.0 (Windows NT 10.0; Win64; x64) AppleWebKit/537.36 (KHTML, like Gecko) Chrome/62.0.3202.94 Safari/537.36"
192.168.1.4 - - [01/Dec/2024:13:31:45 +0300] "GET /iasp HTTP/1.1" 201 1375 "https://www.msn.com/" "Mozilla/5.0 (Windows NT 6.1; WOW64; Trident/7.0; AS; rv:11.0) like Gecko"
2001:db8:0:1:0:0:0:7 - - [01/Dec/2024:13:31:45 +0300] "DELETE /tpalniknx HTTP/1.1" 301 8460 "https://www.msn.com/" "Mozilla/5.0 (Windows NT 10.0; WOW64) AppleWebKit/537.36 (KHTML, like Gecko) Chrome/58.0.3029.110 Safari/537.36 OPR/45.0.2552.898"
192.168.1.23 - - [01/Dec/2024:13:31:45 +0300] "DELETE /ohirdyjz HTTP/1.1" 404 5139 "https://www.msn.com/" "Mozilla/5.0 (Windows NT 6.1; WOW64; rv:54.0) Gecko/20100101 Firefox/54.0"
2001:db8:0:1:0:0:0:2 - - [01/Dec/2024:13:31:45 +0300] "GET /lvbgcerl HTTP/1.1" 302 9861 "https://www.msn.com/" "Mozilla/5.0 (Windows NT 10.0; Win64; x64) AppleWebKit/537.36 (KHTML, like Gecko) Chrome/62.0.3202.94 Safari/537.36"
2001:db8:0:1:0:0:0:8 - - [01/Dec/2024:13:31:45 +0300] "DELETE /szswhrsqqa HTTP/1.1" 301 5407 "https://www.msn.com/" "Mozilla/5.0 (Windows NT 10.0; WOW64) AppleWebKit/537.36 (KHTML, like Gecko) Chrome/58.0.3029.110 Safari/537.36 OPR/45.0.2552.898"
192.168.1.22 - - [01/Dec/2024:13:31:45 +0300] "GET /wlnlvsrz HTTP/1.1" 200 5565 "https://www.ibm.com/" "Mozilla/5.0 (Windows NT 6.1; WOW64; rv:54.0) Gecko/20100101 Firefox/54.0"
192.168.1.33 - - [01/Dec/2024:13:31:45 +0300] "POST /iay HTTP/1.1" 400 452 "https://www.ibm.com/" "Mozilla/5.0 (Windows NT 6.1; WOW64; rv:54.0) Gecko/20100101 Firefox/54.0"
192.168.1.7 - - [01/Dec/2024:13:31:45 +0300] "GET /wzab HTTP/1.1" 401 2356 "https://www.ibm.com/" "Mozilla/5.0 (Windows NT 10.0; WOW64) AppleWebKit/537.36 (KHTML, like Gecko) Chrome/58.0.3029.110 Safari/537.36 OPR/45.0.2552.898"
192.168.1.23 - - [01/Dec/2024:13:31:45 +0300] "GET /l HTTP/1.1" 400 2736 "https://www.msn.com/" "Mozilla/5.0 (Windows NT 10.0; Win64; x64; rv:54.0) Gecko/20100101 Firefox/54.0"
192.168.1.7 - - [01/Dec/2024:13:31:45 +0300] "GET /llvqea HTTP/1.1" 201 4384 "https://www.google.com/" "Mozilla/5.0 (Windows NT 6.1; WOW64; Trident/7.0; AS; rv:11.0) like Gecko"
192.168.1.30 - - [01/Dec/2024:13:31:45 +0300] "DELETE /jnoswmkqy HTTP/1.1" 403 8193 "https://www.example.com/" "Mozilla/5.0 (Windows NT 10.0; Win64; x64) AppleWebKit/537.36 (KHTML, like Gecko) Chrome/58.0.3029.110 Safari/537.36"
192.168.1.6 - - [01/Dec/2024:13:31:45 +0300] "PUT /d HTTP/1.1" 400 5340 "https://www.msn.com/" "Mozilla/5.0 (Windows NT 6.1; WOW64; rv:54.0) Gecko/20100101 Firefox/54.0"
192.168.1.13 - - [01/Dec/2024:13:31:45 +0300] "PUT /kh HTTP/1.1" 403 224 "https://www.ibm.com/" "Mozilla/5.0 (Windows NT 10.0; Win64; x64) AppleWebKit/537.36 (KHTML, like Gecko) Chrome/58.0.3029.110 Safari/537.36"
192.168.1.37 - - [01/Dec/2024:13:31:45 +0300] "PUT /xzijmm HTTP/1.1" 403 8175 "https://www.example.com/" "Mozilla/5.0 (Windows NT 6.1; WOW64; rv:54.0) Gecko/20100101 Firefox/54.0"
192.168.1.32 - - [01/Dec/2024:13:31:45 +0300] "DELETE /uily HTTP/1.1" 201 5348 "https://www.google.com/" "Mozilla/5.0 (Windows NT 10.0; Win64; x64) AppleWebKit/537.36 (KHTML, like Gecko) Chrome/62.0.3202.94 Safari/537.36"
192.168.1.40 - - [01/Dec/2024:13:31:45 +0300] "GET /vyfif HTTP/1.1" 200 1808 "https://www.msn.com/" "Mozilla/5.0 (Windows NT 10.0; Win64; x64) AppleWebKit/537.36 (KHTML, like Gecko) Chrome/62.0.3202.94 Safari/537.36"
192.168.1.30 - - [01/Dec/2024:13:31:45 +0300] "DELETE /xvnlkwz HTTP/1.1" 302 3402 "https://www.msn.com/" "Mozilla/5.0 (Windows NT 10.0; Win64; x64; rv:54.0) Gecko/20100101 Firefox/54.0"
192.168.1.33 - - [01/Dec/2024:13:31:45 +0300] "POST /r HTTP/1.1" 401 2372 "https://www.ibm.com/" "Mozilla/5.0 (Windows NT 6.1; WOW64; Trident/7.0; AS; rv:11.0) like Gecko"
192.168.1.11 - - [01/Dec/2024:13:31:45 +0300] "PUT /ylhbgzmj HTTP/1.1" 301 1561 "https://www.ibm.com/" "Mozilla/5.0 (Windows NT 10.0; WOW64) AppleWebKit/537.36 (KHTML, like Gecko) Chrome/58.0.3029.110 Safari/537.36 OPR/45.0.2552.898"
192.168.1.27 - - [01/Dec/2024:13:31:45 +0300] "GET /g HTTP/1.1" 500 7995 "https://www.example.com/" "Mozilla/5.0 (Windows NT 10.0; Win64; x64) AppleWebKit/537.36 (KHTML, like Gecko) Chrome/62.0.3202.94 Safari/537.36"
192.168.1.8 - - [01/Dec/2024:13:31:45 +0300] "POST /x HTTP/1.1" 401 2548 "https://www.google.com/" "Mozilla/5.0 (Windows NT 6.1; WOW64; rv:54.0) Gecko/20100101 Firefox/54.0"
192.168.1.9 - - [01/Dec/2024:13:31:45 +0300] "POST /bhawcykjix HTTP/1.1" 500 2246 "https://www.msn.com/" "Mozilla/5.0 (Windows NT 6.1; WOW64; rv:54.0) Gecko/20100101 Firefox/54.0"
192.168.1.42 - - [01/Dec/2024:13:31:45 +0300] "GET /jipmr HTTP/1.1" 301 3952 "https://www.google.com/" "Mozilla/5.0 (Windows NT 6.1; WOW64; Trident/7.0; AS; rv:11.0) like Gecko"
192.168.1.17 - - [01/Dec/2024:13:31:45 +0300] "DELETE /rpwhr HTTP/1.1" 204 4489 "https://www.ibm.com/" "Mozilla/5.0 (Windows NT 10.0; WOW64) AppleWebKit/537.36 (KHTML, like Gecko) Chrome/58.0.3029.110 Safari/537.36 OPR/45.0.2552.898"
192.168.1.50 - - [01/Dec/2024:13:31:45 +0300] "POST /i HTTP/1.1" 200 7183 "https://www.google.com/" "Mozilla/5.0 (Windows NT 6.1; WOW64; rv:54.0) Gecko/20100101 Firefox/54.0"
192.168.1.15 - - [01/Dec/2024:13:31:45 +0300] "DELETE /dsdmk HTTP/1.1" 204 3510 "https://www.msn.com/" "Mozilla/5.0 (Windows NT 10.0; Win64; x64) AppleWebKit/537.36 (KHTML, like Gecko) Chrome/62.0.3202.94 Safari/537.36"
192.168.1.29 - - [01/Dec/2024:13:31:45 +0300] "POST /edx HTTP/1.1" 204 4941 "https://www.google.com/" "Mozilla/5.0 (Windows NT 10.0; Win64; x64; rv:54.0) Gecko/20100101 Firefox/54.0"
192.168.1.3 - - [01/Dec/2024:13:31:45 +0300] "PUT /vnodxrak HTTP/1.1" 204 8952 "https://www.google.com/" "Mozilla/5.0 (Windows NT 6.1; WOW64; Trident/7.0; AS; rv:11.0) like Gecko"
192.168.1.14 - - [01/Dec/2024:13:31:45 +0300] "POST /r HTTP/1.1" 301 2452 "https://www.example.com/" "Mozilla/5.0 (Windows NT 6.1; WOW64; Trident/7.0; AS; rv:11.0) like Gecko"
192.168.1.40 - - [01/Dec/2024:13:31:45 +0300] "GET /we HTTP/1.1" 200 5058 "https://www.google.com/" "Mozilla/5.0 (Windows NT 6.1; WOW64; rv:54.0) Gecko/20100101 Firefox/54.0"
192.168.1.25 - - [01/Dec/2024:13:31:45 +0300] "GET /ybbrghsunr HTTP/1.1" 201 920 "https://www.ibm.com/" "Mozilla/5.0 (Windows NT 10.0; Win64; x64) AppleWebKit/537.36 (KHTML, like Gecko) Chrome/62.0.3202.94 Safari/537.36"
2001:db8:0:1:0:0:0:5 - - [01/Dec/2024:13:31:45 +0300] "PUT /sqgzx HTTP/1.1" 204 4419 "https://www.msn.com/" "Mozilla/5.0 (Windows NT 6.1; WOW64; Trident/7.0; AS; rv:11.0) like Gecko"
192.168.1.28 - - [01/Dec/2024:13:31:45 +0300] "DELETE /zqq HTTP/1.1" 301 2716 "https://www.google.com/" "Mozilla/5.0 (Windows NT 6.1; WOW64; Trident/7.0; AS; rv:11.0) like Gecko"
2001:db8:0:1:0:0:0:c - - [01/Dec/2024:13:31:45 +0300] "POST /vmboeb HTTP/1.1" 403 1807 "https://www.google.com/" "Mozilla/5.0 (Windows NT 6.1; WOW64; Trident/7.0; AS; rv:11.0) like Gecko"
2001:db8:0:1:0:0:0:6 - - [01/Dec/2024:13:31:45 +0300] "GET /bupxyeo HTTP/1.1" 201 2873 "https://www.google.com/" "Mozilla/5.0 (Windows NT 10.0; Win64; x64) AppleWebKit/537.36 (KHTML, like Gecko) Chrome/62.0.3202.94 Safari/537.36"
2001:db8:0:1:0:0:0:7 - - [01/Dec/2024:13:31:45 +0300] "DELETE /bmzweiac HTTP/1.1" 201 3719 "https://www.ibm.com/" "Mozilla/5.0 (Windows NT 6.1; WOW64; rv:54.0) Gecko/20100101 Firefox/54.0"
192.168.1.48 - - [01/Dec/2024:13:31:45 +0300] "DELETE /ac HTTP/1.1" 500 3074 "https://www.msn.com/" "Mozilla/5.0 (Windows NT 10.0; Win64; x64) AppleWebKit/537.36 (KHTML, like Gecko) Chrome/58.0.3029.110 Safari/537.36"
192.168.1.18 - - [01/Dec/2024:13:31:45 +0300] "POST /bt HTTP/1.1" 403 6479 "https://www.msn.com/" "Mozilla/5.0 (Windows NT 10.0; Win64; x64) AppleWebKit/537.36 (KHTML, like Gecko) Chrome/62.0.3202.94 Safari/537.36"
192.168.1.39 - - [01/Dec/2024:13:31:45 +0300] "POST /wvzyye HTTP/1.1" 400 8324 "https://www.example.com/" "Mozilla/5.0 (Windows NT 6.1; WOW64; rv:54.0) Gecko/20100101 Firefox/54.0"
192.168.1.31 - - [01/Dec/2024:13:31:45 +0300] "POST /vqukaiqvcg HTTP/1.1" 201 9005 "https://www.example.com/" "Mozilla/5.0 (Windows NT 6.1; WOW64; rv:54.0) Gecko/20100101 Firefox/54.0"
2001:db8:0:1:0:0:0:3 - - [01/Dec/2024:13:31:45 +0300] "POST /bgpkino HTTP/1.1" 400 6692 "https://www.google.com/" "Mozilla/5.0 (Windows NT 10.0; WOW64) AppleWebKit/537.36 (KHTML, like Gecko) Chrome/58.0.3029.110 Safari/537.36 OPR/45.0.2552.898"
192.168.1.23 - - [01/Dec/2024:13:31:45 +0300] "POST /vlauug HTTP/1.1" 401 4884 "https://www.google.com/" "Mozilla/5.0 (Windows NT 6.1; WOW64; Trident/7.0; AS; rv:11.0) like Gecko"
192.168.1.9 - - [01/Dec/2024:13:31:45 +0300] "POST /ec HTTP/1.1" 400 3000 "https://www.example.com/" "Mozilla/5.0 (Windows NT 10.0; WOW64) AppleWebKit/537.36 (KHTML, like Gecko) Chrome/58.0.3029.110 Safari/537.36 OPR/45.0.2552.898"
192.168.1.23 - - [01/Dec/2024:13:31:45 +0300] "PUT /guewy HTTP/1.1" 403 9965 "https://www.example.com/" "Mozilla/5.0 (Windows NT 10.0; WOW64) AppleWebKit/537.36 (KHTML, like Gecko) Chrome/58.0.3029.110 Safari/537.36 OPR/45.0.2552.898"
192.168.1.34 - - [01/Dec/2024:13:31:45 +0300] "PUT /l HTTP/1.1" 400 5317 "https://www.ibm.com/" "Mozilla/5.0 (Windows NT 10.0; Win64; x64) AppleWebKit/537.36 (KHTML, like Gecko) Chrome/62.0.3202.94 Safari/537.36"
2001:db8:0:1:0:0:0:1 - - [01/Dec/2024:13:31:45 +0300] "GET /rlsthr HTTP/1.1" 200 867 "https://www.msn.com/" "Mozilla/5.0 (Windows NT 6.1; WOW64; Trident/7.0; AS; rv:11.0) like Gecko"
192.168.1.49 - - [01/Dec/2024:13:31:45 +0300] "PUT /vzck HTTP/1.1" 400 1558 "https://www.msn.com/" "Mozilla/5.0 (Windows NT 6.1; WOW64; rv:54.0) Gecko/20100101 Firefox/54.0"
192.168.1.11 - - [01/Dec/2024:13:31:45 +0300] "PUT /szphozls HTTP/1.1" 500 4624 "https://www.example.com/" "Mozilla/5.0 (Windows NT 10.0; Win64; x64) AppleWebKit/537.36 (KHTML, like Gecko) Chrome/62.0.3202.94 Safari/537.36"
192.168.1.3 - - [01/Dec/2024:13:31:45 +0300] "GET /hgxpporiv HTTP/1.1" 400 4540 "https://www.google.com/" "Mozilla/5.0 (Windows NT 10.0; Win64; x64; rv:54.0) Gecko/20100101 Firefox/54.0"
2001:db8:0:1:0:0:0:e - - [01/Dec/2024:13:31:45 +0300] "POST /lijymmfdl HTTP/1.1" 200 4139 "https://www.msn.com/" "Mozilla/5.0 (Windows NT 6.1; WOW64; rv:54.0) Gecko/20100101 Firefox/54.0"
2001:db8:0:1:0:0:0:b - - [01/Dec/2024:13:31:45 +0300] "PUT /pnafws HTTP/1.1" 301 8412 "https://www.google.com/" "Mozilla/5.0 (Windows NT 10.0; Win64; x64; rv:54.0) Gecko/20100101 Firefox/54.0"
2001:db8:0:1:0:0:0:2 - - [01/Dec/2024:13:31:45 +0300] "PUT /zupvrjb HTTP/1.1" 403 1704 "https://www.ibm.com/" "Mozilla/5.0 (Windows NT 6.1; WOW64; rv:54.0) Gecko/20100101 Firefox/54.0"
2001:db8:0:1:0:0:0:9 - - [01/Dec/2024:13:31:45 +0300] "PUT /zjrnczpdv HTTP/1.1" 401 1522 "https://www.msn.com/" "Mozilla/5.0 (Windows NT 6.1; WOW64; rv:54.0) Gecko/20100101 Firefox/54.0"
192.168.1.16 - - [01/Dec/2024:13:31:45 +0300] "POST /uvzv HTTP/1.1" 302 515 "https://www.example.com/" "Mozilla/5.0 (Windows NT 10.0; Win64; x64) AppleWebKit/537.36 (KHTML, like Gecko) Chrome/58.0.3029.110 Safari/537.36"
192.168.1.32 - - [01/Dec/2024:13:31:45 +0300] "GET /ovx HTTP/1.1" 302 1272 "https://www.google.com/" "Mozilla/5.0 (Windows NT 10.0; WOW64) AppleWebKit/537.36 (KHTML, like Gecko) Chrome/58.0.3029.110 Safari/537.36 OPR/45.0.2552.898"
192.168.1.50 - - [01/Dec/2024:13:31:45 +0300] "GET /tsu HTTP/1.1" 500 5367 "https://www.msn.com/" "Mozilla/5.0 (Windows NT 10.0; Win64; x64) AppleWebKit/537.36 (KHTML, like Gecko) Chrome/62.0.3202.94 Safari/537.36"
192.168.1.38 - - [01/Dec/2024:13:31:45 +0300] "POST /nyg HTTP/1.1" 403 8007 "https://www.example.com/" "Mozilla/5.0 (Windows NT 10.0; Win64; x64) AppleWebKit/537.36 (KHTML, like Gecko) Chrome/58.0.3029.110 Safari/537.36"
192.168.1.48 - - [01/Dec/2024:13:31:45 +0300] "DELETE /sksei HTTP/1.1" 500 4551 "https://www.ibm.com/" "Mozilla/5.0 (Windows NT 10.0; Win64; x64) AppleWebKit/537.36 (KHTML, like Gecko) Chrome/58.0.3029.110 Safari/537.36"
192.168.1.18 - - [01/Dec/2024:13:31:45 +0300] "POST /kfwhhvpjqq HTTP/1.1" 500 7543 "https://www.google.com/" "Mozilla/5.0 (Windows NT 10.0; Win64; x64) AppleWebKit/537.36 (KHTML, like Gecko) Chrome/58.0.3029.110 Safari/537.36"
192.168.1.19 - - [01/Dec/2024:13:31:45 +0300] "POST /pduknae HTTP/1.1" 200 6784 "https://www.msn.com/" "Mozilla/5.0 (Windows NT 10.0; WOW64) AppleWebKit/537.36 (KHTML, like Gecko) Chrome/58.0.3029.110 Safari/537.36 OPR/45.0.2552.898"
2001:db8:0:1:0:0:0:c - - [01/Dec/2024:13:31:45 +0300] "GET /lbctsipji HTTP/1.1" 404 947 "https://www.google.com/" "Mozilla/5.0 (Windows NT 6.1; WOW64; rv:54.0) Gecko/20100101 Firefox/54.0"
2001:db8:0:1:0:0:0:e - - [01/Dec/2024:13:31:45 +0300] "POST /bdnqbxni HTTP/1.1" 404 4462 "https://www.google.com/" "Mozilla/5.0 (Windows NT 10.0; Win64; x64) AppleWebKit/537.36 (KHTML, like Gecko) Chrome/58.0.3029.110 Safari/537.36"
192.168.1.10 - - [01/Dec/2024:13:31:45 +0300] "PUT /vm HTTP/1.1" 404 3918 "https://www.example.com/" "Mozilla/5.0 (Windows NT 10.0; Win64; x64) AppleWebKit/537.36 (KHTML, like Gecko) Chrome/58.0.3029.110 Safari/537.36"
2001:db8:0:1:0:0:0:a - - [01/Dec/2024:13:31:45 +0300] "PUT /alf HTTP/1.1" 302 2642 "https://www.msn.com/" "Mozilla/5.0 (Windows NT 10.0; Win64; x64) AppleWebKit/537.36 (KHTML, like Gecko) Chrome/58.0.3029.110 Safari/537.36"
192.168.1.37 - - [01/Dec/2024:13:31:45 +0300] "POST /yjcooel HTTP/1.1" 201 9959 "https://www.example.com/" "Mozilla/5.0 (Windows NT 6.1; WOW64; Trident/7.0; AS; rv:11.0) like Gecko"
2001:db8:0:1:0:0:0:5 - - [01/Dec/2024:13:31:45 +0300] "DELETE /uevmxsro HTTP/1.1" 500 2101 "https://www.google.com/" "Mozilla/5.0 (Windows NT 6.1; WOW64; rv:54.0) Gecko/20100101 Firefox/54.0"
2001:db8:0:1:0:0:0:1 - - [01/Dec/2024:13:31:45 +0300] "POST /l HTTP/1.1" 302 1115 "https://www.ibm.com/" "Mozilla/5.0 (Windows NT 6.1; WOW64; rv:54.0) Gecko/20100101 Firefox/54.0"
192.168.1.28 - - [01/Dec/2024:13:31:45 +0300] "POST /yxpq HTTP/1.1" 404 2835 "https://www.ibm.com/" "Mozilla/5.0 (Windows NT 10.0; Win64; x64) AppleWebKit/537.36 (KHTML, like Gecko) Chrome/62.0.3202.94 Safari/537.36"
192.168.1.5 - - [01/Dec/2024:13:31:45 +0300] "DELETE /agaisnuc HTTP/1.1" 404 2632 "https://www.google.com/" "Mozilla/5.0 (Windows NT 10.0; Win64; x64) AppleWebKit/537.36 (KHTML, like Gecko) Chrome/62.0.3202.94 Safari/537.36"
192.168.1.2 - - [01/Dec/2024:13:31:45 +0300] "GET /bj HTTP/1.1" 302 4136 "https://www.google.com/" "Mozilla/5.0 (Windows NT 6.1; WOW64; Trident/7.0; AS; rv:11.0) like Gecko"
2001:db8:0:1:0:0:0:9 - - [01/Dec/2024:13:31:45 +0300] "GET /dhyx HTTP/1.1" 204 5679 "https://www.google.com/" "Mozilla/5.0 (Windows NT 10.0; Win64; x64) AppleWebKit/537.36 (KHTML, like Gecko) Chrome/58.0.3029.110 Safari/537.36"
192.168.1.34 - - [01/Dec/2024:13:31:45 +0300] "POST /htheoxs HTTP/1.1" 204 700 "https://www.ibm.com/" "Mozilla/5.0 (Windows NT 6.1; WOW64; rv:54.0) Gecko/20100101 Firefox/54.0"
192.168.1.26 - - [01/Dec/2024:13:31:45 +0300] "GET /jxhhyng HTTP/1.1" 401 9828 "https://www.ibm.com/" "Mozilla/5.0 (Windows NT 10.0; Win64; x64; rv:54.0) Gecko/20100101 Firefox/54.0"
2001:db8:0:1:0:0:0:c - - [01/Dec/2024:13:31:45 +0300] "PUT /uznmmt HTTP/1.1" 204 9482 "https://www.ibm.com/" "Mozilla/5.0 (Windows NT 10.0; Win64; x64; rv:54.0) Gecko/20100101 Firefox/54.0"
192.168.1.18 - - [01/Dec/2024:13:31:45 +0300] "PUT /duu HTTP/1.1" 302 1000 "https://www.ibm.com/" "Mozilla/5.0 (Windows NT 6.1; WOW64; Trident/7.0; AS; rv:11.0) like Gecko"
2001:db8:0:1:0:0:0:d - - [01/Dec/2024:13:31:45 +0300] "POST /lnnri HTTP/1.1" 403 9126 "https://www.example.com/" "Mozilla/5.0 (Windows NT 10.0; Win64; x64) AppleWebKit/537.36 (KHTML, like Gecko) Chrome/58.0.3029.110 Safari/537.36"
192.168.1.44 - - [01/Dec/2024:13:31:45 +0300] "POST /rmpo HTTP/1.1" 302 5099 "https://www.google.com/" "Mozilla/5.0 (Windows NT 6.1; WOW64; Trident/7.0; AS; rv:11.0) like Gecko"
2001:db8:0:1:0:0:0:7 - - [01/Dec/2024:13:31:45 +0300] "DELETE /drgsyr HTTP/1.1" 200 3149 "https://www.google.com/" "Mozilla/5.0 (Windows NT 10.0; WOW64) AppleWebKit/537.36 (KHTML, like Gecko) Chrome/58.0.3029.110 Safari/537.36 OPR/45.0.2552.898"
192.168.1.44 - - [01/Dec/2024:13:31:45 +0300] "DELETE /hngbfv HTTP/1.1" 201 9983 "https://www.msn.com/" "Mozilla/5.0 (Windows NT 10.0; Win64; x64) AppleWebKit/537.36 (KHTML, like Gecko) Chrome/58.0.3029.110 Safari/537.36"
2001:db8:0:1:0:0:0:a - - [01/Dec/2024:13:31:45 +0300] "POST /coc HTTP/1.1" 403 6528 "https://www.example.com/" "Mozilla/5.0 (Windows NT 6.1; WOW64; rv:54.0) Gecko/20100101 Firefox/54.0"
192.168.1.39 - - [01/Dec/2024:13:31:45 +0300] "DELETE /zfgdaghi HTTP/1.1" 201 4998 "https://www.ibm.com/" "Mozilla/5.0 (Windows NT 10.0; Win64; x64; rv:54.0) Gecko/20100101 Firefox/54.0"
2001:db8:0:1:0:0:0:c - - [01/Dec/2024:13:31:45 +0300] "PUT /s HTTP/1.1" 400 9273 "https://www.ibm.com/" "Mozilla/5.0 (Windows NT 10.0; Win64; x64) AppleWebKit/537.36 (KHTML, like Gecko) Chrome/62.0.3202.94 Safari/537.36"
2001:db8:0:1:0:0:0:1 - - [01/Dec/2024:13:31:45 +0300] "POST /wjn HTTP/1.1" 401 8873 "https://www.example.com/" "Mozilla/5.0 (Windows NT 6.1; WOW64; Trident/7.0; AS; rv:11.0) like Gecko"
192.168.1.22 - - [01/Dec/2024:13:31:45 +0300] "POST /samjjpd HTTP/1.1" 400 2595 "https://www.google.com/" "Mozilla/5.0 (Windows NT 10.0; WOW64) AppleWebKit/537.36 (KHTML, like Gecko) Chrome/58.0.3029.110 Safari/537.36 OPR/45.0.2552.898"
192.168.1.16 - - [01/Dec/2024:13:31:45 +0300] "POST /mgvckl HTTP/1.1" 500 976 "https://www.example.com/" "Mozilla/5.0 (Windows NT 6.1; WOW64; rv:54.0) Gecko/20100101 Firefox/54.0"
192.168.1.36 - - [01/Dec/2024:13:31:45 +0300] "POST /mwcva HTTP/1.1" 301 1447 "https://www.google.com/" "Mozilla/5.0 (Windows NT 6.1; WOW64; Trident/7.0; AS; rv:11.0) like Gecko"
192.168.1.46 - - [01/Dec/2024:13:31:45 +0300] "PUT /fdpg HTTP/1.1" 500 7716 "https://www.msn.com/" "Mozilla/5.0 (Windows NT 10.0; Win64; x64) AppleWebKit/537.36 (KHTML, like Gecko) Chrome/58.0.3029.110 Safari/537.36"
192.168.1.50 - - [01/Dec/2024:13:31:45 +0300] "PUT /dpwzaujo HTTP/1.1" 404 2752 "https://www.msn.com/" "Mozilla/5.0 (Windows NT 10.0; Win64; x64; rv:54.0) Gecko/20100101 Firefox/54.0"
192.168.1.25 - - [01/Dec/2024:13:31:45 +0300] "POST /mswtpcmv HTTP/1.1" 500 7471 "https://www.ibm.com/" "Mozilla/5.0 (Windows NT 6.1; WOW64; Trident/7.0; AS; rv:11.0) like Gecko"
192.168.1.2 - - [01/Dec/2024:13:31:45 +0300] "GET /tokxkeor HTTP/1.1" 301 5452 "https://www.google.com/" "Mozilla/5.0 (Windows NT 6.1; WOW64; Trident/7.0; AS; rv:11.0) like Gecko"
192.168.1.41 - - [01/Dec/2024:13:31:45 +0300] "GET /hwobasqh HTTP/1.1" 301 7205 "https://www.google.com/" "Mozilla/5.0 (Windows NT 6.1; WOW64; Trident/7.0; AS; rv:11.0) like Gecko"
192.168.1.1 - - [01/Dec/2024:13:31:45 +0300] "PUT /hrmiqfzu HTTP/1.1" 204 2929 "https://www.msn.com/" "Mozilla/5.0 (Windows NT 6.1; WOW64; Trident/7.0; AS; rv:11.0) like Gecko"
192.168.1.4 - - [01/Dec/2024:13:31:45 +0300] "GET /htvnljdrso HTTP/1.1" 201 1043 "https://www.google.com/" "Mozilla/5.0 (Windows NT 6.1; WOW64; Trident/7.0; AS; rv:11.0) like Gecko"
192.168.1.13 - - [01/Dec/2024:13:31:45 +0300] "GET /htjp HTTP/1.1" 400 4709 "https://www.msn.com/" "Mozilla/5.0 (Windows NT 10.0; WOW64) AppleWebKit/537.36 (KHTML, like Gecko) Chrome/58.0.3029.110 Safari/537.36 OPR/45.0.2552.898"
192.168.1.37 - - [01/Dec/2024:13:31:45 +0300] "POST /n HTTP/1.1" 403 967 "https://www.example.com/" "Mozilla/5.0 (Windows NT 6.1; WOW64; Trident/7.0; AS; rv:11.0) like Gecko"
192.168.1.34 - - [01/Dec/2024:13:31:45 +0300] "DELETE /vckvkdtk HTTP/1.1" 302 3590 "https://www.google.com/" "Mozilla/5.0 (Windows NT 6.1; WOW64; rv:54.0) Gecko/20100101 Firefox/54.0"
2001:db8:0:1:0:0:0:5 - - [01/Dec/2024:13:31:45 +0300] "PUT /csurdnvfvr HTTP/1.1" 500 9552 "https://www.ibm.com/" "Mozilla/5.0 (Windows NT 6.1; WOW64; Trident/7.0; AS; rv:11.0) like Gecko"
192.168.1.6 - - [01/Dec/2024:13:31:45 +0300] "POST /ol HTTP/1.1" 404 186 "https://www.example.com/" "Mozilla/5.0 (Windows NT 6.1; WOW64; rv:54.0) Gecko/20100101 Firefox/54.0"
2001:db8:0:1:0:0:0:d - - [01/Dec/2024:13:31:45 +0300] "POST /xmeuubuoq HTTP/1.1" 401 4901 "https://www.ibm.com/" "Mozilla/5.0 (Windows NT 10.0; Win64; x64) AppleWebKit/537.36 (KHTML, like Gecko) Chrome/58.0.3029.110 Safari/537.36"
192.168.1.48 - - [01/Dec/2024:13:31:45 +0300] "PUT /uvgw HTTP/1.1" 204 706 "https://www.google.com/" "Mozilla/5.0 (Windows NT 6.1; WOW64; rv:54.0) Gecko/20100101 Firefox/54.0"
192.168.1.13 - - [01/Dec/2024:13:31:45 +0300] "POST /z HTTP/1.1" 302 5957 "https://www.example.com/" "Mozilla/5.0 (Windows NT 10.0; WOW64) AppleWebKit/537.36 (KHTML, like Gecko) Chrome/58.0.3029.110 Safari/537.36 OPR/45.0.2552.898"
192.168.1.50 - - [01/Dec/2024:13:31:45 +0300] "POST /r HTTP/1.1" 403 2556 "https://www.ibm.com/" "Mozilla/5.0 (Windows NT 10.0; Win64; x64) AppleWebKit/537.36 (KHTML, like Gecko) Chrome/58.0.3029.110 Safari/537.36"
2001:db8:0:1:0:0:0:1 - - [01/Dec/2024:13:31:45 +0300] "POST /ynjtxi HTTP/1.1" 403 5983 "https://www.google.com/" "Mozilla/5.0 (Windows NT 10.0; Win64; x64; rv:54.0) Gecko/20100101 Firefox/54.0"
2001:db8:0:1:0:0:0:5 - - [01/Dec/2024:13:31:45 +0300] "GET /yjiya HTTP/1.1" 404 5617 "https://www.example.com/" "Mozilla/5.0 (Windows NT 10.0; Win64; x64) AppleWebKit/537.36 (KHTML, like Gecko) Chrome/62.0.3202.94 Safari/537.36"
192.168.1.5 - - [01/Dec/2024:13:31:45 +0300] "POST /gdpd HTTP/1.1" 301 9431 "https://www.msn.com/" "Mozilla/5.0 (Windows NT 10.0; Win64; x64; rv:54.0) Gecko/20100101 Firefox/54.0"
192.168.1.18 - - [01/Dec/2024:13:31:45 +0300] "POST /eejw HTTP/1.1" 404 6576 "https://www.msn.com/" "Mozilla/5.0 (Windows NT 10.0; Win64; x64) AppleWebKit/537.36 (KHTML, like Gecko) Chrome/62.0.3202.94 Safari/537.36"
192.168.1.25 - - [01/Dec/2024:13:31:45 +0300] "PUT /so HTTP/1.1" 401 4658 "https://www.example.com/" "Mozilla/5.0 (Windows NT 6.1; WOW64; Trident/7.0; AS; rv:11.0) like Gecko"
192.168.1.13 - - [01/Dec/2024:13:31:45 +0300] "PUT /qmmsf HTTP/1.1" 201 2871 "https://www.msn.com/" "Mozilla/5.0 (Windows NT 10.0; Win64; x64) AppleWebKit/537.36 (KHTML, like Gecko) Chrome/62.0.3202.94 Safari/537.36"
2001:db8:0:1:0:0:0:2 - - [01/Dec/2024:13:31:45 +0300] "PUT /l HTTP/1.1" 200 6774 "https://www.msn.com/" "Mozilla/5.0 (Windows NT 10.0; Win64; x64) AppleWebKit/537.36 (KHTML, like Gecko) Chrome/58.0.3029.110 Safari/537.36"
192.168.1.44 - - [01/Dec/2024:13:31:45 +0300] "DELETE /orbt HTTP/1.1" 201 8464 "https://www.msn.com/" "Mozilla/5.0 (Windows NT 10.0; Win64; x64) AppleWebKit/537.36 (KHTML, like Gecko) Chrome/58.0.3029.110 Safari/537.36"
192.168.1.43 - - [01/Dec/2024:13:31:45 +0300] "PUT /htyn HTTP/1.1" 500 3612 "https://www.example.com/" "Mozilla/5.0 (Windows NT 10.0; Win64; x64; rv:54.0) Gecko/20100101 Firefox/54.0"
192.168.1.3 - - [01/Dec/2024:13:31:45 +0300] "DELETE /fowanbm HTTP/1.1" 400 9032 "https://www.google.com/" "Mozilla/5.0 (Windows NT 10.0; WOW64) AppleWebKit/537.36 (KHTML, like Gecko) Chrome/58.0.3029.110 Safari/537.36 OPR/45.0.2552.898"
192.168.1.48 - - [01/Dec/2024:13:31:45 +0300] "DELETE /rqyuj HTTP/1.1" 301 6379 "https://www.msn.com/" "Mozilla/5.0 (Windows NT 6.1; WOW64; Trident/7.0; AS; rv:11.0) like Gecko"
2001:db8:0:1:0:0:0:b - - [01/Dec/2024:13:31:45 +0300] "DELETE /e HTTP/1.1" 400 6193 "https://www.google.com/" "Mozilla/5.0 (Windows NT 6.1; WOW64; rv:54.0) Gecko/20100101 Firefox/54.0"
192.168.1.8 - - [01/Dec/2024:13:31:45 +0300] "POST /sqizbcfi HTTP/1.1" 204 9432 "https://www.ibm.com/" "Mozilla/5.0 (Windows NT 10.0; Win64; x64) AppleWebKit/537.36 (KHTML, like Gecko) Chrome/58.0.3029.110 Safari/537.36"
2001:db8:0:1:0:0:0:b - - [01/Dec/2024:13:31:45 +0300] "PUT /upzruw HTTP/1.1" 201 3247 "https://www.google.com/" "Mozilla/5.0 (Windows NT 10.0; WOW64) AppleWebKit/537.36 (KHTML, like Gecko) Chrome/58.0.3029.110 Safari/537.36 OPR/45.0.2552.898"
2001:db8:0:1:0:0:0:5 - - [01/Dec/2024:13:31:45 +0300] "POST /x HTTP/1.1" 302 7879 "https://www.google.com/" "Mozilla/5.0 (Windows NT 10.0; Win64; x64; rv:54.0) Gecko/20100101 Firefox/54.0"
192.168.1.11 - - [01/Dec/2024:13:31:45 +0300] "POST /svcc HTTP/1.1" 200 8324 "https://www.ibm.com/" "Mozilla/5.0 (Windows NT 10.0; Win64; x64) AppleWebKit/537.36 (KHTML, like Gecko) Chrome/58.0.3029.110 Safari/537.36"
192.168.1.42 - - [01/Dec/2024:13:31:45 +0300] "DELETE /igzqqn HTTP/1.1" 201 1398 "https://www.example.com/" "Mozilla/5.0 (Windows NT 6.1; WOW64; Trident/7.0; AS; rv:11.0) like Gecko"
192.168.1.32 - - [01/Dec/2024:13:31:45 +0300] "DELETE /hvrnrl HTTP/1.1" 204 8534 "https://www.msn.com/" "Mozilla/5.0 (Windows NT 10.0; Win64; x64) AppleWebKit/537.36 (KHTML, like Gecko) Chrome/58.0.3029.110 Safari/537.36"
192.168.1.9 - - [01/Dec/2024:13:31:45 +0300] "PUT /gmgjhxdzhz HTTP/1.1" 200 3542 "https://www.example.com/" "Mozilla/5.0 (Windows NT 10.0; WOW64) AppleWebKit/537.36 (KHTML, like Gecko) Chrome/58.0.3029.110 Safari/537.36 OPR/45.0.2552.898"
192.168.1.14 - - [01/Dec/2024:13:31:45 +0300] "POST /szvrcze HTTP/1.1" 401 9491 "https://www.ibm.com/" "Mozilla/5.0 (Windows NT 10.0; Win64; x64) AppleWebKit/537.36 (KHTML, like Gecko) Chrome/62.0.3202.94 Safari/537.36"
192.168.1.26 - - [01/Dec/2024:13:31:45 +0300] "POST /ub HTTP/1.1" 400 9729 "https://www.ibm.com/" "Mozilla/5.0 (Windows NT 6.1; WOW64; rv:54.0) Gecko/20100101 Firefox/54.0"
192.168.1.34 - - [01/Dec/2024:13:31:45 +0300] "PUT /gn HTTP/1.1" 204 5245 "https://www.ibm.com/" "Mozilla/5.0 (Windows NT 10.0; Win64; x64) AppleWebKit/537.36 (KHTML, like Gecko) Chrome/58.0.3029.110 Safari/537.36"
192.168.1.46 - - [01/Dec/2024:13:31:45 +0300] "DELETE /sad HTTP/1.1" 201 4335 "https://www.ibm.com/" "Mozilla/5.0 (Windows NT 10.0; Win64; x64) AppleWebKit/537.36 (KHTML, like Gecko) Chrome/58.0.3029.110 Safari/537.36"
192.168.1.14 - - [01/Dec/2024:13:31:45 +0300] "GET /xkj HTTP/1.1" 401 8741 "https://www.google.com/" "Mozilla/5.0 (Windows NT 10.0; Win64; x64) AppleWebKit/537.36 (KHTML, like Gecko) Chrome/62.0.3202.94 Safari/537.36"
192.168.1.10 - - [01/Dec/2024:13:31:45 +0300] "DELETE /dxzlkhybbf HTTP/1.1" 204 8985 "https://www.ibm.com/" "Mozilla/5.0 (Windows NT 10.0; Win64; x64; rv:54.0) Gecko/20100101 Firefox/54.0"
192.168.1.2 - - [01/Dec/2024:13:31:45 +0300] "POST /rrhlk HTTP/1.1" 201 210 "https://www.example.com/" "Mozilla/5.0 (Windows NT 10.0; Win64; x64; rv:54.0) Gecko/20100101 Firefox/54.0"
192.168.1.44 - - [01/Dec/2024:13:31:45 +0300] "PUT /kgoz HTTP/1.1" 200 1478 "https://www.google.com/" "Mozilla/5.0 (Windows NT 6.1; WOW64; rv:54.0) Gecko/20100101 Firefox/54.0"
192.168.1.9 - - [01/Dec/2024:13:31:45 +0300] "GET /zkuzqi HTTP/1.1" 401 5049 "https://www.example.com/" "Mozilla/5.0 (Windows NT 10.0; Win64; x64; rv:54.0) Gecko/20100101 Firefox/54.0"
192.168.1.46 - - [01/Dec/2024:13:31:45 +0300] "PUT /h HTTP/1.1" 500 9178 "https://www.ibm.com/" "Mozilla/5.0 (Windows NT 10.0; Win64; x64) AppleWebKit/537.36 (KHTML, like Gecko) Chrome/58.0.3029.110 Safari/537.36"
192.168.1.14 - - [01/Dec/2024:13:31:45 +0300] "GET /itvrnj HTTP/1.1" 200 9890 "https://www.google.com/" "Mozilla/5.0 (Windows NT 6.1; WOW64; Trident/7.0; AS; rv:11.0) like Gecko"
2001:db8:0:1:0:0:0:3 - - [01/Dec/2024:13:31:45 +0300] "POST /habss HTTP/1.1" 500 7033 "https://www.msn.com/" "Mozilla/5.0 (Windows NT 10.0; Win64; x64) AppleWebKit/537.36 (KHTML, like Gecko) Chrome/58.0.3029.110 Safari/537.36"
192.168.1.43 - - [01/Dec/2024:13:31:45 +0300] "GET /mtclzc HTTP/1.1" 200 1906 "https://www.google.com/" "Mozilla/5.0 (Windows NT 10.0; Win64; x64) AppleWebKit/537.36 (KHTML, like Gecko) Chrome/58.0.3029.110 Safari/537.36"
192.168.1.33 - - [01/Dec/2024:13:31:45 +0300] "POST /txxzdann HTTP/1.1" 302 3610 "https://www.msn.com/" "Mozilla/5.0 (Windows NT 10.0; WOW64) AppleWebKit/537.36 (KHTML, like Gecko) Chrome/58.0.3029.110 Safari/537.36 OPR/45.0.2552.898"
192.168.1.33 - - [01/Dec/2024:13:31:45 +0300] "POST /swludrc HTTP/1.1" 401 6432 "https://www.msn.com/" "Mozilla/5.0 (Windows NT 10.0; WOW64) AppleWebKit/537.36 (KHTML, like Gecko) Chrome/58.0.3029.110 Safari/537.36 OPR/45.0.2552.898"
2001:db8:0:1:0:0:0:5 - - [01/Dec/2024:13:31:45 +0300] "POST /iqb HTTP/1.1" 302 4781 "https://www.ibm.com/" "Mozilla/5.0 (Windows NT 10.0; Win64; x64) AppleWebKit/537.36 (KHTML, like Gecko) Chrome/58.0.3029.110 Safari/537.36"
192.168.1.21 - - [01/Dec/2024:13:31:45 +0300] "PUT /zv HTTP/1.1" 301 9421 "https://www.ibm.com/" "Mozilla/5.0 (Windows NT 6.1; WOW64; Trident/7.0; AS; rv:11.0) like Gecko"
192.168.1.41 - - [01/Dec/2024:13:31:45 +0300] "DELETE /ejaf HTTP/1.1" 301 8220 "https://www.msn.com/" "Mozilla/5.0 (Windows NT 6.1; WOW64; Trident/7.0; AS; rv:11.0) like Gecko"
192.168.1.1 - - [01/Dec/2024:13:31:45 +0300] "DELETE /jqm HTTP/1.1" 200 6291 "https://www.example.com/" "Mozilla/5.0 (Windows NT 6.1; WOW64; Trident/7.0; AS; rv:11.0) like Gecko"
192.168.1.38 - - [01/Dec/2024:13:31:45 +0300] "GET /nhspzr HTTP/1.1" 200 4504 "https://www.ibm.com/" "Mozilla/5.0 (Windows NT 6.1; WOW64; Trident/7.0; AS; rv:11.0) like Gecko"
192.168.1.15 - - [01/Dec/2024:13:31:45 +0300] "GET /pvwfvx HTTP/1.1" 401 7945 "https://www.ibm.com/" "Mozilla/5.0 (Windows NT 10.0; Win64; x64) AppleWebKit/537.36 (KHTML, like Gecko) Chrome/58.0.3029.110 Safari/537.36"
192.168.1.25 - - [01/Dec/2024:13:31:45 +0300] "PUT /qk HTTP/1.1" 301 3489 "https://www.ibm.com/" "Mozilla/5.0 (Windows NT 10.0; Win64; x64) AppleWebKit/537.36 (KHTML, like Gecko) Chrome/58.0.3029.110 Safari/537.36"
192.168.1.37 - - [01/Dec/2024:13:31:45 +0300] "PUT /ylvzj HTTP/1.1" 500 1172 "https://www.google.com/" "Mozilla/5.0 (Windows NT 6.1; WOW64; rv:54.0) Gecko/20100101 Firefox/54.0"
192.168.1.23 - - [01/Dec/2024:13:31:45 +0300] "PUT /evjpy HTTP/1.1" 404 4854 "https://www.example.com/" "Mozilla/5.0 (Windows NT 10.0; Win64; x64) AppleWebKit/537.36 (KHTML, like Gecko) Chrome/58.0.3029.110 Safari/537.36"
192.168.1.16 - - [01/Dec/2024:13:31:45 +0300] "PUT /hlpyhryepv HTTP/1.1" 401 5831 "https://www.ibm.com/" "Mozilla/5.0 (Windows NT 6.1; WOW64; Trident/7.0; AS; rv:11.0) like Gecko"
2001:db8:0:1:0:0:0:2 - - [01/Dec/2024:13:31:45 +0300] "DELETE /wtixnwjbv HTTP/1.1" 200 2683 "https://www.example.com/" "Mozilla/5.0 (Windows NT 10.0; Win64; x64; rv:54.0) Gecko/20100101 Firefox/54.0"
192.168.1.16 - - [01/Dec/2024:13:31:45 +0300] "POST /uvnmuvme HTTP/1.1" 301 2702 "https://www.example.com/" "Mozilla/5.0 (Windows NT 10.0; Win64; x64) AppleWebKit/537.36 (KHTML, like Gecko) Chrome/58.0.3029.110 Safari/537.36"
192.168.1.20 - - [01/Dec/2024:13:31:45 +0300] "GET /mvyvookdq HTTP/1.1" 302 8954 "https://www.example.com/" "Mozilla/5.0 (Windows NT 10.0; Win64; x64) AppleWebKit/537.36 (KHTML, like Gecko) Chrome/62.0.3202.94 Safari/537.36"
192.168.1.18 - - [01/Dec/2024:13:31:45 +0300] "GET /v HTTP/1.1" 301 7588 "https://www.google.com/" "Mozilla/5.0 (Windows NT 6.1; WOW64; Trident/7.0; AS; rv:11.0) like Gecko"
192.168.1.16 - - [01/Dec/2024:13:31:45 +0300] "POST /ujkmolvvp HTTP/1.1" 400 583 "https://www.example.com/" "Mozilla/5.0 (Windows NT 6.1; WOW64; rv:54.0) Gecko/20100101 Firefox/54.0"
192.168.1.40 - - [01/Dec/2024:13:31:45 +0300] "DELETE /hhxupooaeu HTTP/1.1" 401 1356 "https://www.example.com/" "Mozilla/5.0 (Windows NT 10.0; Win64; x64) AppleWebKit/537.36 (KHTML, like Gecko) Chrome/58.0.3029.110 Safari/537.36"
192.168.1.46 - - [01/Dec/2024:13:31:45 +0300] "PUT /wadmdx HTTP/1.1" 403 1228 "https://www.ibm.com/" "Mozilla/5.0 (Windows NT 10.0; WOW64) AppleWebKit/537.36 (KHTML, like Gecko) Chrome/58.0.3029.110 Safari/537.36 OPR/45.0.2552.898"
192.168.1.20 - - [01/Dec/2024:13:31:45 +0300] "PUT /kgpvwba HTTP/1.1" 401 6714 "https://www.msn.com/" "Mozilla/5.0 (Windows NT 10.0; WOW64) AppleWebKit/537.36 (KHTML, like Gecko) Chrome/58.0.3029.110 Safari/537.36 OPR/45.0.2552.898"
192.168.1.32 - - [01/Dec/2024:13:31:45 +0300] "GET /mnsy HTTP/1.1" 400 341 "https://www.google.com/" "Mozilla/5.0 (Windows NT 10.0; Win64; x64) AppleWebKit/537.36 (KHTML, like Gecko) Chrome/58.0.3029.110 Safari/537.36"
192.168.1.27 - - [01/Dec/2024:13:31:45 +0300] "GET /hfv HTTP/1.1" 204 2067 "https://www.ibm.com/" "Mozilla/5.0 (Windows NT 6.1; WOW64; Trident/7.0; AS; rv:11.0) like Gecko"
2001:db8:0:1:0:0:0:b - - [01/Dec/2024:13:31:45 +0300] "POST /rgutha HTTP/1.1" 201 7637 "https://www.ibm.com/" "Mozilla/5.0 (Windows NT 10.0; Win64; x64; rv:54.0) Gecko/20100101 Firefox/54.0"
